[    0.000000] Initializing cgroup subsys cpuset
[    0.000000] Initializing cgroup subsys cpu
[    0.000000] Initializing cgroup subsys cpuacct
[    0.000000] Linux version 4.4.0-98-generic (buildd@lcy01-03) (gcc version 5.4.0 20160609 (Ubuntu 5.4.0-6ubuntu1~16.04.4) ) #121-Ubuntu SMP Tue Oct 10 14:24:03 UTC 2017 (Ubuntu 4.4.0-98.121-generic 4.4.90)
[    0.000000] Command line: BOOT_IMAGE=/boot/vmlinuz-4.4.0-98-generic root=UUID=d7006b2f-ace6-464d-8b21-17180b3ed360 ro console=tty1 console=ttyS0
[    0.000000] KERNEL supported cpus:
[    0.000000]   Intel GenuineIntel
[    0.000000]   AMD AuthenticAMD
[    0.000000]   Centaur CentaurHauls
[    0.000000] x86/fpu: xstate_offset[2]:  576, xstate_sizes[2]:  256
[    0.000000] x86/fpu: Supporting XSAVE feature 0x01: 'x87 floating point registers'
[    0.000000] x86/fpu: Supporting XSAVE feature 0x02: 'SSE registers'
[    0.000000] x86/fpu: Supporting XSAVE feature 0x04: 'AVX registers'
[    0.000000] x86/fpu: Enabled xstate features 0x7, context size is 832 bytes, using 'standard' format.
[    0.000000] x86/fpu: Using 'lazy' FPU context switches.
[    0.000000] e820: BIOS-provided physical RAM map:
[    0.000000] BIOS-e820: [mem 0x0000000000000000-0x000000000009fbff] usable
[    0.000000] BIOS-e820: [mem 0x000000000009fc00-0x000000000009ffff] reserved
[    0.000000] BIOS-e820: [mem 0x00000000000f0000-0x00000000000fffff] reserved
[    0.000000] BIOS-e820: [mem 0x0000000000100000-0x000000003ffeffff] usable
[    0.000000] BIOS-e820: [mem 0x000000003fff0000-0x000000003fffffff] ACPI data
[    0.000000] BIOS-e820: [mem 0x00000000fec00000-0x00000000fec00fff] reserved
[    0.000000] BIOS-e820: [mem 0x00000000fee00000-0x00000000fee00fff] reserved
[    0.000000] BIOS-e820: [mem 0x00000000fffc0000-0x00000000ffffffff] reserved
[    0.000000] NX (Execute Disable) protection: active
[    0.000000] SMBIOS 2.5 present.
[    0.000000] Hypervisor detected: KVM
[    0.000000] e820: last_pfn = 0x3fff0 max_arch_pfn = 0x400000000
[    0.000000] MTRR: Disabled
[    0.000000] x86/PAT: MTRRs disabled, skipping PAT initialization too.
[    0.000000] CPU MTRRs all blank - virtualized system.
[    0.000000] x86/PAT: Configuration [0-7]: WB  WT  UC- UC  WB  WT  UC- UC  
[    0.000000] found SMP MP-table at [mem 0x0009fff0-0x0009ffff] mapped at [ffff88000009fff0]
[    0.000000] Scanning 1 areas for low memory corruption
[    0.000000] RAMDISK: [mem 0x3622e000-0x3710efff]
[    0.000000] ACPI: Early table checksum verification disabled
[    0.000000] ACPI: RSDP 0x00000000000E0000 000024 (v02 VBOX  )
[    0.000000] ACPI: XSDT 0x000000003FFF0030 00003C (v01 VBOX   VBOXXSDT 00000001 ASL  00000061)
[    0.000000] ACPI: FACP 0x000000003FFF00F0 0000F4 (v04 VBOX   VBOXFACP 00000001 ASL  00000061)
[    0.000000] ACPI: DSDT 0x000000003FFF0470 0021FF (v02 VBOX   VBOXBIOS 00000002 INTL 20100528)
[    0.000000] ACPI: FACS 0x000000003FFF0200 000040
[    0.000000] ACPI: FACS 0x000000003FFF0200 000040
[    0.000000] ACPI: APIC 0x000000003FFF0240 00005C (v02 VBOX   VBOXAPIC 00000001 ASL  00000061)
[    0.000000] ACPI: SSDT 0x000000003FFF02A0 0001CC (v01 VBOX   VBOXCPUT 00000002 INTL 20100528)
[    0.000000] No NUMA configuration found
[    0.000000] Faking a node at [mem 0x0000000000000000-0x000000003ffeffff]
[    0.000000] NODE_DATA(0) allocated [mem 0x3ffeb000-0x3ffeffff]
[    0.000000] kvm-clock: Using msrs 4b564d01 and 4b564d00
[    0.000000] kvm-clock: cpu 0, msr 0:3ffe3001, primary cpu clock
[    0.000000] kvm-clock: using sched offset of 4386264990 cycles
[    0.000000] clocksource: kvm-clock: mask: 0xffffffffffffffff max_cycles: 0x1cd42e4dffb, max_idle_ns: 881590591483 ns
[    0.000000] Zone ranges:
[    0.000000]   DMA      [mem 0x0000000000001000-0x0000000000ffffff]
[    0.000000]   DMA32    [mem 0x0000000001000000-0x000000003ffeffff]
[    0.000000]   Normal   empty
[    0.000000]   Device   empty
[    0.000000] Movable zone start for each node
[    0.000000] Early memory node ranges
[    0.000000]   node   0: [mem 0x0000000000001000-0x000000000009efff]
[    0.000000]   node   0: [mem 0x0000000000100000-0x000000003ffeffff]
[    0.000000] Initmem setup node 0 [mem 0x0000000000001000-0x000000003ffeffff]
[    0.000000] ACPI: PM-Timer IO Port: 0x4008
[    0.000000] IOAPIC[0]: apic_id 2, version 32, address 0xfec00000, GSI 0-23
[    0.000000] ACPI: INT_SRC_OVR (bus 0 bus_irq 0 global_irq 2 dfl dfl)
[    0.000000] ACPI: INT_SRC_OVR (bus 0 bus_irq 9 global_irq 9 high level)
[    0.000000] Using ACPI (MADT) for SMP configuration information
[    0.000000] smpboot: Allowing 2 CPUs, 0 hotplug CPUs
[    0.000000] PM: Registered nosave memory: [mem 0x00000000-0x00000fff]
[    0.000000] PM: Registered nosave memory: [mem 0x0009f000-0x0009ffff]
[    0.000000] PM: Registered nosave memory: [mem 0x000a0000-0x000effff]
[    0.000000] PM: Registered nosave memory: [mem 0x000f0000-0x000fffff]
[    0.000000] e820: [mem 0x40000000-0xfebfffff] available for PCI devices
[    0.000000] Booting paravirtualized kernel on KVM
[    0.000000] clocksource: refined-jiffies: mask: 0xffffffff max_cycles: 0xffffffff, max_idle_ns: 7645519600211568 ns
[    0.000000] setup_percpu: NR_CPUS:512 nr_cpumask_bits:512 nr_cpu_ids:2 nr_node_ids:1
[    0.000000] PERCPU: Embedded 34 pages/cpu @ffff88003fc00000 s98328 r8192 d32744 u1048576
[    0.000000] PV qspinlock hash table entries: 256 (order: 0, 4096 bytes)
[    0.000000] Built 1 zonelists in Node order, mobility grouping on.  Total pages: 257913
[    0.000000] Policy zone: DMA32
[    0.000000] Kernel command line: BOOT_IMAGE=/boot/vmlinuz-4.4.0-98-generic root=UUID=d7006b2f-ace6-464d-8b21-17180b3ed360 ro console=tty1 console=ttyS0
[    0.000000] PID hash table entries: 4096 (order: 3, 32768 bytes)
[    0.000000] Memory: 997328K/1048120K available (8484K kernel code, 1294K rwdata, 3988K rodata, 1492K init, 1316K bss, 50792K reserved, 0K cma-reserved)
[    0.000000] SLUB: HWalign=64, Order=0-3, MinObjects=0, CPUs=2, Nodes=1
[    0.000000] Hierarchical RCU implementation.
[    0.000000] 	Build-time adjustment of leaf fanout to 64.
[    0.000000] 	RCU restricting CPUs from NR_CPUS=512 to nr_cpu_ids=2.
[    0.000000] RCU: Adjusting geometry for rcu_fanout_leaf=64, nr_cpu_ids=2
[    0.000000] NR_IRQS:33024 nr_irqs:440 16
[    0.000000] Console: colour VGA+ 80x25
[    0.000000] console [tty1] enabled
[    0.000000] console [ttyS0] enabled
[    0.000000] tsc: Detected 2304.000 MHz processor
[    4.212702] Calibrating delay loop (skipped) preset value.. 4608.00 BogoMIPS (lpj=9216000)
[    4.214243] pid_max: default: 32768 minimum: 301
[    4.264261] ACPI: Core revision 20150930
[    4.312111] ACPI: 2 ACPI AML tables successfully acquired and loaded
[    4.360257] Security Framework initialized
[    4.404296] Yama: becoming mindful.
[    4.448718] AppArmor: AppArmor initialized
[    4.504966] Dentry cache hash table entries: 131072 (order: 8, 1048576 bytes)
[    4.580547] Inode-cache hash table entries: 65536 (order: 7, 524288 bytes)
[    4.651204] Mount-cache hash table entries: 2048 (order: 2, 16384 bytes)
[    4.714553] Mountpoint-cache hash table entries: 2048 (order: 2, 16384 bytes)
[    4.798562] Initializing cgroup subsys io
[    4.856728] Initializing cgroup subsys memory
[    4.912399] Initializing cgroup subsys devices
[    4.974270] Initializing cgroup subsys freezer
[    5.032901] Initializing cgroup subsys net_cls
[    5.081151] Initializing cgroup subsys perf_event
[    5.081998] Initializing cgroup subsys net_prio
[    5.082832] Initializing cgroup subsys hugetlb
[    5.136182] Initializing cgroup subsys pids
[    5.151447] CPU: Physical Processor ID: 0
[    5.152226] CPU: Processor Core ID: 0
[    5.191085] mce: CPU supports 0 MCE banks
[    5.197593] Last level iTLB entries: 4KB 64, 2MB 8, 4MB 8
[    5.213057] Last level dTLB entries: 4KB 64, 2MB 0, 4MB 0, 1GB 4
[    5.273490] Freeing SMP alternatives memory: 32K
[    5.320002] ftrace: allocating 32154 entries in 126 pages
[    5.428442] smpboot: APIC(0) Converting physical 0 to logical package 0
[    5.489579] smpboot: Max logical packages: 1
[    5.536812] x2apic enabled
[    5.565018] Switched APIC routing to physical x2apic.
[    5.606688] ..TIMER: vector=0x30 apic1=0 pin1=2 apic2=-1 pin2=-1
[    5.780689] smpboot: CPU0: Intel(R) Core(TM) i5-7360U CPU @ 2.30GHz (family: 0x6, model: 0x8e, stepping: 0x9)
[    5.910657] Performance Events: unsupported p6 CPU model 142 no PMU driver, software events only.
[    6.008097] KVM setup paravirtual spinlock
[    6.071767] x86: Booting SMP configuration:
[    6.110846] .... node  #0, CPUs:      #1
[    6.158803] kvm-clock: cpu 1, msr 0:3ffe3041, secondary cpu clock
[    6.160651] mce: CPU supports 0 MCE banks
[    6.163177] x86: Booted up 1 node, 2 CPUs
[    6.201476] smpboot: Total of 2 processors activated (9216.00 BogoMIPS)
[    6.225631] devtmpfs: initialized
[    6.261144] evm: security.selinux
[    6.304142] evm: security.SMACK64
[    6.338818] evm: security.SMACK64EXEC
[    6.375028] evm: security.SMACK64TRANSMUTE
[    6.416606] evm: security.SMACK64MMAP
[    6.417301] evm: security.ima
[    6.417899] evm: security.capability
[    6.418759] clocksource: jiffies: mask: 0xffffffff max_cycles: 0xffffffff, max_idle_ns: 7645041785100000 ns
[    6.443000] futex hash table entries: 512 (order: 3, 32768 bytes)
[    6.444168] pinctrl core: initialized pinctrl subsystem
[    6.493361] RTC time:  8:00:30, date: 11/02/17
[    6.530493] NET: Registered protocol family 16
[    6.593956] cpuidle: using governor ladder
[    6.654179] cpuidle: using governor menu
[    6.701777] PCCT header not found.
[    6.702511] ACPI: bus type PCI registered
[    6.703253] acpiphp: ACPI Hot Plug PCI Controller Driver version: 0.5
[    6.704404] PCI: Using configuration type 1 for base access
[    6.723167] ACPI: Added _OSI(Module Device)
[    6.769850] ACPI: Added _OSI(Processor Device)
[    6.827744] ACPI: Added _OSI(3.0 _SCP Extensions)
[    6.876261] ACPI: Added _OSI(Processor Aggregator Device)
[    6.917340] ACPI: Executed 1 blocks of module-level executable AML code
[    6.962588] ACPI: Interpreter enabled
[    7.000858] ACPI: (supports S0 S5)
[    7.030919] ACPI: Using IOAPIC for interrupt routing
[    7.066825] PCI: Using host bridge windows from ACPI; if necessary, use "pci=nocrs" and report a bug
[    7.177088] ACPI: PCI Root Bridge [PCI0] (domain 0000 [bus 00-ff])
[    7.239560] acpi PNP0A03:00: _OSC: OS supports [ASPM ClockPM Segments MSI]
[    7.313349] acpi PNP0A03:00: _OSC: not requesting OS control; OS requires [ExtendedConfig ASPM ClockPM MSI]
[    7.334519] acpi PNP0A03:00: fail to add MMCONFIG information, can't access extended PCI configuration space under this bridge.
[    7.447564] PCI host bridge to bus 0000:00
[    7.489389] pci_bus 0000:00: root bus resource [io  0x0000-0x0cf7 window]
[    7.550848] pci_bus 0000:00: root bus resource [io  0x0d00-0xffff window]
[    7.603723] pci_bus 0000:00: root bus resource [mem 0x000a0000-0x000bffff window]
[    7.640253] pci_bus 0000:00: root bus resource [mem 0x40000000-0xffdfffff window]
[    7.709899] pci_bus 0000:00: root bus resource [bus 00-ff]
[    7.788752] pci 0000:00:01.1: legacy IDE quirk: reg 0x10: [io  0x01f0-0x01f7]
[    7.868300] pci 0000:00:01.1: legacy IDE quirk: reg 0x14: [io  0x03f6]
[    7.913247] pci 0000:00:01.1: legacy IDE quirk: reg 0x18: [io  0x0170-0x0177]
[    7.984806] pci 0000:00:01.1: legacy IDE quirk: reg 0x1c: [io  0x0376]
[    8.054687] pci 0000:00:07.0: quirk: [io  0x4000-0x403f] claimed by PIIX4 ACPI
[    8.126627] pci 0000:00:07.0: quirk: [io  0x4100-0x410f] claimed by PIIX4 SMB
[    8.169181] ACPI: PCI Interrupt Link [LNKA] (IRQs 5 9 10 *11)
[    8.238795] ACPI: PCI Interrupt Link [LNKB] (IRQs 5 9 10 *11)
[    8.298343] ACPI: PCI Interrupt Link [LNKC] (IRQs 5 9 *10 11)
[    8.351832] ACPI: PCI Interrupt Link [LNKD] (IRQs 5 *9 10 11)
[    8.378586] ACPI: Enabled 2 GPEs in block 00 to 07
[    8.443238] vgaarb: setting as boot device: PCI:0000:00:02.0
[    8.506965] vgaarb: device added: PCI:0000:00:02.0,decodes=io+mem,owns=io+mem,locks=none
[    8.587871] vgaarb: loaded
[    8.613007] vgaarb: bridge control possible 0000:00:02.0
[    8.668811] SCSI subsystem initialized
[    8.704293] ACPI: bus type USB registered
[    8.727697] usbcore: registered new interface driver usbfs
[    8.796570] usbcore: registered new interface driver hub
[    8.841613] usbcore: registered new device driver usb
[    8.892503] PCI: Using ACPI for IRQ routing
[    8.930705] NetLabel: Initializing
[    8.964520] NetLabel:  domain hash size = 128
[    9.009492] NetLabel:  protocols = UNLABELED CIPSOv4
[    9.050182] NetLabel:  unlabeled traffic allowed by default
[    9.095359] amd_nb: Cannot enumerate AMD northbridges
[    9.135544] clocksource: Switched to clocksource kvm-clock
[    9.215139] AppArmor: AppArmor Filesystem Enabled
[    9.315830] pnp: PnP ACPI init
[    9.389645] pnp: PnP ACPI: found 3 devices
[    9.477330] clocksource: acpi_pm: mask: 0xffffff max_cycles: 0xffffff, max_idle_ns: 2085701024 ns
[    9.650281] NET: Registered protocol family 2
[    9.748651] TCP established hash table entries: 8192 (order: 4, 65536 bytes)
[    9.760356] TCP bind hash table entries: 8192 (order: 5, 131072 bytes)
[    9.820654] TCP: Hash tables configured (established 8192 bind 8192)
[    9.950416] UDP hash table entries: 512 (order: 2, 16384 bytes)
[   10.041895] UDP-Lite hash table entries: 512 (order: 2, 16384 bytes)
[   10.043000] NET: Registered protocol family 1
[   10.043802] pci 0000:00:00.0: Limiting direct PCI/PCI transfers
[   10.091267] pci 0000:00:01.0: Activating ISA DMA hang workarounds
[   10.230497] Unpacking initramfs...
[   10.479645] Freeing initrd memory: 15236K
[   10.569210] platform rtc_cmos: registered platform RTC device (no PNP device found)
[   10.699532] Scanning for low memory corruption every 60 seconds
[   10.777634] audit: initializing netlink subsys (disabled)
[   10.850142] audit: type=2000 audit(1509609632.900:1): initialized
[   10.851416] Initialise system trusted keyring
[   10.876714] HugeTLB registered 2 MB page size, pre-allocated 0 pages
[   10.892357] zbud: loaded
[   10.895730] VFS: Disk quotas dquot_6.6.0
[   10.913029] VFS: Dquot-cache hash table entries: 512 (order 0, 4096 bytes)
[   11.055509] squashfs: version 4.0 (2009/01/31) Phillip Lougher
[   11.120179] fuse init (API version 7.23)
[   11.269452] Key type big_key registered
[   11.331375] Allocating IMA MOK and blacklist keyrings.
[   11.340538] Key type asymmetric registered
[   11.357735] Asymmetric key parser 'x509' registered
[   11.370676] Block layer SCSI generic (bsg) driver version 0.4 loaded (major 249)
[   11.409738] io scheduler noop registered
[   11.415777] io scheduler deadline registered (default)
[   11.435125] io scheduler cfq registered
[   11.449412] pci_hotplug: PCI Hot Plug PCI Core version: 0.5
[   11.458401] pciehp: PCI Express Hot Plug Controller Driver version: 0.4
[   11.636627] tsc: Refined TSC clocksource calibration: 2305.106 MHz
[   11.780919] clocksource: tsc: mask: 0xffffffffffffffff max_cycles: 0x213a0c8b43e, max_idle_ns: 440795231552 ns
[   11.784374] ACPI: AC Adapter [AC] (on-line)
[   11.784415] input: Power Button as /devices/LNXSYSTM:00/LNXPWRBN:00/input/input0
[   11.784417] ACPI: Power Button [PWRF]
[   11.784470] input: Sleep Button as /devices/LNXSYSTM:00/LNXSLPBN:00/input/input1
[   11.784471] ACPI: Sleep Button [SLPF]
[   11.784592] GHES: HEST is not enabled!
[   11.944338] Serial: 8250/16550 driver, 32 ports, IRQ sharing enabled
[   11.966830] 00:02: ttyS0 at I/O 0x3f8 (irq = 4, base_baud = 115200) is a 16550A
[   11.995203] Linux agpgart interface v0.103
[   12.017578] loop: module loaded
[   12.018000] scsi host0: ata_piix
[   12.018041] scsi host1: ata_piix
[   12.018063] ata1: PATA max UDMA/33 cmd 0x1f0 ctl 0x3f6 bmdma 0xd000 irq 14
[   12.018064] ata2: PATA max UDMA/33 cmd 0x170 ctl 0x376 bmdma 0xd008 irq 15
[   12.018119] libphy: Fixed MDIO Bus: probed
[   12.018121] tun: Universal TUN/TAP device driver, 1.6
[   12.018121] tun: (C) 1999-2004 Max Krasnyansky <maxk@qualcomm.com>
[   12.018384] PPP generic driver version 2.4.2
[   12.018460] ehci_hcd: USB 2.0 'Enhanced' Host Controller (EHCI) Driver
[   12.018464] ehci-pci: EHCI PCI platform driver
[   12.018486] ehci-platform: EHCI generic platform driver
[   12.018494] ohci_hcd: USB 1.1 'Open' Host Controller (OHCI) Driver
[   12.018497] ohci-pci: OHCI PCI platform driver
[   12.018531] ohci-platform: OHCI generic platform driver
[   12.018557] uhci_hcd: USB Universal Host Controller Interface driver
[   12.018623] i8042: PNP: PS/2 Controller [PNP0303:PS2K,PNP0f03:PS2M] at 0x60,0x64 irq 1,12
[   12.019192] serio: i8042 KBD port at 0x60,0x64 irq 1
[   12.019198] serio: i8042 AUX port at 0x60,0x64 irq 12
[   12.019310] mousedev: PS/2 mouse device common for all mice
[   12.019615] input: AT Translated Set 2 keyboard as /devices/platform/i8042/serio0/input/input2
[   12.019959] rtc_cmos rtc_cmos: rtc core: registered rtc_cmos as rtc0
[   12.020011] rtc_cmos rtc_cmos: alarms up to one day, 114 bytes nvram
[   12.020017] i2c /dev entries driver
[   12.020071] device-mapper: uevent: version 1.0.3
[   12.020125] device-mapper: ioctl: 4.34.0-ioctl (2015-10-28) initialised: dm-devel@redhat.com
[   12.020139] ledtrig-cpu: registered to indicate activity on CPUs
[   12.020668] NET: Registered protocol family 10
[   12.020787] NET: Registered protocol family 17
[   12.020795] Key type dns_resolver registered
[   12.020899] microcode: CPU0 sig=0x806e9, pf=0x8, revision=0x0
[   12.026555] microcode: CPU1 sig=0x806e9, pf=0x8, revision=0x0
[   12.026594] microcode: Microcode Update Driver: v2.01 <tigran@aivazian.fsnet.co.uk>, Peter Oruba
[   12.026684] registered taskstats version 1
[   12.026698] Loading compiled-in X.509 certificates
[   12.027155] Loaded X.509 cert 'Build time autogenerated kernel key: 7431eaeda5a51458aeb00f8de0f18f89e178d882'
[   12.027167] zswap: loaded using pool lzo/zbud
[   12.028197] Key type trusted registered
[   12.029802] Key type encrypted registered
[   12.029806] AppArmor: AppArmor sha1 policy hashing enabled
[   12.029808] ima: No TPM chip found, activating TPM-bypass!
[   12.029824] evm: HMAC attrs: 0x1
[   12.030052]   Magic number: 9:986:16
[   12.030419] rtc_cmos rtc_cmos: setting system clock to 2017-11-02 08:00:36 UTC (1509609636)
[   12.030468] BIOS EDD facility v0.16 2004-Jun-25, 0 devices found
[   12.030468] EDD information not available.
[   16.316130] Freeing unused kernel memory: 1492K
[   16.345309] Write protecting the kernel read-only data: 14336k
[   16.402329] Freeing unused kernel memory: 1744K
[   16.460641] Freeing unused kernel memory: 108K
Loading, please [   16.568486] random: systemd-udevd: uninitialized urandom read (16 bytes read, 5 bits of entropy available)
wait...
starting version 229
[   16.569080] random: udevadm: uninitialized urandom read (16 bytes read, 5 bits of entropy available)
[   16.569107] random: udevadm: uninitialized urandom read (16 bytes read, 5 bits of entropy available)
[   16.569189] random: udevadm: uninitialized urandom read (16 bytes read, 5 bits of entropy available)
[   16.569218] random: udevadm: uninitialized urandom read (16 bytes read, 5 bits of entropy available)
[   16.569247] random: udevadm: uninitialized urandom read (16 bytes read, 5 bits of entropy available)
[   16.569277] random: udevadm: uninitialized urandom read (16 bytes read, 5 bits of entropy available)
[   16.569304] random: udevadm: uninitialized urandom read (16 bytes read, 5 bits of entropy available)
[   16.569329] random: udevadm: uninitialized urandom read (16 bytes read, 5 bits of entropy available)
[   16.569357] random: udevadm: uninitialized urandom read (16 bytes read, 5 bits of entropy available)
[   17.259416] e1000: Intel(R) PRO/1000 Network Driver - version 7.3.21-k8-NAPI
[   17.351446] e1000: Copyright (c) 1999-2006 Intel Corporation.
[   17.358044] Fusion MPT base driver 3.04.20
[   17.451722] Copyright (c) 1999-2008 LSI Corporation
[   17.513853] Fusion MPT SPI Host driver 3.04.20
[   17.607372] input: ImExPS/2 Generic Explorer Mouse as /devices/platform/i8042/serio1/input/input4
[   17.678815] AVX version of gcm_enc/dec engaged.
[   17.684843] AES CTR mode by8 optimization enabled
[   17.983077] e1000 0000:00:03.0 eth0: (PCI:33MHz:32-bit) 02:14:68:3e:84:47
[   18.053585] e1000 0000:00:03.0 eth0: Intel(R) PRO/1000 Network Connection
[   18.139561] mptbase: ioc0: Initiating bringup
[   18.255743] ioc0: LSI53C1030 A0: Capabilities={Initiator}
[   18.524988] scsi host2: ioc0: LSI53C1030 A0, FwRev=00000000h, Ports=1, MaxQ=256, IRQ=20
[   18.716830] scsi 2:0:0:0: Direct-Access     VBOX     HARDDISK         1.0  PQ: 0 ANSI: 5
[   18.740061] scsi target2:0:0: Beginning Domain Validation
[   18.807713] scsi target2:0:0: Domain Validation skipping write tests
[   18.865605] scsi target2:0:0: Ending Domain Validation
[   18.901656] scsi target2:0:0: asynchronous
[   18.906096] scsi 2:0:1:0: Direct-Access     VBOX     HARDDISK         1.0  PQ: 0 ANSI: 5
[   18.956428] scsi target2:0:1: Beginning Domain Validation
[   18.958049] scsi target2:0:1: Domain Validation skipping write tests
[   18.959134] scsi target2:0:1: Ending Domain Validation
[   18.960103] scsi target2:0:1: asynchronous
[   18.972231] sd 2:0:0:0: Attached scsi generic sg0 type 0
[   18.994386] sd 2:0:0:0: [sda] 20971520 512-byte logical blocks: (10.7 GB/10.0 GiB)
[   19.004386] sd 2:0:1:0: [sdb] 20480 512-byte logical blocks: (10.5 MB/10.0 MiB)
[   19.057472] sd 2:0:1:0: Attached scsi generic sg1 type 0
[   19.058676] sd 2:0:0:0: [sda] Write Protect is off
[   19.059498] sd 2:0:1:0: [sdb] Write Protect is off
[   19.060369] sd 2:0:0:0: [sda] Incomplete mode parameter data
[   19.061200] sd 2:0:0:0: [sda] Assuming drive cache: write through
[   19.062216] sd 2:0:1:0: [sdb] Incomplete mode parameter data
[   19.063242] sd 2:0:1:0: [sdb] Assuming drive cache: write through
[   19.089360]  sda: sda1
[   19.104355] sd 2:0:0:0: [sda] Attached SCSI disk
[   19.121311] sd 2:0:1:0: [sdb] Attached SCSI disk
[   19.179962] e1000 0000:00:08.0 eth1: (PCI:33MHz:32-bit) 08:00:27:a5:bc:f2
[   19.265208] e1000 0000:00:08.0 eth1: Intel(R) PRO/1000 Network Connection
[   19.456925] e1000 0000:00:08.0 enp0s8: renamed from eth1
[   19.467994] e1000 0000:00:03.0 enp0s3: renamed from eth0
[   20.357000] floppy0: no floppy controllers found
Begin: Loading e[   21.708961] md: linear personality registered for level -1
ssential drivers ... [   21.724220] md: multipath personality registered for level -4
[   21.786388] md: raid0 personality registered for level 0
[   21.839831] md: raid1 personality registered for level 1
[   21.960216] raid6: sse2x1   gen() 10403 MB/s
[   22.124115] raid6: sse2x1   xor()  6584 MB/s
[   22.331775] raid6: sse2x2   gen() 12439 MB/s
[   22.483944] raid6: sse2x2   xor()  8264 MB/s
[   22.663656] raid6: sse2x4   gen() 14019 MB/s
[   22.847645] raid6: sse2x4   xor()  7517 MB/s
[   22.905368] raid6: using algorithm sse2x4 gen() 14019 MB/s
[   23.068504] raid6: .... xor() 7517 MB/s, rmw enabled
[   23.239855] raid6: using ssse3x2 recovery algorithm
[   23.372715] xor: automatically using best checksumming function:
[   23.475602]    avx       : 24001.000 MB/sec
[   23.513261] async_tx: api initialized (async)
[   23.625638] md: raid6 personality registered for level 6
[   23.735950] md: raid5 personality registered for level 5
[   23.859508] md: raid4 personality registered for level 4
[   23.910298] md: raid10 personality registered for level 10
done.
Begin: Running /scripts/init-premount ...[   23.990215] Btrfs loaded
 done.
Begin: Mounting root file system ... Begin: Running /scripts/local-top ... done.
Begin: Running /scripts/local-premount ... Scanning for Btrfs filesystems
done.
Warning: fsck not present, so skipping root file system
[   24.135822] EXT4-fs (sda1): mounted filesystem with ordered data mode. Opts: (null)
done.
Begin: Running /scripts/local-bottom ... done.
Begin: Running /scripts/init-bottom ... done.
[   24.815916] systemd[1]: systemd 229 running in system mode. (+PAM +AUDIT +SELINUX +IMA +APPARMOR +SMACK +SYSVINIT +UTMP +LIBCRYPTSETUP +GCRYPT +GNUTLS +ACL +XZ -LZ4 +SECCOMP +BLKID +ELFUTILS +KMOD -IDN)
[   24.918283] systemd[1]: Detected virtualization oracle.
[   24.978714] systemd[1]: Detected architecture x86-64.
[   25.056586] random: nonblocking pool is initialized

Welcome to [1mUbuntu 16.04.3 LTS[0m!

[   25.155963] systemd[1]: Set hostname to <ubuntu-xenial>.
[   26.025576] systemd[1]: Listening on LVM2 metadata daemon socket.
[[0;32m  OK  [0m] Listening on LVM2 metadata daemon socket.
[   26.112083] systemd[1]: Listening on udev Control Socket.
[[0;32m  OK  [0m] Listening on udev Control Socket.
[   26.252076] systemd[1]: Listening on Journal Audit Socket.
[[0;32m  OK  [0m] Listening on Journal Audit Socket.
[   26.424545] systemd[1]: Created slice User and Session Slice.
[[0;32m  OK  [0m] Created slice User and Session Slice.
[   26.506600] systemd[1]: Created slice System Slice.
[[0;32m  OK  [0m] Created slice System Slice.
[   26.578798] systemd[1]: Listening on Journal Socket (/dev/log).
[[0;32m  OK  [0m] Listening on Journal Socket (/dev/log).
[   26.590969] systemd[1]: Listening on Device-mapper event daemon FIFOs.
[[0;32m  OK  [0m] Listening on Device-mapper event daemon FIFOs.
[   26.627989] systemd[1]: Started Forward Password Requests to Wall Directory Watch.
[[0;32m  OK  [0m] Started Forward Password Requests to Wall Directory Watch.
[   26.832048] systemd[1]: Reached target Slices.
[[0;32m  OK  [0m] Reached target Slices.
[   26.875520] systemd[1]: Started Trigger resolvconf update for networkd DNS.
[[0;32m  OK  [0m] Started Trigger resolvconf update for networkd DNS.
[   26.891408] systemd[1]: Reached target User and Group Name Lookups.
[[0;32m  OK  [0m] Reached target User and Group Name Lookups.
[   26.893700] systemd[1]: Reached target Encrypted Volumes.
[[0;32m  OK  [0m] Reached target Encrypted Volumes.
[   26.895769] systemd[1]: Reached target Swap.
[[0;32m  OK  [0m] Reached target Swap.
[   26.916422] systemd[1]: Listening on /dev/initctl Compatibility Named Pipe.
[[0;32m  OK  [0m] Listening on /dev/initctl Compatibility Named Pipe.
[   27.116295] systemd[1]: Listening on Journal Socket.
[[0;32m  OK  [0m] Listening on Journal Socket.
[   27.236289] systemd[1]: Starting Create list of required static device nodes for the current kernel...
         Starting Create list of required st... nodes for the current kernel...
[   27.452132] systemd[1]: Mounting Huge Pages File System...
         Mounting Huge Pages File System...
[   27.572203] systemd[1]: Starting Set console keymap...
         Starting Set console keymap...
[   27.692019] systemd[1]: Starting Load Kernel Modules...
         Starting Load Kernel Modules...
[   27.774749] Loading iSCSI transport class v2.0-870.
[   27.892173] systemd[1]: Starting Nameserver information manager...
         Starting Nameser[   27.965233] iscsi: registered transport (tcp)
ver information manager...
[   28.107190] systemd[1]: Starting Monitoring of LVM2 mirrors, snapshots etc. using dmeventd or progress polling...
         Starting Monitoring of LVM2 mirrors... dmeventd or progress polling...
[   28.219877] systemd[1]: Starting Remount Root and Kernel File Systems...
         Starting Remount[   28.287175] EXT4-fs (sda1): re-mounted. Opts: (null)
 Root and Kernel File Systems...
[   28.330219] systemd[1]: Starting Uncomplicated firewall...
[   28.333021] iscsi: registered transport (iser)
         Starting Uncomplicated firewall...
[   28.428080] systemd[1]: Mounting Debug File System...
         Mounting Debug File System...
[   28.524456] systemd[1]: Listening on udev Kernel Socket.
[[0;32m  OK  [0m] Listening on udev Kernel Socket.
[   28.644031] systemd[1]: Mounting POSIX Message Queue File System...
         Mounting POSIX Message Queue File System...
[   28.772060] systemd[1]: Set up automount Arbitrary Executable File Formats File System Automount Point.
[[0;32m  OK  [0m] Set up automount Arbitrary Executab...ats File System Automount Point.
[   29.086195] systemd[1]: Listening on Syslog Socket.
[[0;32m  OK  [0m] Listening on Syslog Socket.
[   29.240168] systemd[1]: Starting Journal Service...
         Starting Journal Service...
[   29.324159] systemd[1]: Listening on LVM2 poll daemon socket.
[[0;32m  OK  [0m] Listening on LVM2 poll daemon socket.
[   29.424251] systemd[1]: Created slice system-serial\x2dgetty.slice.
[[0;32m  OK  [0m] Created slice system-serial\x2dgetty.slice.
[   29.580486] systemd[1]: Mounted Debug File System.
[[0;32m  OK  [0m] Mounted Debug File System.
[   29.676034] systemd[1]: Mounted Huge Pages File System.
[[0;32m  OK  [0m] Mounted Huge Pages File System.
[   29.744184] systemd[1]: Mounted POSIX Message Queue File System.
[[0;32m  OK  [0m] Mounted POSIX Message Queue File System.
[   29.932178] systemd[1]: Started Journal Service.
[[0;32m  OK  [0m] Started Journal Service.
[[0;32m  OK  [0m] Started Create list of required sta...ce nodes for the current kernel.
[[0;32m  OK  [0m] Started Set console keymap.
[[0;32m  OK  [0m] Started Load Kernel Modules.
[[0;32m  OK  [0m] Started Remount Root and Kernel File Systems.
[[0;32m  OK  [0m] Started Uncomplicated firewall.
[[0;32m  OK  [0m] Started Nameserver information manager.
[[0;32m  OK  [0m] Started LVM2 metadata daemon.
         Starting udev Coldplug all Devices...
         Starting Initial cloud-init job (pre-networking)...
         Starting Load/Save Random Seed...
         Starting Apply Kernel Variables...
         Mounting FUSE Control File System...
         Starting Create Static Device Nodes in /dev...
         Starting Flush Journal to Persistent Storage...
[[0;32m  OK  [0m] Mounted FUSE Control File System.
[[0;32m  OK  [0m] Started Monitoring of LVM2 mirrors,...ng dmeventd or progress polling.
[[0;32m  OK  [0m] Started Load/Save Random Seed.
[[0;32m  OK  [0m] Started Apply Kernel Variables.
[[0;32m  OK  [0m] Started udev Coldplug all Devices.
[[0;32m  OK  [0m] Started Flush Journal to Persistent Storage.
[[0;32m  OK  [0m] Started Create Static Device Nodes in /dev.
         Starting udev Kernel Device Manager...
[[0;32m  OK  [0m] Started udev Kernel Device Manager.
[[0;32m  OK  [0m] Started Dispatch Password Requests to Console Directory Watch.
[[0;32m  OK  [0m] Reached target Local File Systems (Pre).
[[0;32m  OK  [0m] Reached target Local File Systems.
         Starting Tell Plymouth To Write Out Runtime Data...
         Starting Set console font and keymap...
         Starting Create Volatile Files and Directories...
         Starting LSB: AppArmor initialization...
[[0;32m  OK  [0m] Found device /dev/ttyS0.
[[0;32m  OK  [0m] Started Tell Plymouth To Write Out Runtime Data.
[[0;32m  OK  [0m] Started Create Volatile Files and Directories.
         Starting Update UTMP about System Boot/Shutdown...
[[0;32m  OK  [0m] Reached target System Time Synchronized.
[[0;32m  OK  [0m] Started Update UTMP about System Boot/Shutdown.
[[0;32m  OK  [0m] Found device 82540EM Gigabit Ethern...r (PRO/1000 MT Desktop Adapter).
[[0;32m  OK  [0m] Found device 82540EM Gigabit Ethern...r (PRO/1000 MT Desktop Adapter).
[[0;32m  OK  [0m] Started Set console font and keymap.
[[0;32m  OK  [0m] Created slice system-getty.slice.
[[0;32m  OK  [0m] Listening on Load/Save RF Kill Switch Status /dev/rfkill Watch.
[[0;32m  OK  [0m] Started LSB: AppArmor initialization.
[   27.692621] cloud-init[446]: Cloud-init v. 0.7.9 running 'init-local' at Thu, 02 Nov 2017 08:01:00 +0000. Up 27.18 seconds.
[[0;32m  OK  [0m] Started Initial cloud-init job (pre-networking).
[[0;32m  OK  [0m] Reached target Network (Pre).
[[0;32m  OK  [0m] Started ifup for enp0s3.
         Starting Raise network interfaces...
[[0;32m  OK  [0m] Started ifup for enp0s8.
[[0;32m  OK  [0m] Started Raise network interfaces.
         Starting Initial cloud-init job (metadata service crawler)...
[[0;32m  OK  [0m] Reached target Network.
[   29.214033] cloud-init[1056]: Cloud-init v. 0.7.9 running 'init' at Thu, 02 Nov 2017 08:01:01 +0000. Up 28.45 seconds.
[   29.324923] cloud-init[1056]: ci-info: ++++++++++++++++++++++++++++++++++++++Net device info++++++++++++++++++++++++++++++++++++++
[   29.452489] cloud-init[1056]: ci-info: +--------+------+-----------------------------+---------------+-------+-------------------+
[[0;32m  OK  [0m] Started Initial cloud-init job (metadata service crawler).
[[   29.500297] cloud-init[1056]: ci-info: | Device |  Up  |           Address           |      Mask     | Scope |     Hw-Address    |
[   29.512496] cloud-init[1056]: ci-info: +--------+------+-----------------------------+---------------+-------+-------------------+
[   29.512610] cloud-init[1056]: ci-info: | enp0s3 | True |          10.0.2.15          | 255.255.255.0 |   .   | 02:14:68:3e:84:47 |
[   29.512754] cloud-init[1056]: ci-info: | enp0s3 | True |  fe80::14:68ff:fe3e:8447/64 |       .       |  link | 02:14:68:3e:84:47 |
[   29.512902] cloud-init[1056]: ci-info: |   lo   | True |          127.0.0.1          |   255.0.0.0   |   .   |         .         |
[   29.513054] cloud-init[1056]: ci-info: |   lo   | True |           ::1/128           |       .       |  host |         .         |
[   29.513198] cloud-init[1056]: ci-info: | enp0s8 | True |        192.168.33.60        | 255.255.255.0 |   .   | 08:00:27:a5:bc:f2 |
[   29.513346] cloud-init[1056]: ci-info: | enp0s8 | True | fe80::a00:27ff:fea5:bcf2/64 |       .       |  link | 08:00:27:a5:bc:f2 |
[   29.513495] cloud-init[1056]: ci-info: +--------+------+-----------------------------+---------------+-------+-------------------+
[   29.513643] cloud-init[1056]: ci-info: ++++++++++++++++++++++++++++Route IPv4 info++++++++++++++++++++++++++++
[   29.513792] cloud-init[1056]: ci-info: +-------+--------------+----------+---------------+-----------+-------+
[   29.513940] cloud-init[1056]: ci-info: | Route | Destination  | Gateway  |    Genmask    | Interface | Flags |
[   29.514091] cloud-init[1056]: ci-info: +-------+--------------+----------+---------------+-----------+-------+
[   29.514236] cloud-init[1056]: ci-info: |   0   |   0.0.0.0    | 10.0.2.2 |    0.0.0.0    |   enp0s3  |   UG  |
[   29.514386] cloud-init[1056]: ci-info: |   1   |   10.0.2.0   | 0.0.0.0  | 255.255.255.0 |   enp0s3  |   U   |
[   29.514535] cloud-init[1056]: ci-info: |   2   | 192.168.33.0 | 0.0.0.0  | 255.255.255.0 |   enp0s8  |   U   |
[   29.514684] cloud-init[1056]: ci-info: +-------+--------------+----------+---------------+-----------+-------+
[0;32m  OK  [0m] Reached target System Initialization.
[[0;32m  OK  [0m] Listening on ACPID Listen Socket.
         Starting Socket activation for snappy daemon.
[[0;32m  OK  [0m] Listening on D-Bus System Message Bus Socket.
[[0;32m  OK  [0m] Started Timer to automatically refresh installed snaps.
[[0;32m  OK  [0m] Started Timer to automatically fetch and run repair assertions.
[[0;32m  OK  [0m] Listening on UUID daemon activation socket.
[[0;32m  OK  [0m] Started Daily Cleanup of Temporary Directories.
         Starting LXD - unix socket.
[[0;32m  OK  [0m] Started ACPI Events Check.
[[0;32m  OK  [0m] Reached target Paths.
[[0;32m  OK  [0m] Reached target Network is Online.
         Starting iSCSI initiator daemon (iscsid)...
[[0;32m  OK  [0m] Started Daily apt download activities.
[[0;32m  OK  [0m] Started Daily apt upgrade and clean activities.
[[0;32m  OK  [0m] Reached target Timers.
[[0;32m  OK  [0m] Reached target Cloud-config availability.
[[0;32m  OK  [0m] Listening on Socket activation for snappy daemon.
[[0;32m  OK  [0m] Listening on LXD - unix socket.
[[0;32m  OK  [0m] Reached target Sockets.
[[0;32m  OK  [0m] Reached target Basic System.
         Starting Accounts Service...
         Starting Apply the settings specified in cloud-config...
         Starting LSB: MD monitoring daemon...
[[0;32m  OK  [0m] Started ACPI event daemon.
[[0;32m  OK  [0m] Started Regular background program processing daemon.
[[0;32m  OK  [0m] Started FUSE filesystem for LXC.
         Starting LXD - container startup/shutdown...
[[0;32m  OK  [0m] Started Deferred execution scheduler.
         Starting OpenBSD Secure Shell server...
[[0;32m  OK  [0m] Started Unattended Upgrades Shutdown.
         Starting Automatically fetch and run repair assertions...
         Starting Login Service...
[[0;32m  OK  [0m] Started D-Bus System Message Bus.
[   32.527635] cloud-init[1114]: Cloud-init v. 0.7.9 running 'modules:config' at Thu, 02 Nov 2017 08:01:04 +0000. Up 31.93 seconds.
         Starting System Logging Service...
         Starting LSB: Record successful boot for GRUB...
         Starting /etc/rc.local Compatibility...
         Starting Snappy daemon...
[[0;32m  OK  [0m] Started OpenBSD Secure Shell server.
[[0;32m  OK  [0m] Started iSCSI initiator daemon (iscsid).
[[0;32m  OK  [0m] Started Apply the settings specified in cloud-config.
[[0;32m  OK  [0m] Started Automatically fetch and run repair assertions.
[[0;32m  OK  [0m] Started /etc/rc.local Compatibility.
         Starting Login to default iSCSI targets...
[[0;32m  OK  [0m] Started Login Service.
         Starting Authenticate and Authorize Users to Run Privileged Tasks...
[[0;32m  OK  [0m] Started LSB: Record successful boot for GRUB.
[[0;32m  OK  [0m] Started LSB: MD monitoring daemon.
[[0;32m  OK  [0m] Started Login to default iSCSI targets.
[[0;32m  OK  [0m] Reached target Remote File Systems (Pre).
[[0;32m  OK  [0m] Reached target Remote File Systems.
         Starting LSB: automatic crash report generation...
         Starting LSB: Apache2 web server...
         Starting LSB: daemon to balance interrupts for SMP systems...
         Starting LSB: VirtualBox Linux Additions...
         Starting LSB: Set the CPU Frequency Scaling governor to "ondemand"...
         Starting Permit User Sessions...
[[0;32m  OK  [0m] Started System Logging Service.
[[0;32m  OK  [0m] Started Authenticate and Authorize Users to Run Privileged Tasks.
[[0;32m  OK  [0m] Started Accounts Service.
[[0;32m  OK  [0m] Started Permit User Sessions.
[[0;32m  OK  [0m] Started LSB: Set the CPU Frequency Scaling governor to "ondemand".
         Starting Terminate Plymouth Boot Screen...
         Starting Hold until boot process finishes up...
[[0;32m  OK  [0m] Started Terminate Plymouth Boot Screen.
[[0;32m  OK  [0m] Started Hold until boot process finishes up.
[[0;32m  OK  [0m] Started Getty on tty1.
[[0;32m  OK  [0m] Started Serial Getty on ttyS0.
[[0;32m  OK  [0m] Reached target Login Prompts.
         Starting Set console scheme...
[[0;32m  OK  [0m] Started LSB: automatic crash report generation.
[[0;32m  OK  [0m] Started LSB: daemon to balance interrupts for SMP systems.
[[0;32m  OK  [0m] Started Set console scheme.
[[0;32m  OK  [0m] Created slice User Slice of ubuntu.
         Starting User Manager for UID 1000...
[[0;32m  OK  [0m] Started Session 1 of user ubuntu.
[[0;32m  OK  [0m] Started User Manager for UID 1000.
[[0;32m  OK  [0m] Started LSB: VirtualBox Linux Additions.
[[0;32m  OK  [0m] Started LXD - container startup/shutdown.
[[0;32m  OK  [0m] Started Snappy daemon.
         Starting Auto import assertions from block devices...
[[0;32m  OK  [0m] Started Auto import assertions from block devices.
[[0;32m  OK  [0m] Started LSB: Apache2 web server.
[[0;32m  OK  [0m] Reached target Multi-User System.
         Starting Execute cloud user/final scripts...
[[0;32m  OK  [0m] Reached target Graphical Interface.
         Starting Update UTMP about System Runlevel Changes...
[[0;32m  OK  [0m] Started Update UTMP about System Runlevel Changes.
[   40.380029] cloud-init[1462]: Cloud-init v. 0.7.9 running 'modules:final' at Thu, 02 Nov 2017 08:01:13 +0000. Up 40.06 seconds.
[   40.500343] cloud-init[1462]: Cloud-init v. 0.7.9 finished at Thu, 02 Nov 2017 08:01:13 +0000. Datasource DataSourceNoCloud [seed=/dev/sdb][dsmode=net].  Up 40.37 seconds
[[0;32m  OK  [0m] Started Execute cloud user/final scripts.

Ubuntu 16.04.3 LTS ubuntu-xenial ttyS0

ubuntu-xenial login: 