[    0.000000] Initializing cgroup subsys cpuset
[    0.000000] Initializing cgroup subsys cpu
[    0.000000] Initializing cgroup subsys cpuacct
[    0.000000] Linux version 4.4.0-97-generic (buildd@lcy01-33) (gcc version 5.4.0 20160609 (Ubuntu 5.4.0-6ubuntu1~16.04.4) ) #120-Ubuntu SMP Tue Sep 19 17:28:18 UTC 2017 (Ubuntu 4.4.0-97.120-generic 4.4.87)
[    0.000000] Command line: BOOT_IMAGE=/boot/vmlinuz-4.4.0-97-generic root=LABEL=cloudimg-rootfs ro console=tty1 console=ttyS0
[    0.000000] KERNEL supported cpus:
[    0.000000]   Intel GenuineIntel
[    0.000000]   AMD AuthenticAMD
[    0.000000]   Centaur CentaurHauls
[    0.000000] x86/fpu: xstate_offset[2]:  576, xstate_sizes[2]:  256
[    0.000000] x86/fpu: Supporting XSAVE feature 0x01: 'x87 floating point registers'
[    0.000000] x86/fpu: Supporting XSAVE feature 0x02: 'SSE registers'
[    0.000000] x86/fpu: Supporting XSAVE feature 0x04: 'AVX registers'
[    0.000000] x86/fpu: Enabled xstate features 0x7, context size is 832 bytes, using 'standard' format.
[    0.000000] x86/fpu: Using 'lazy' FPU context switches.
[    0.000000] e820: BIOS-provided physical RAM map:
[    0.000000] BIOS-e820: [mem 0x0000000000000000-0x000000000009fbff] usable
[    0.000000] BIOS-e820: [mem 0x000000000009fc00-0x000000000009ffff] reserved
[    0.000000] BIOS-e820: [mem 0x00000000000f0000-0x00000000000fffff] reserved
[    0.000000] BIOS-e820: [mem 0x0000000000100000-0x000000003ffeffff] usable
[    0.000000] BIOS-e820: [mem 0x000000003fff0000-0x000000003fffffff] ACPI data
[    0.000000] BIOS-e820: [mem 0x00000000fffc0000-0x00000000ffffffff] reserved
[    0.000000] NX (Execute Disable) protection: active
[    0.000000] SMBIOS 2.5 present.
[    0.000000] Hypervisor detected: KVM
[    0.000000] e820: last_pfn = 0x3fff0 max_arch_pfn = 0x400000000
[    0.000000] MTRR: Disabled
[    0.000000] x86/PAT: MTRRs disabled, skipping PAT initialization too.
[    0.000000] CPU MTRRs all blank - virtualized system.
[    0.000000] x86/PAT: Configuration [0-7]: WB  WT  UC- UC  WB  WT  UC- UC  
[    0.000000] found SMP MP-table at [mem 0x0009fff0-0x0009ffff] mapped at [ffff88000009fff0]
[    0.000000] Scanning 1 areas for low memory corruption
[    0.000000] RAMDISK: [mem 0x36abc000-0x37555fff]
[    0.000000] ACPI: Early table checksum verification disabled
[    0.000000] ACPI: RSDP 0x00000000000E0000 000024 (v02 VBOX  )
[    0.000000] ACPI: XSDT 0x000000003FFF0030 00003C (v01 VBOX   VBOXXSDT 00000001 ASL  00000061)
[    0.000000] ACPI: FACP 0x000000003FFF00F0 0000F4 (v04 VBOX   VBOXFACP 00000001 ASL  00000061)
[    0.000000] ACPI: DSDT 0x000000003FFF0470 002118 (v01 VBOX   VBOXBIOS 00000002 INTL 20160108)
[    0.000000] ACPI: FACS 0x000000003FFF0200 000040
[    0.000000] ACPI: FACS 0x000000003FFF0200 000040
[    0.000000] ACPI: APIC 0x000000003FFF0240 00005C (v02 VBOX   VBOXAPIC 00000001 ASL  00000061)
[    0.000000] ACPI: SSDT 0x000000003FFF02A0 0001CC (v01 VBOX   VBOXCPUT 00000002 INTL 20160108)
[    0.000000] No NUMA configuration found
[    0.000000] Faking a node at [mem 0x0000000000000000-0x000000003ffeffff]
[    0.000000] NODE_DATA(0) allocated [mem 0x3ffeb000-0x3ffeffff]
[    0.000000] kvm-clock: Using msrs 4b564d01 and 4b564d00
[    0.000000] kvm-clock: cpu 0, msr 0:3ffe3001, primary cpu clock
[    0.000000] kvm-clock: using sched offset of 3578701378 cycles
[    0.000000] clocksource: kvm-clock: mask: 0xffffffffffffffff max_cycles: 0x1cd42e4dffb, max_idle_ns: 881590591483 ns
[    0.000000] Zone ranges:
[    0.000000]   DMA      [mem 0x0000000000001000-0x0000000000ffffff]
[    0.000000]   DMA32    [mem 0x0000000001000000-0x000000003ffeffff]
[    0.000000]   Normal   empty
[    0.000000]   Device   empty
[    0.000000] Movable zone start for each node
[    0.000000] Early memory node ranges
[    0.000000]   node   0: [mem 0x0000000000001000-0x000000000009efff]
[    0.000000]   node   0: [mem 0x0000000000100000-0x000000003ffeffff]
[    0.000000] Initmem setup node 0 [mem 0x0000000000001000-0x000000003ffeffff]
[    0.000000] ACPI: PM-Timer O Port: 0x4008
[    0.000000] IOAPIC[0]: apic_id 2, version 17, address 0xfec00000, GSI 0-23
[    0.000000] ACPI: INT_SRC_OVR (bus 0 bus_irq 0 global_irq 2 dfl dfl)
[    0.000000] ACPI: INT_SRC_OVR (bus 0 bus_irq 9 global_irq 9 high level)
[    0.000000] Using ACPI (MADT) for SMP configuration information
[    0.000000] smpboot: Allowing 2 CPUs, 0 hotplug CPUs
[    0.000000] PM: Registered nosave memory: [mem 0x00000000-0x00000fff]
[    0.000000] PM: Registered nosave memory: [mem 0x0009f000-0x0009ffff]
[    0.000000] PM: Registered nosave memory: [mem 0x000a0000-0x000effff]
[    0.000000] PM: Registered nosave memory: [mem 0x000f0000-0x000fffff]
[    0.000000] e820: [mem 0x40000000-0xfffbffff] available for PCI devices
[    0.000000] Booting paravirtualized kernel on KVM
[    0.000000] clocksource: refined-jiffies: mask: 0xffffffff max_cycles: 0xffffffff, max_idle_ns: 7645519600211568 ns
[    0.000000] setup_percpu: NR_CPUS:512 nr_cpumask_bits:512 nr_cpu_ids:2 nr_node_ids:1
[    0.000000] PERCPU: Embedded 34 pages/cpu @ffff88003fc00000 s98328 r8192 d32744 u1048576
[    0.000000] PV qspinlock hash table entries: 256 (order: 0, 4096 bytes)
[    0.000000] Built 1 zonelists in Node order, mobility grouping on.  Total pages: 257913
[    0.000000] Policy zone: DMA32
[    0.000000] Kernel command line: BOOT_IMAGE=/boot/vmlinuz-4.4.0-97-generic root=LABEL=cloudimg-rootfs ro console=tty1 console=ttyS0
[    0.0000000] PID hash table entries: 4096 (order: 3, 32768 bytes)
[    0.000000] Memory: 1001708K/1048120K available (8480K kernel code, 1294K rwdata, 3984K rodata, 1492K init, 1316K bss, 46412K reserved, 0K cma-reserved)
[    0.000000] SLUB: HWalign=64, Order=0-3, MinObjects=0, CPUs=2, Nodes=1
[    0.000000] Hierarchical RCU implementation.
[    0.000000] 	Build-time adjustment of leaf fanout to 64.
[    0.000000] 	RCU restricting CPUs from NR_CPUS=512 to nr_cpu_ids=2.
[    0.000000] RCU: Adjusting geometry for rcu_fanout_leaf=64, nr_cpu_ids=2
[    0.000000] NR_IRQS:33024 nr_irqs:440 16
[    0.000000] Console: colour VGA+ 80x25
[    0.000000] console [tty1] enabled
[    0.000000] console [ttyS0] enabled
[    0.000000] tsc: Detected 2095.240 MHz processor
[    0.272364] Calibrating delay loop (skipped) preset value.. 4190.48 BogoMIPS (lpj=8380960)
[    0.275226] pid_max: default: 32768 minimum: 301
[    0.276849] ACPI: Core revision 20150930
[    0.279689] ACPI: 2 ACPI AML tbles successfully acquired and loaded
[    0.312052] Security Framework initialized
[    0.313484] Yama: becoming mindful.
[    0.314800] AppArmor: AppArmor initialized
[    0.316324] Dentry cache hash table entries: 131072 (order: 8, 1048576 bytes)
[    0.320266] Inode-cache hash table entries: 65536 (order: 7, 524288 bytes)
[    0.328967] Mount-cache hash table entries: 2048 (order: 2, 16384 bytes)
[    0.336391] Mountpoint-cache hash table entries: 2048 (order: 2, 16384 bytes)
[    0.340393] Initializing cgroup subsys io
[    0.341815] Initializing cgroup subsys memory
[    0.343336] Initializing cgroup subsys devices
[    0.344855] Initializing cgroup subsys freezer
[    0.346381] Initializing cgroup subsys net_cls
[    0.347886] Initializing cgroup subsys perf_event
[    0.349467] Initializing cgroup subsys net_prio
[    0.351034] Initializing cgroup subsys hugetlb
[    0.352539] Initializing cgroup subsys pids
[    0.354101] CPU: Physical Processor ID: 0
[    0.355533] CPU: Processor Core ID: 0
[    0.356866] mce: CPU supports 0 MCE banks
[    0.358300] Last level iTLB entries: 4KB 512, 2MB 8, 4MB 8
[    0.360061] Last level dTLB entries: 4KB 512, 2MB 32, 4MB 32, 1GB 0
[    0.364905] Freeing SMP alternatives memory: 32K
[    0.378707] ftrace: allocating 32148 entries in 126 pages
[    0.455206] smpboot: APIC(0) Converting physical 0 to logical package 0
[    0.478838] smpboot: Max logical packages: 1
[    0.482116] ..TIMER: vector=0x30 apic1=0 pin1=2 apic2=-1 pin2=-1
[    0.590585] smpboot: CPU0: Intel(R) Core(TM) i3-2310M CPU @ 2.10GHz (family: 0x6, model: 0x2a, stepping: 0x7)
[    0.597970] Performance Events: unsupported p6 CPU model 42 no PMU driver, software events only.
[    0.602202] KVM setup paravirtual spinlock
[    0.604622] x86: Booting SMP configuration:
[    0.608045] .... node  #0, CPUs:      #1
[    0.611642] kvm-clock: cpu 1, msr 0:3ffe3041, secondary cpu clock
[    0.615758] mce: CPU supports 0 MCE banks
[    0.618403] x86: Booted up 1 node, 2 CPUs
[    0.620144] smpboot: Total of 2 processors activated (8380.96 BogoMIPS)
[    0.622911] devtmpfs: initialized
[    0.626490] evm: security.selinux
[    0.627755] evm: security.SMACK64
[    0.628982] evm: security.SMACK64EXEC
[    0.630285] evm: security.SMACK64TRANSMUTE
[    0.631760] evm: security.SMACK64MMAP
[    0.633075] evm: security.ima
[    0.634205] evm: security.capability
[    0.635938] clocksource: jiffies: mask: 0xffffffff max_cycles: 0xffffffff, max_idle_ns: 7645041785100000 ns
[    0.639121] futex hash table entries: 512 (order: 3, 32768 bytes)
[    0.641317] pinctrl core: initialized pinctrl subsystem
[    0.643202] RTC time: 17:12:07, date: 10/31/17
[    0.645648] NET: Registered protocol family 16
[    0.659005] cpuidle: using governor ladder
[    0.674361] cpuidle: using governor menu
[    0.676428] PCCT header not found.
[    0.678712] ACPI: bus type PCI registered
[    0.681159] acpiphp: ACPI Hot Plug PCI Controller Driver version: 0.5
[    0.685500] PCI: Using configuration type 1 for base access
[    0.700998] ACPI: Added _OSI(Module Device)
[    0.704297] ACPI: Added _OSI(Processor Device)
[    0.706590] ACPI: Added _OSI(3.0 _SCP Extensions)
[    0.708873] ACPI: Added _OSI(Processor Aggregator Device)
[    0.711707] ACPI: Executed 1 blocks of module-level executable AML code
[    0.718416] ACPI: Interpreter enabled
[    0.720873] ACPI: (supports S0 S5)
[    0.722112] ACPI: Using IOAPIC for interrupt routing
[    0.723998] PCI: Using host bridge windows from ACPI; if necessary, use "pci=nocrs" and report a bug
[    0.731741] ACPI: PCI Root Bridge [PCI0] (domain 0000 [bus 00-ff])
[    0.736282] acpi PNP0A03:00: _OSC: OS supports [ASPM ClockPM Segments MSI]
[    0.738409] acpi PNP0A03:00: _OSC failed (AE_NOT_FOUND); disabling ASPM
[    0.740508] acpi PNP0A03:00: fail to add MMCONFIG information, can't access extended PCI configuration space under this bridge.
[    0.744903] PCI host bridge to bus 0000:00
[    0.747826] pci_bus 0000:00: root bus resource [io  0x0000-0x0cf7 window]
[    0.749885] pci_bus 0000:00: root bus resource [io  0x0d00-0xffff window]
[    0.751961] pci_bus 0000:00: root bus resource [mem 0x000a0000-0x000bffff window]
[    0.756311] pci_bus 0000:00: root bus resource [mem 0x40000000-0xffdfffff window]
[    0.758828] pci_bus 0000:00: root bus resource [bus 00-ff]
[    0.762516] pci 0000:00:01.1: legacy IDE quirk: reg 0x10: [io  0x01f0-0x01f7]
[    0.774877] pci 0000:00:01.1: legacy IDE quirk: reg 0x14: [io  0x03f6]
[    0.776849] pci 0000:00:01.1: legacy IDE quirk: reg 0x18: [io  0x0170-0x0177]
[    0.778987] pci 0000:00:01.1: legacy IDE quirk: reg 0x1c: [io  0x0376]
[    0.832291] ACPI: PCI Interrupt Link [LNKA] (IRQs 5 9 10 11) *0, disabled.
[    0.853387] ACPI: PCI Interrupt Link [LNKB] (IRQs 5 9 10 *11)
[    0.855386] ACPI: PCI Interrupt Link [LNKC] (IRQs 5 9 *10 11)
[    0.857517] ACPI: PCI Interrupt Link [LNKD] (IRQs 5 *9 10 11)
[    0.859580] ACPI: Enabled 2 GPEs in block 00 to 07
[    0.861510] vgaarb: setting as boot device: PCI:0000:00:02.0
[    0.904456] vgaarb: device added: PCI:0000:00:02.0,decodes=io+mem,owns=io+mem,locks=none
[    0.907240] vgaarb: loaded
[    0.925049] vgaarb: bridge control possible 0000:00:02.0
[    0.932488] SCSI subsystem initialized
[    0.934138] ACPI: bus type USB registered
[    0.941999] usbcore: registered new interface driver usbfs
[    0.968183] usbcore: registered new interface driver hub
[    0.994201] usbcore: registered new device driver usb
[    0.996310] PCI: Using ACPI for IRQ routing
[    0.999191] NetLabel: Initializing
[    1.000989] NetLabel:  domain hash size = 128
[    1.005322] NetLabel:  protocols = UNLABELED CIPSOv4
[    1.006979] NetLabel:  unlabeled traffic allowed by default
[    1.009024] amd_nb: Cannot enumerate AMD northbridges
[    1.016017] clocksource: Switched to clocksource kvm-clock
[    1.027450] AppArmor: AppArmor Filesystem Enabled
[    1.034439] pnp: PnP ACPI init
[   1.036641] pnp: PnP ACPI: found 3 devices

[   1.084789] clocksource: acpi_pm: mask: 0xffffff max_cycles: 0xffffff, max_idle_ns: 2085701024 ns
[    1.117756] NET: Registered protocol family 2

[    1.119515] TCP established hash table entries: 8192 (order: 4, 65536 bytes)
[    1.121740] TCP bind hash table entries: 8192 (order: 5, 131072 bytes)
[    1.123772] TCP: Hash tables configured (esablished 8192 bind 8192)
[    1.154637] UDP hash table entries: 512 (order: 2, 16384 bytes)
[    1156494] UDP-Lite hash table entries: 512 (order: 2, 16384 bytes)
[    1.187355] NET: Registered protocol family 1
[    1.188855] pci 0000:00:00.0: Limiting direct PCI/PCI transfers
[    1.190734] pci 0000:00:01.0: Activating ISA DMA hang workarounds
[  1.193449] Unpacking initramfs...

[    3.915441] Freeing initrd memory: 10856K
[    4.097636] RAPL PMU detected, API unit is 2^-32 Joules, 3 fixed counters 10737418240 ms ovfl timer
[    4.240061] hw unit of domain pp0-core 2^-0 Joules
[    4.316812] hw unit of domain package 2^-0 Joules
[    4.348932] hw unit of domain pp1-gpu 2^-0 Joules
[    4.350266] platform rtc_cmos: registered platform RTC device (no PNP device found)
[    4.352346] Scanning for low memory corruption every 60 seconds
[    4.354492] audit: initializing netlink subsys (disabled)
[    4.355825] audit: type=2000 audit(1509469935.443:1): initialized
[    4.357747] Initialise system trusted keyring
[    4.418402] HugeTLB registered 2 MB page size, pre-allocated 0 pages
[    4.440381] zbud: loaded
[    4.478050] VFS: Disk quotas dquot_6.6.0
[    4.479656] VFS: Dquot-cache hash table entries: 512 (order 0, 4096 bytes)
[    4.482522] squashfs: version 4.0 (2009/01/31) Phillip Lougher
[    4.488662] fuse init (API version 7.23)
[    4.497283] Key type big_key registered
[    4.499016] Allocating IMA MOK and blacklist keyrings.
[    4.521443] Key type asymmetric registered
[    4.528139] Asymmetric key parser 'x509' registered
[    4.537501] Block layer SCSI generic (bsg) driver version 0.4 loaded (major 249)
[    4.540162] io scheduler noop registered
[    4.541552] io scheduler deadline registered (default)
[    4.543286] io scheduler cfq registered
[    4.544815] pci_hotplug: PCI Hot Plug PCI Core version: 0.5
[    4.546593] pciehp: PCI Express Hot Plug Controller Driver version: 0.4
[    4.548852] ACPI: AC Adapter [AC] (off-line)
[    4.556467] input: Power Button as /devices/LNXSYSTM:00/LNXPWRBN:00/input/input0
[    4.589536] ACPI: Power Button [PWRF]
[    4.595996] input: Sleep Button as /devices/LNXSYSTM:00/LNXSLPBN:00/input/input1
[    4.605342] ACPI: Sleep Button [SLPF]
[    4.607809] ACPI: Battery Slot [BAT0] (battery present)
[    4.612816] GHES: HEST is not enabled!
[    4.632173] Serial: 8250/16550 driver, 32 ports, IRQ sharing enabled
[    4.656256] 00:02: ttyS0 at I/O 0x3f8 (irq = 4, base_baud = 115200) is a 16550A
[    4.669364] Linux agpgart interface v0.103
[    4.684703] loop: module loaded
[    4.688792] scsi host0: ata_piix
[    4.798198] scsi host1: ata_piix
  4.76] a1PA m UMA/33 cmd 0x1f0 ctl 0x3f6 bmdma 0xd000 irq 14
[    5.348355] tsc: Refined TSC clocksource calibration: 2095.057 MHz
[    5.348360] clocksource: tsc: mask: 0xffffffffffffffff max_cycles: 0x1e32f2e8bc1, max_idle_ns: 440795202126 ns
[    5.356291] ata2: PATA max UDMA/33 cmd 0x170 ctl 0x376 bmdma 0xd008 irq 15
[   5.359035] libphy: Fixed MDIO Bus: probed
[    5.512732] tun: Universal TUN/TAP device driver, 1.6
    5.601703] tun: (C) 1999-2004 Max Krasnyansky <maxk@qualcomm.com>
[    5.757910] PPP generic driver version 2.4.2
[    5.759105] ehci_hcd: USB 2.0 'Enhanced' Host Controller (EHCI) Driver
[    5.760616] ehci-pci: EHCI PCI platform driver
[    5.761828] ehci-platfrmEH ger ptfm rir
[    6.253122] ohci_hcd: USB 1.1 'Open' Host Controller (OHCI) Driver
[    6.328073] ohci-pci: OHCI PCI platform driver
[    6.367902] ohci-platform: OHCI generic platform driver
[    6.389098] uhci_hcd: USB Universal Host Controller Interface driver
[    6.474225] i8042: PNP: PS/2 Controller [PNP0303:PS2K,PNP0f03:PS2M] at 0x60,0x64 irq 1,12
[    6.557747] serio: i8042 KBD port at 0x60,0x64 irq 1
[    6.635039] serio: i8042 AUX port at 0x60,0x64 irq 12
[    6.747788] mousedev: PS/2 mouse device common for all mice
[    6.862137] input: AT Translated Set 2 keyboard as /devices/platform/i8042/serio0/input/input2
[    6.889413] rtc_cmos rtc_cmos: rtc core: registered rtc_cmos as rtc0
[    6.894132] rtc_cmos rtc_cmos: alarms up to one day, 114 bytes nvram
[    6.896145] i2c /dev entries driver
[    6.897629] device-mapper: uevent: version 1.0.3
[    6.903927] device-mapper: ioctl: 4.34.0-ioctl (2015-10-28) initialised: dm-devel@redhat.com
[    6.906197] ledtrig-cpu: registered to indicate activity on CPUs
[    6.909552] NET: Registered protocol family 10
[    6.918375] NET: Registered protocol family 17
[    6.921547] Key type dns_resolver registered
[    6.923175] microcode: CPU0 sig=0x206a7, pf=0x10, revision=0x0
[    6.925095] microcode: CPU1 sig=0x206a7, pf=0x10, revision=0x0
[    6.928376] microcode: Microcode Update Driver: v2.01 <tigran@aivazian.fsnet.co.uk>, Peter Oruba
[    7.568848] registered taskstats version 1
[    7.616699] Loading compiled-in X.509 certificates
[    7.623192] Loaded X.509 cert 'Build time autogenerated kernel key: d1010f9627fd9242df4b03365d2931dfd1ad3d42'
[    7.625680] zswap: loaded using pool lzo/zbud
[    7.629924] Key type trusted registered
[    7.679321] Key type encrypted registered
[    7.721709] AppArmor: AppArmor sha1 policy hashing enabled
[    7.748039] ima: No TPM chip found, activating TPM-bypass!
[    7.810143] evm: HMAC attrs: 0x1
[    7.811529]   Magic number: 5:327:240
[    7.855252] rtc_cmos rtc_cmos: setting system clock to 2017-10-31 17:12:14 UTC (1509469934)
[    7.875296] BIOS EDD facility v0.16 2004-Jun-25, 0 devices found
[    7.955268] EDD information not available.
[    7.995980] Freeing unused kernel memory: 1492K
[    8.049775] Write protecting the kernel read-only data: 14336k
[    8.138057] Freeing unused kernel memory: 1748K
[    8.170540] Freeing unused kernel memory: 112K
Loading, please wait...
starting version[    8.194620] random: systemd-udevd: uninitialized urandom read (16 bytes read, 3 bits of entropy available)
 229
[    8.195602] random: udevadm: uninitialized urandom read (16 bytes read, 3 bits of entropy available)
[    8.195632] random: udevadm: uninitialized urandom read (16 bytes read, 3 bits of entropy available)
[    8.208732] random: udevadm: uninitialized urandom read (16 bytes read, 3 bits of entropy available)
[    8.208785] random: udevadm: uninitialized urandom read (16 bytes read, 3 bits of entropy available)
[    8.208968] random: udevadm: uninitialized urandom read (16 bytes read, 3 bits of entropy available)
[    8.209042] random: udevadm: uninitialized urandom read (16 bytes read, 3 bits of entropy available)
[    8.209118] random: udevadm: uninitialized urandom read (16 bytes read, 3 bits of entropy available)
[    8.209189] random: udevadm: uninitialized urandom read (16 bytes read, 3 bits of entropy available)
[    8.209258] random: udevadm: uninitialized urandom read (16 bytes read, 3 bits of entropy available)
[    8.519496] Fusion MPT base driver 3.04.20
[    8.534233] Copyright (c) 1999-2008 LSI Corporation
[    8.543702] e1000: Intel(R) PRO/1000 Network Driver - version 7.3.21-k8-NAPI
[    8.554267] e1000: Copyright (c) 1999-2006 Intel Corporation.
[    8.568230] Fusion MPT SPI Host driver 3.04.20
[    8.758356] input: ImExPS/2 Generic Explorer Mouse as /devices/platform/i8042/serio1/input/input4
[    9.087358] e1000 0000:00:03.0 eth0: (PCI:33MHz:32-bit) 02:30:15:13:4f:ec
[    9.108994] e1000 0000:00:03.0 eth0: Intel(R) PRO/1000 Network Connection
[    9.112353] mptbase: ioc0: Initiating bringup
[    9.181001] ioc0: LSI53C1030 A0: Capabilities={Initiator}
[    9.396983] scsi host2: ioc0: LSI53C1030 A0, FwRev=00000000h, Ports=1, MaxQ=256, IRQ=20
[    9.541532] scsi 2:0:0:0: Direct-Access     VBOX     HARDDISK         1.0  PQ: 0 ANSI: 5
[    9.551343] scsi target2:0:0: Beginning Domain Validation
[    9.586371] scsi target2:0:0: Domain Validation skipping write tests
[    9.602922] scsi target2:0:0: Ending Domain Validation
[    9.605949] scsi target2:0:0: asynchronous
[    9.608240] scsi 2:0:1:0: Direct-Access     VBOX     HARDDISK         1.0  PQ: 0 ANSI: 5
[    9.626426] scsi target2:0:1: Beginning Domain Validation
[    9.635772] scsi target2:0:1: Domain Validation skipping write tests
[    9.648598] scsi target2:0:1: Ending Domain Validation
[    9.650487] scsi target2:0:1: asynchronous
[    9.665271] sd 2:0:0:0: Attached scsi generic sg0 type 0
[    9.669318] sd 2:0:0:0: [sda] 20971520 512-byte logical blocks: (10.7 GB/10.0 GiB)
[    9.672963] sd 2:0:0:0: [sda] Write Protect is off
[    9.680219] sd 2:0:1:0: Attached scsi generic sg1 type 0
[    9.683255] sd 2:0:1:0: [sdb] 20480 512-byte logical blocks: (10.5 MB/10.0 MiB)
[    9.707325] sd 2:0:0:0: [sda] Incomplete mode parameter data
[    9.710429] sd 2:0:0:0: [sda] Assuming drive cache: write through
[    9.723220] sd 2:0:1:0: [sdb] Write Protect is off
[    9.725168] sd 2:0:1:0: [sdb] Incomplete mode parameter data
[    9.727114] sd 2:0:1:0: [sdb] Assuming drive cache: write through
[    9.772593]  sda: sda1
[    9.777221] sd 2:0:0:0: [sda] Attached SCSI disk
[    9.809765] sd 2:0:1:0: [sdb] Attached SCSI disk
[    9.972238] e1000 0000:00:08.0 eth1: (PCI:33MHz:32-bit) 08:00:27:ea:05:2c
[   10.381753] e1000 0000:00:08.0 eth1: Intel(R) PRO/1000 Network Connection
[   10.439984] e1000 0000:00:03.0 enp0s3: renamed from eth0
[   10.460479] e1000 0000:00:08.0 enp0s8: renamed from eth1
[   11.585164] floppy0: no floppy controllers found
Begin: Loading e[   13.413072] md: linear personality registered for level -1
ssential drivers ... [   13.461675] md: multipath personality registered for level -4
[   13.523615] md: raid0 personality registered for level 0
[   13.587180] md: raid1 personality registered for level 1
[   13.706925] raid6: sse2x1   gen()  6064 MB/s
[   13.786922] raid6: sse2x1   xor()  4712 MB/s
[   13.856971] raid6: sse2x2   gen()  6947 MB/s
[   13.944971] raid6: sse2x2   xor()  4958 MB/s
[   14.016908] raid6: sse2x4   gen()  8412 MB/s
[   14.106922] raid6: sse2x4   xor()  6089 MB/s
[   14.108459] raid6: using algorithm sse2x4 gen() 8412 MB/s
[   14.124446] raid6: .... xor() 6089 MB/s, rmw enabled
[   14.126091] raid6: using ssse3x2 recovery algorithm
[   14.129851] xor: automatically using best checksumming function:
[   14.188567]    avx       : 42782.000 MB/sec
[   14.337757] async_tx: api initialized (async)
[   14.389949] md: raid6 personality registered for level 6
[   14.441692] md: raid5 personality registered for level 5
[   14.442983] md: raid4 personality registered for level 4
[   14.455547] md: raid10 personality registered for level 10
done.
Begin: Running /scripts/init-premount ... done.
Begin: Mounting root file system ... Begin: Running /scripts/local-top ... done.
Begin: Running /scripts/local-premount ... [   14.633211] Btrfs loaded
Scanning for Btrfs filesystems
done.
Warning: fsck not present, so skipping root file system
[   14.815241] EXT4-fs (sda1): mounted filesystem with ordered data mode. Opts: (null)
done.
Begin: Running /scripts/local-bottom ... done.
Begin: Running /scripts/init-bottom ... done.
[   15.989792] random: nonblocking pool is initialized
[   16.416952] systemd[1]: systemd 229 running in system mode. (+PAM +AUDIT +SELINUX +IMA +APPARMOR +SMACK +SYSVINIT +UTMP +LIBCRYPTSETUP +GCRYPT +GNUTLS +ACL +XZ -LZ4 +SECCOMP +BLKID +ELFUTILS +KMOD -IDN)
[   16.728798] systemd[1]: Detected virtualization oracle.
[   16.927885] systemd[1]: Detected architecture x86-64.

Welcome to [1mUbuntu 16.04.3 LTS[0m!

[   17.027427] systemd[1]: Set hostname to <ubuntu-xenial>.
[   17.946694] systemd[1]: Started Trigger resolvconf update for networkd DNS.
[[0;32m  OK  [0m] Started Trigger resolvconf update for networkd DNS.
[   17.980458] systemd[1]: Listening on Journal Audit Socket.
[[0;32m  OK  [0m] Listening on Journal Audit Socket.
[   18.013045] systemd[1]: Listening on /dev/initctl Compatibility Named Pipe.
[[0;32m  OK  [0m] Listening on /dev/initctl Compatibility Named Pipe.
[   18.052638] systemd[1]: Reached target Encrypted Volumes.
[[0;32m  OK  [0m] Reached target Encrypted Volumes.
[   18.072816] systemd[1]: Reached target User and Group Name Lookups.
[[0;32m  OK  [0m] Reached target User and Group Name Lookups.
[   18.103324] systemd[1]: Listening on LVM2 poll daemon socket.
[[0;32m  OK  [0m] Listening on LVM2 poll daemon socket.
[   18.109608] systemd[1]: Listening on LVM2 metadata daemon socket.
[[0;32m  OK  [0m] Listening on LVM2 metadata daemon socket.
[   18.117327] systemd[1]: Created slice System Slice.
[[0;32m  OK  [0m] Created slice System Slice.
[   18.131430] systemd[1]: Created slice system-serial\x2dgetty.slice.
[[0;32m  OK  [0m] Created slice system-serial\x2dgetty.slice.
[   18.154580] systemd[1]: Listening on Syslog Socket.
[[0;32m  OK  [0m] Listening on Syslog Socket.
[   18.165344] systemd[1]: Listening on udev Control Socket.
[[0;32m  OK  [0m] Listening on udev Control Socket.
[   18.173828] systemd[1]: Started Forward Password Requests to Wall Directory Watch.
[[0;32m  OK  [0m] Started Forward Password Requests to Wall Directory Watch.
[   18.188370] systemd[1]: Listening on Device-mapper event daemon FIFOs.
[[0;32m  OK  [0m] Listening on Device-mapper event daemon FIFOs.
[   18.205861] systemd[1]: Created slice User and Session Slice.
[[0;32m  OK  [0m] Created slice User and Session Slice.
[   18.220670] systemd[1]: Reached target Slices.
[[0;32m  OK  [0m] Reached target Slices.
[   18.248340] systemd[1]: Listening on udev Kernel Socket.
[[0;32m  OK  [0m] Listening on udev Kernel Socket.
[   18.297198] systemd[1]: Listening on Journal Socket.
[[0;32m  OK  [0m] Listening on Journal Socket.
[   18.332519] systemd[1]: Starting Set console keymap...
         Starting Set console keymap...
[   18.349502] systemd[1]: Starting Create list of required static device nodes for the current kernel...
         Starting Create list of required st... nodes for the current kernel...
[   18.401004] systemd[1]: Mounting POSIX Message Queue File System...
         Mounting POSIX Message Queue File System...
[   18.453009] systemd[1]: Starting Uncomplicated firewall...
         Starting Uncomplicated firewall...
[   18.489276] systemd[1]: Starting Nameserver information manager...
         Starting Nameserver information manager...
[   18.577889] systemd[1]: Starting Load Kernel Modules...
         Starting Load Kernel Modules...
[   18.610517] systemd[1]: Mounting Debug File System...
         Mounting Debug File Sys[   18.637008] Loading iSCSI transport class v2.0-870.
tem...
[   18.721516] systemd[1]: Starting Remount Root and Kernel File Systems...
         Starting Remount Root and Kernel File Systems...
[   18.734259] systemd[1]: Mounting Huge Pages File System...
         Mounting Huge Pages File System...
[   18.745141] iscsi: registered transport (tcp)
[   18.748081] EXT4-fs (sda1): re-mounted. Opts: (null)
[   18.748621] systemd[1]: Starting Monitoring of LVM2 mirrors, snapshots etc. using dmeventd or progress polling...
         Starting Monitoring of LVM2 mirrors... dmeventd or progress polling...
[   18.779746] systemd[1]: Reached target Swap.
[[0;32m  OK  [0m] Reached target Swap.
[   18.816661] systemd[1]: Set up automount Arbitrary Executable File Formats File System Automount Point.
[[0;32m  OK  [0m] Set up automount Arbitrary Executab...ats File System Automount Point.
[   18.873229] systemd[1]: Listening on Journal Socket (/dev/log).
[[0;32m  OK  [0m] Listening on Journal Socket (/dev/log).
[   18.918607] systemd[1]: Starting Journal Service...
         [   19.041363] iscsi: registered transport (iser)
Starting Journal Service...
[   19.239843] systemd[1]: Mounted POSIX Message Queue File System.
[[0;32m  OK  [0m] Mounted POSIX Message Queue File System.
[   19.296922] systemd[1]: Mounted Debug File System.
[[0;32m  OK  [0m] Mounted Debug File System.
[   19.314596] systemd[1]: Mounted Huge Pages File System.
[[0;32m  OK  [0m] Mounted Huge Pages File System.
[   19.330055] systemd[1]: Started Set console keymap.
[[0;32m  OK  [0m] Started Set console keymap.
[   19.368660] systemd[1]: Started Create list of required static device nodes for the current kernel.
[[0;32m  OK  [0m] Started Create list of required sta...ce nodes for the current kernel.
[   19.392910] systemd[1]: Started Uncomplicated firewall.
[[0;32m  OK  [0m] Started Uncomplicated firewall.
[   19.466371] systemd[1]: Started Load Kernel Modules.
[[0;32m  OK  [0m] Started Load Kernel Modules.
[   19.479891] systemd[1]: Started Remount Root and Kernel File Systems.
[[0;32m  OK  [0m] Started Remount Root and Kernel File Systems.
[   19.487196] systemd[1]: Started Journal Service.
[[0;32m  OK  [0m] Started Journal Service.
[[0;32m  OK  [0m] Started Nameserver information manager.
[[0;32m  OK  [0m] Started LVM2 metadata daemon.
         Starting Initial cloud-init job (pre-networking)...
         Starting Flush Journal to Persistent Storage...
         Starting udev Coldplug all Devices...
         Starting Load/Save Random Seed...
         Starting Apply Kernel Variables...
         Mounting FUSE Control File System...
         Starting Create Static Device Nodes in /dev...
[[0;32m  OK  [0m] Mounted FUSE Control File System.
[[0;32m  OK  [0m] Started Load/Save Random Seed.
[   19.843545] systemd-journald[396]: Received request to flush runtime journal from PID 1
[[0;32m  OK  [0m] Started udev Coldplug all Devices.
[[0;32m  OK  [0m] Started Flush Journal to Persistent Storage.
[[0;32m  OK  [0m] Started Apply Kernel Variables.
[[0;32m  OK  [0m] Started Create Static Device Nodes in /dev.
         Starting udev Kernel Device Manager...
[[0;32m  OK  [0m] Started Monitoring of LVM2 mirrors,...ng dmeventd or progress polling.
[[0;32m  OK  [0m] Started udev Kernel Device Manager.
[[0;32m  OK  [0m] Reached target Local File Systems (Pre).
[[0;32m  OK  [0m] Reached target Local File Systems.
         Starting Set console font and keymap...
         Starting Tell Plymouth To Write Out Runtime Data...
         Starting Create Volatile Files and Directories...
         Starting LSB: AppArmor initialization...
[[0;32m  OK  [0m] Started Dispatch Password Requests to Console Directory Watch.
[[0;32m  OK  [0m] Started Tell Plymouth To Write Out Runtime Data.
[[0;32m  OK  [0m] Found device /dev/ttyS0.
[[0;32m  OK  [0m] Started Create Volatile Files and Directories.
         Starting Update UTMP about System Boot/Shutdown...
[[0;32m  OK  [0m] Reached target System Time Synchronized.
[[0;32m  OK  [0m] Started Update UTMP about System Boot/Shutdown.
[[0;32m  OK  [0m] Found device 82540EM Gigabit Ethern...r (PRO/1000 MT Desktop Adapter).
[[0;32m  OK  [0m] Found device 82540EM Gigabit Ethern...r (PRO/1000 MT Desktop Adapter).
[[0;32m  OK  [0m] Started Set console font and keymap.
[[0;32m  OK  [0m] Created slice system-getty.slice.
[[0;32m  OK  [0m] Started LSB: AppArmor initialization.
[[0;32m  OK  [0m] Listening on Load/Save RF Kill Switch Status /dev/rfkill Watch.
[   24.140117] cloud-init[418]: Cloud-init v. 0.7.9 running 'init-local' at Tue, 31 Oct 2017 17:12:30 +0000. Up 23.36 seconds.
[[0;32m  OK  [0m] Started Initial cloud-init job (pre-networking).
[[0;32m  OK  [0m] Reached target Network (Pre).
[[0;32m  OK  [0m] Started ifup for enp0s8.
         Starting Raise network interfaces...
[[0;32m  OK  [0m] Started ifup for enp0s3.
[[0;32m  OK  [0m] Started Raise network interfaces.
[[0;32m  OK  [0m] Reached target Network.
         Starting Initial cloud-init job (metadata service crawler)...
[   26.083625] cloud-init[1037]: Cloud-init v. 0.7.9 running 'init' at Tue, 31 Oct 2017 17:12:32 +0000. Up 25.13 seconds.
[   26.125962] cloud-init[1037]: ci-info: +++++++++++++++++++++++++++++++++++++Net device info++++++++++++++++++++++++++++++++++++++
[   26.164450] cloud-init[1037]: ci-info: +--------+------+----------------------------+---------------+-------+-------------------+
[   26.164884] cloud-init[1037]: ci-info: | Device |  Up  |          Address           |      Mask     | Scope |     Hw-Address    |
[   26.165162] cloud-init[1037]: ci-info: +--------+------+----------------------------+---------------+-------+-------------------+
[   26.165437] cloud-init[1037]: ci-info: | enp0s3 | True |         10.0.2.15          | 255.255.255.0 |   .   | 02:30:15:13:4f:ec |
[   26.165706] cloud-init[1037]: ci-info: | enp0s3 | True | fe80::30:15ff:fe13:4fec/64 |       .       |  link | 02:30:15:13:4f:ec |
[   26.165980] cloud-init[1037]: ci-info: |   lo   | True |         127.0.0.1          |   255.0.0.0   |   .   |         .         |
[   26.166254] cloud-init[1037]: ci-info: |   lo   | True |          ::1/128           |       .       |  host |         .         |
[   26.166540] cloud-init[1037]: ci-info: | enp0s8 | True |       192.168.33.10        | 255.255.255.0 |   .   | 08:00:27:ea:05:2c |
[   26.166880] cloud-init[1037]: ci-info: | enp0s8 | True | fe80::a00:27ff:feea:52c/64 |       .       |  link | 08:00:27:ea:05:2c |
[   26.167326] cloud-init[1037]: ci-info: +--------+------+----------------------------+---------------+-------+-------------------+
[   26.167595] cloud-init[1037]: ci-info: ++++++++++++++++++++++++++++Route IPv4 info++++++++++++++++++++++++++++
[   26.167873] cloud-init[1037]: ci-info: +-------+--------------+----------+---------------+-----------+-------+
[   26.168235] cloud-init[1037]: ci-info: | Route | Destination  | Gateway  |    Genmask    | Interface | Flags |
[[0;32m  OK  [0m] Started Initial cloud-init job (metadata service crawler).
[   26.168669] cloud-init[1037]: ci-info: +-------+--------------+----------+---------------+-----------+-------+
[   27.128770] cloud-init[1037]: ci-info: |   0   |   0.0.0.0    | 10.0.2.2 |    0.0.0.0    |   enp0s3  |   UG  |
[   27.129253] cloud-init[1037]: ci-info: |   1   |   10.0.2.0   | 0.0.0.0  | 255.255.255.0 |   enp0s3  |   U   |
[[0;32m  OK  [0m] Reached target System Initialization.
[   27.129611] cloud-init[1037]: ci-info: |   2   | 192.168.33.0 | 0.0.0.0  | 255.255.255.0 |   enp0s8  |   U   |
[   27.213939] cloud-init[1037]: ci-info: +-------+--------------+----------+---------------+-----------+-------+
[[0;32m  OK  [0m] Started ACPI Events Check.
[[0;32m  OK  [0m] Reached target Paths.
[[0;32m  OK  [0m] Listening on D-Bus System Message Bus Socket.
[[0;32m  OK  [0m] Started Timer to automatically fetch and run repair assertions.
[[0;32m  OK  [0m] Listening on UUID daemon activation socket.
[[0;32m  OK  [0m] Started Timer to automatically refresh installed snaps.
         Starting LXD - unix socket.
[[0;32m  OK  [0m] Started Daily Cleanup of Temporary Directories.
[[0;32m  OK  [0m] Listening on ACPID Listen Socket.
         Starting Socket activation for snappy daemon.
[[0;32m  OK  [0m] Reached target Network is Online.
         Starting iSCSI initiator daemon (iscsid)...
[[0;32m  OK  [0m] Started Daily apt download activities.
[[0;32m  OK  [0m] Started Daily apt upgrade and clean activities.
[[0;32m  OK  [0m] Reached target Timers.
[[0;32m  OK  [0m] Reached target Cloud-config availability.
[[0;32m  OK  [0m] Listening on LXD - unix socket.
[[0;32m  OK  [0m] Listening on Socket activation for snappy daemon.
[[0;32m  OK  [0m] Reached target Sockets.
[[0;32m  OK  [0m] Reached target Basic System.
         Starting /etc/rc.local Compatibility...
[[0;32m  OK  [0m] Started FUSE filesystem for LXC.
         Starting Automatically fetch and run repair assertions...
         Starting Accounts Service...
         Starting The PHP 7.0 FastCGI Process Manager...
         Starting Snappy daemon...
[[0;32m  OK  [0m] Started Regular background program processing daemon.
         Starting Login Service...
         Starting OpenBSD Secure Shell server...
         Starting LSB: Record successful boot for GRUB...
         Starting System Logging Service...
         Starting LSB: MD monitoring daemon...
[[0;32m  OK  [0m] Started D-Bus System Message Bus.
[[0;32m  OK  [0m] Started Unattended Upgrades Shutdown.
         Starting Apply the settings specified in cloud-config...
[[0;32m  OK  [0m] Started ACPI event daemon.
[[0;32m  OK  [0m] Started Deferred execution scheduler.
         Starting LXD - container startup/shutdown...
[[0;32m  OK  [0m] Started System Logging Service.
[[0;32m  OK  [0m] Started iSCSI initiator daemon (iscsid).
[[0;32m  OK  [0m] Started /etc/rc.local Compatibility.
[[0;32m  OK  [0m] Started Automatically fetch and run repair assertions.
[[0;32m  OK  [0m] Started Login Service.
         Starting Login to default iSCSI targets...
[[0;32m  OK  [0m] Started LSB: Record successful boot for GRUB.
[[0;32m  OK  [0m] Started LSB: MD monitoring daemon.
         Starting Authenticate and Authorize Users to Run Privileged Tasks...
[[0;32m  OK  [0m] Started Login to default iSCSI targets.
[[0;32m  OK  [0m] Reached target Remote File Systems (Pre).
[[0;32m  OK  [0m] Reached target Remote File Systems.
         Starting LSB: Apache2 web server...
         Starting Permit User Sessions...
         Starting LSB: Set the CPU Frequency Scaling governor to "ondemand"...
         Starting LSB: daemon to balance interrupts for SMP systems...
         Starting LSB: automatic crash report generation...
         Starting LSB: VirtualBox Linux Additions...
[[0;32m  OK  [0m] Started Permit User Sessions.
[[0;32m  OK  [0m] Started Authenticate and Authorize Users to Run Privileged Tasks.
[[0;32m  OK  [0m] Started OpenBSD Secure Shell server.
[[0;32m  OK  [0m] Started Accounts Service.
[   30.023858] cloud-init[1147]: Cloud-init v. 0.7.9 running 'modules:config' at Tue, 31 Oct 2017 17:12:36 +0000. Up 29.44 seconds.
[[0;32m  OK  [0m] Started Apply the settings specified in cloud-config.
[[0;32m  OK  [0m] Started LSB: Set the CPU Frequency Scaling governor to "ondemand".
         Starting Hold until boot process finishes up...
         Starting Terminate Plymouth Boot Screen...
[[0;32m  OK  [0m] Started Hold until boot process finishes up.
[[0;32m  OK  [0m] Started Terminate Plymouth Boot Screen.
[[0;32m  OK  [0m] Started Serial Getty on ttyS0.
[[0;32m  OK  [0m] Started Getty on tty1.
[[0;32m  OK  [0m] Reached target Login Prompts.
         Starting Set console scheme...
[[0;32m  OK  [0m] Started LSB: daemon to balance interrupts for SMP systems.
[[0;32m  OK  [0m] Started LSB: automatic crash report generation.
[[0;32m  OK  [0m] Started Set console scheme.
[[0;32m  OK  [0m] Started LSB: VirtualBox Linux Additions.
[[0;32m  OK  [0m] Created slice User Slice of ubuntu.
[[0;32m  OK  [0m] Started Snappy daemon.
[[0;32m  OK  [0m] Started Session 1 of user ubuntu.
         Starting Auto import assertions from block devices...
         Starting User Manager for UID 1000...
[[0;32m  OK  [0m] Started Auto import assertions from block devices.
[[0;32m  OK  [0m] Started User Manager for UID 1000.
[[0;32m  OK  [0m] Started LXD - container startup/shutdown.
[[0;32m  OK  [0m] Started The PHP 7.0 FastCGI Process Manager.
[[0;32m  OK  [0m] Started LSB: Apache2 web server.
[[0;32m  OK  [0m] Reached target Multi-User System.
[[0;32m  OK  [0m] Reached target Graphical Interface.
         Starting Execute cloud user/final scripts...
         Starting Update UTMP about System Runlevel Changes...
[[0;32m  OK  [0m] Started Update UTMP about System Runlevel Changes.
[   34.603370] cloud-init[1389]: Cloud-init v. 0.7.9 running 'modules:final' at Tue, 31 Oct 2017 17:12:41 +0000. Up 34.37 seconds.
[   34.639196] cloud-init[1389]: Cloud-init v. 0.7.9 finished at Tue, 31 Oct 2017 17:12:41 +0000. Datasource DataSourceNoCloud [seed=/dev/sdb][dsmode=net].  Up 34.59 seconds
[[0;32m  OK  [0m] Started Execute cloud user/final scripts.
[[0;32m  OK  [0m] Reached target Cloud-init target.

Ubuntu 16.04.3 LTS ubuntu-xenial ttyS0

ubuntu-xenial login:          Stopping Session 4 of user ubuntu.
         Stopping User Manager for UID 1000...
         Stopping ACPI event daemon...
[[0;32m  OK  [0m] Stopped target Cloud-init target.
[[0;32m  OK  [0m] Stopu         Stopping Getty on tty1...
         Stopping LSB: Set the CPU Frequency Scaling governor to "ondemand"...
         Stopping LXD - container startup/shutdown...
[[0;32m  OK  [0m] Closed Load/Save RF Kill Switch Status /dev/rfkill Watch.
[[0;32m  OK  [0m] Stopped Daily Cleanup of Temporary Directories.
         Stopping Snappy daemon...
         Stopping Authenticate and Authorize Users to Run Privileged Tasks...
[[0;32m  OK  [0m] Unmounted /var/lib/lxcfs.
[[0;32m  OK  [0m] Stopped Accounts Service.
[[0;32m  OK  [0m] Stopped Snappy daemon.
[[0;32m  OK  [0m] Stopped Regular background program processing daemon.
[[0;32m  OK  [0m] Stopped OpenBSD Secure Shell server.
[[0;32m  OK  [0m] Stopped System Logging Service.
[[0;32m  OK  [0m] Stopped ACPI event daemon.
[[0;32m  OK  [0m] Stopped Deferred execution scheduler.
[[0;32m  OK  [0m] Stopped Authenticate and Authorize Users to Run Privileged Tasks.
[[0;32m  OK  [0m] Stopped Serial Getty on ttyS0.
[[0;32m  OK  [0m] Stopped Getty on tty1.
[[0;32m  OK  [0m] Stopped The PHP 7.0 FastCGI Process Manager.
[[0;32m  OK  [0m] Stopped User Manager for UID 1000.
[[0;32m  OK  [0m] Stopped Session 4 of user ubuntu.
[[0;32m  OK  [0m] Stopped D-Bus System Message Bus.
[[0;32m  OK  [0m] Stopped Unattended Upgrades Shutdown.
[[0;32m  OK  [0m] Stopped FUSE filesystem for LXC.
[[0;32m  OK  [0m] Stopped LSB: Record successful boot for GRUB.
[[0;32m  OK  [0m] Stopped LSB: daemon to balance interrupts for SMP systems.
[[0;32m  OK  [0m] Stopped LSB: VirtualBox Linux Additions.
[[0;32m  OK  [0m] Stopped LSB: automatic crash report generation.
[[0;32m  OK  [0m] Stopped LSB: MD monitoring daemon.
[[0;32m  OK  [0m] Stopped LSB: Apache2 web server.
[[0;32m  OK  [0m] Stopped LSB: Set the CPU Frequency Scaling governor to "ondemand".
[[0;32m  OK  [0m] Stopped LXD - container startup/shutdown.
[[0;32m  OK  [0m] Removed slice User Slice of ubuntu.
         Stopping Login Service...
[[0;32m  OK  [0m] Removed slice system-getty.slice.
[[0;32m  OK  [0m] Stopped /etc/rc.local Compatibility.
         Stopping Permit User Sessions...
[[0;32m  OK  [0m] Removed slice system-serial\x2dgetty.slice.
[[0;32m  OK  [0m] Stopped Login Service.
[[0;32m  OK  [0m] Stopped Permit User Sessions.
[[0;32m  OK  [0m] Stopped target Remote File Systems.
[[0;32m  OK  [0m] Stopped target Remote File Systems (Pre).
         Stopping Login to default iSCSI targets...
[[0;32m  OK  [0m] Stopped target User and Group Name Lookups.
[[0;32m  OK  [0m] Stopped target Basic System.
[[0;32m  OK  [0m] Stopped target Sockets.
[[0;32m  OK  [0m] Closed ACPID Listen Socket.
[[0;32m  OK  [0m] Closed LXD - unix socket.
[[0;32m  OK  [0m] Closed Syslog Socket.
[[0;32m  OK  [0m] Closed Socket activation for snappy daemon.
[[0;32m  OK  [0m] Closed UUID daemon activation socket.
[[0;32m  OK  [0m] Stopped target Paths.
[[0;32m  OK  [0m] Stopped Forward Password Requests to Wall Directory Watch.
[[0;32m  OK  [0m] Stopped ACPI Events Check.
[[0;32m  OK  [0m] Stopped Dispatch Password Requests to Console Directory Watch.
[[0;32m  OK  [0m] Stopped target Slices.
[[0;32m  OK  [0m] Removed slice User and Session Slice.
[[0;32m  OK  [0m] Closed D-Bus System Message Bus Socket.
[[0;32m  OK  [0m] Stopped target System Initialization.
[[0;32m  OK  [0m] Stopped target Encrypted Volumes.
         Stopping Load/Save Random Seed...
[[0;32m  OK  [0m] Stopped target Swap.
         Stopping Update UTMP about System Boot/Shutdown...
[[0;32m  OK  [0m] Stopped Load/Save Random Seed.
[[0;32m  OK  [0m] Stopped Update UTMP about System Boot/Shutdown.
[[0;32m  OK  [0m] Stopped Login to default iSCSI targets.
         Stopping iSCSI initiator daemon (iscsid)...
[[0;32m  OK  [0m] Stopped Create Volatile Files and Directories.
[[0;32m  OK  [0m] Stopped iSCSI initiator daemon (iscsid).
[[0;32m  OK  [0m] Stopped target Network is Online.
[[0;32m  OK  [0m] Stopped target Network.
[[0;32m  OK  [0m] Stopped Initial cloud-init job (metadata service crawler).
         Stopping Raise network interfaces...
[[0;32m  OK  [0m] Stopped Raise network interfaces.
[[0;32m  OK  [0m] Stopped target Local File Systems.
         Unmounting /run/user/1000...
         Unmounting /var/www/html...
         Unmounting /vagrant...
[[0;32m  OK  [0m] Stopped target Network (Pre).
[[0;32m  OK  [0m] Stopped Initial cloud-init job (pre-networking).
[[0;32m  OK  [0m] Stopped Apply Kernel Variables.
[[0;32m  OK  [0m] Stopped Load Kernel Modules.
[[0;32m  OK  [0m] Unmounted /run/user/1000.
[[0;32m  OK  [0m] Unmounted /var/www/html.
[[0;32m  OK  [0m] Unmounted /vagrant.
[[0;32m  OK  [0m] Reached target Unmount All Filesystems.
[[0;32m  OK  [0m] Stopped target Local File Systems (Pre).
[[0;32m  OK  [0m] Stopped Create Static Device Nodes in /dev.
[[0;32m  OK  [0m] Stopped Remount Root and Kernel File Systems.
[[0;32m  OK  [0m] Reached target Shutdown.
[ 747683 rboot: Power down
