[    0.000000] Initializing cgroup subsys cpuset
[    0.000000] Initializing cgroup subsys cpu
[    0.000000] Initializing cgroup subsys cpuacct
[    0.000000] Linux version 4.4.0-98-generic (buildd@lcy01-03) (gcc version 5.4.0 20160609 (Ubuntu 5.4.0-6ubuntu1~16.04.4) ) #121-Ubuntu SMP Tue Oct 10 14:24:03 UTC 2017 (Ubuntu 4.4.0-98.121-generic 4.4.90)
[    0.000000] Command line: BOOT_IMAGE=/boot/vmlinuz-4.4.0-98-generic root=UUID=d7006b2f-ace6-464d-8b21-17180b3ed360 ro console=tty1 console=ttyS0
[    0.000000] KERNEL supported cpus:
[    0.000000]   Intel GenuineIntel
[    0.000000]   AMD AuthenticAMD
[    0.000000]   Centaur CentaurHauls
[    0.000000] x86/fpu: xstate_offset[2]:  576, xstate_sizes[2]:  256
[    0.000000] x86/fpu: Supporting XSAVE feature 0x01: 'x87 floating point registers'
[    0.000000] x86/fpu: Supporting XSAVE feature 0x02: 'SSE registers'
[    0.000000] x86/fpu: Supporting XSAVE feature 0x04: 'AVX registers'
[    0.000000] x86/fpu: Enabled xstate features 0x7, context size is 832 bytes, using 'standard' format.
[    0.000000] x86/fpu: Using 'lazy' FPU context switches.
[    0.000000] e820: BIOS-provided physical RAM map:
[    0.000000] BIOS-e820: [mem 0x0000000000000000-0x000000000009fbff] usable
[    0.000000] BIOS-e820: [mem 0x000000000009fc00-0x000000000009ffff] reserved
[    0.000000] BIOS-e820: [mem 0x00000000000f0000-0x00000000000fffff] reserved
[    0.000000] BIOS-e820: [mem 0x0000000000100000-0x000000003ffeffff] usable
[    0.000000] BIOS-e820: [mem 0x000000003fff0000-0x000000003fffffff] ACPI data
[    0.000000] BIOS-e820: [mem 0x00000000fec00000-0x00000000fec00fff] reserved
[    0.000000] BIOS-e820: [mem 0x00000000fee00000-0x00000000fee00fff] reserved
[    0.000000] BIOS-e820: [mem 0x00000000fffc0000-0x00000000ffffffff] reserved
[    0.000000] NX (Execute Disable) protection: active
[    0.000000] SMBIOS 2.5 present.
[    0.000000] Hypervisor detected: KVM
[    0.000000] e820: last_pfn = 0x3fff0 max_arch_pfn = 0x400000000
[    0.000000] MTRR: Disabled
[    0.000000] x86/PAT: MTRRs disabled, skipping PAT initialization too.
[    0.000000] CPU MTRRs all blank - virtualized system.
[    0.000000] x86/PAT: Configuration [0-7]: WB  WT  UC- UC  WB  WT  UC- UC  
[    0.000000] found SMP MP-table at [mem 0x0009fff0-0x0009ffff] mapped at [ffff88000009fff0]
[    0.000000] Scanning 1 areas for low memory corruption
[    0.000000] RAMDISK: [mem 0x3622e000-0x3710efff]
[    0.000000] ACPI: Early table checksum verification disabled
[    0.000000] ACPI: RSDP 0x00000000000E0000 000024 (v02 VBOX  )
[    0.000000] ACPI: XSDT 0x000000003FFF0030 00003C (v01 VBOX   VBOXXSDT 00000001 ASL  00000061)
[    0.000000] ACPI: FACP 0x000000003FFF00F0 0000F4 (v04 VBOX   VBOXFACP 00000001 ASL  00000061)
[    0.000000] ACPI: DSDT 0x000000003FFF0470 0021FF (v02 VBOX   VBOXBIOS 00000002 INTL 20100528)
[    0.000000] ACPI: FACS 0x000000003FFF0200 000040
[    0.000000] ACPI: FACS 0x000000003FFF0200 000040
[    0.000000] ACPI: APIC 0x000000003FFF0240 00005C (v02 VBOX   VBOXAPIC 00000001 ASL  00000061)
[    0.000000] ACPI: SSDT 0x000000003FFF02A0 0001CC (v01 VBOX   VBOXCPUT 00000002 INTL 20100528)
[    0.000000] No NUMA configuration found
[    0.000000] Faking a node at [mem 0x0000000000000000-0x000000003ffeffff]
[    0.000000] NODE_DATA(0) allocated [mem 0x3ffeb000-0x3ffeffff]
[    0.000000] kvm-clock: Using msrs 4b564d01 and 4b564d00
[    0.000000] kvm-clock: cpu 0, msr 0:3ffe3001, primary cpu clock
[    0.000000] kvm-clock: using sched offset of 3908698598 cycles
[    0.000000] clocksource: kvm-clock: mask: 0xffffffffffffffff max_cycles: 0x1cd42e4dffb, max_idle_ns: 881590591483 ns
[    0.000000] Zone ranges:
[    0.000000]   DMA      [mem 0x0000000000001000-0x0000000000ffffff]
[    0.000000]   DMA32    [mem 0x0000000001000000-0x000000003ffeffff]
[    0.000000]   Normal   empty
[    0.000000]   Device   empty
[    0.000000] Movable zone start for each node
[    0.000000] Early memory node ranges
[    0.000000]   node   0: [mem 0x0000000000001000-0x000000000009efff]
[    0.000000]   node   0: [mem 0x0000000000100000-0x000000003ffeffff]
[    0.000000] Initmem setup node 0 [mem 0x0000000000001000-0x000000003ffeffff]
[    0.000000] ACPI: PM-Timer IO Port: 0x4008
[    0.000000] IOAPIC[0]: apic_id 2, version 32, address 0xfec00000, GSI 0-23
[    0.000000] ACPI: INT_SRC_OVR (bus 0 bus_irq 0 global_irq 2 dfl dfl)
[    0.000000] ACPI: INT_SRC_OVR (bus 0 bus_irq 9 global_irq 9 high level)
[    0.000000] Using ACPI (MADT) for SMP configuration information
[    0.000000] smpboot: Allowing 2 CPUs, 0 hotplug CPUs
[    0.000000] PM: Registered nosave memory: [mem 0x00000000-0x00000fff]
[    0.000000] PM: Registered nosave memory: [mem 0x0009f000-0x0009ffff]
[    0.000000] PM: Registered nosave memory: [mem 0x000a0000-0x000effff]
[    0.000000] PM: Registered nosave memory: [mem 0x000f0000-0x000fffff]
[    0.000000] e820: [mem 0x40000000-0xfebfffff] available for PCI devices
[    0.000000] Booting paravirtualized kernel on KVM
[    0.000000] clocksource: refined-jiffies: mask: 0xffffffff max_cycles: 0xffffffff, max_idle_ns: 7645519600211568 ns
[    0.000000] setup_percpu: NR_CPUS:512 nr_cpumask_bits:512 nr_cpu_ids:2 nr_node_ids:1
[    0.000000] PERCPU: Embedded 34 pages/cpu @ffff88003fc00000 s98328 r8192 d32744 u1048576
[    0.000000] PV qspinlock hash table entries: 256 (order: 0, 4096 bytes)
[    0.000000] Built 1 zonelists in Node order, mobility grouping on.  Total pages: 257913
[    0.000000] Policy zone: DMA32
[    0.000000] Kernel command line: BOOT_IMAGE=/boot/vmlinuz-4.4.0-98-generic root=UUID=d7006b2f-ace6-464d-8b21-17180b3ed360 ro console=tty1 console=ttyS0
[    0.000000] PID hash table entries: 4096 (order: 3, 32768 bytes)
[    0.000000] Memory: 997328K/1048120K available (8484K kernel code, 1294K rwdata, 3988K rodata, 1492K init, 1316K bss, 50792K reserved, 0K cma-reserved)
[    0.000000] SLUB: HWalign=64, Order=0-3, MinObjects=0, CPUs=2, Nodes=1
[    0.000000] Hierarchical RCU implementation.
[    0.000000] 	Build-time adjustment of leaf fanout to 64.
[    0.000000] 	RCU restricting CPUs from NR_CPUS=512 to nr_cpu_ids=2.
[    0.000000] RCU: Adjusting geometry for rcu_fanout_leaf=64, nr_cpu_ids=2
[    0.000000] NR_IRQS:33024 nr_irqs:440 16
[    0.000000] Console: colour VGA+ 80x25
[    0.000000] console [tty1] enabled
[    0.000000] console [ttyS0] enabled
[    0.000000] tsc: Detected 2303.998 MHz processor
[    7.039598] Calibrating delay loop (skipped) preset value.. 4607.99 BogoMIPS (lpj=9215992)
[    7.064920] pid_max: default: 32768 minimum: 301
[    7.129003] ACPI: Core revision 20150930
[    7.176025] ACPI: 2 ACPI AML tables successfully acquired and loaded
[    7.263932] Security Framework initialized
[    7.264702] Yama: becoming mindful.
[    7.265396] AppArmor: AppArmor initialized
[    7.266220] Dentry cache hash table entries: 131072 (order: 8, 1048576 bytes)
[    7.278799] Inode-cache hash table entries: 65536 (order: 7, 524288 bytes)
[    7.366118] Mount-cache hash table entries: 2048 (order: 2, 16384 bytes)
[    7.447789] Mountpoint-cache hash table entries: 2048 (order: 2, 16384 bytes)
[    7.498434] Initializing cgroup subsys io
[    7.551260] Initializing cgroup subsys memory
[    7.591284] Initializing cgroup subsys devices
[    7.643618] Initializing cgroup subsys freezer
[    7.706414] Initializing cgroup subsys net_cls
[    7.772658] Initializing cgroup subsys perf_event
[    7.831747] Initializing cgroup subsys net_prio
[    7.883676] Initializing cgroup subsys hugetlb
[    7.947965] Initializing cgroup subsys pids
[    7.948915] CPU: Physical Processor ID: 0
[    8.003364] CPU: Processor Core ID: 0
[    8.039821] mce: CPU supports 0 MCE banks
[    8.079439] Last level iTLB entries: 4KB 64, 2MB 8, 4MB 8
[    8.136171] Last level dTLB entries: 4KB 64, 2MB 0, 4MB 0, 1GB 4
[    8.203977] Freeing SMP alternatives memory: 32K
[    8.231261] ftrace: allocating 32154 entries in 126 pages
[    8.310940] smpboot: APIC(0) Converting physical 0 to logical package 0
[    8.365745] smpboot: Max logical packages: 1
[    8.395225] x2apic enabled
[    8.435388] Switched APIC routing to physical x2apic.
[    8.483716] ..TIMER: vector=0x30 apic1=0 pin1=2 apic2=-1 pin2=-1
[    8.670927] smpboot: CPU0: Intel(R) Core(TM) i5-7360U CPU @ 2.30GHz (family: 0x6, model: 0x8e, stepping: 0x9)
[    8.723434] Performance Events: unsupported p6 CPU model 142 no PMU driver, software events only.
[    8.725149] KVM setup paravirtual spinlock
[    8.726546] x86: Booting SMP configuration:
[    8.782582] .... node  #0, CPUs:      #1
[    8.805322] kvm-clock: cpu 1, msr 0:3ffe3041, secondary cpu clock
[    8.806986] mce: CPU supports 0 MCE banks
[    8.809403] x86: Booted up 1 node, 2 CPUs
[    8.856130] smpboot: Total of 2 processors activated (9215.99 BogoMIPS)
[    8.948540] devtmpfs: initialized
[    8.975249] evm: security.selinux
[    8.997450] evm: security.SMACK64
[    9.033670] evm: security.SMACK64EXEC
[    9.064792] evm: security.SMACK64TRANSMUTE
[    9.102677] evm: security.SMACK64MMAP
[    9.131099] evm: security.ima
[    9.158433] evm: security.capability
[    9.191682] clocksource: jiffies: mask: 0xffffffff max_cycles: 0xffffffff, max_idle_ns: 7645041785100000 ns
[    9.290834] futex hash table entries: 512 (order: 3, 32768 bytes)
[    9.342840] pinctrl core: initialized pinctrl subsystem
[    9.395611] RTC time:  8:54:57, date: 11/14/17
[    9.434341] NET: Registered protocol family 16
[    9.491588] cpuidle: using governor ladder
[    9.539857] cpuidle: using governor menu
[    9.576639] PCCT header not found.
[    9.609684] ACPI: bus type PCI registered
[    9.666520] acpiphp: ACPI Hot Plug PCI Controller Driver version: 0.5
[    9.683975] PCI: Using configuration type 1 for base access
[    9.764422] ACPI: Added _OSI(Module Device)
[    9.808122] ACPI: Added _OSI(Processor Device)
[    9.844537] ACPI: Added _OSI(3.0 _SCP Extensions)
[    9.889339] ACPI: Added _OSI(Processor Aggregator Device)
[    9.940931] ACPI: Executed 1 blocks of module-level executable AML code
[    9.997750] ACPI: Interpreter enabled
[   10.028120] ACPI: (supports S0 S5)
[   10.065700] ACPI: Using IOAPIC for interrupt routing
[   10.121658] PCI: Using host bridge windows from ACPI; if necessary, use "pci=nocrs" and report a bug
[   10.230705] ACPI: PCI Root Bridge [PCI0] (domain 0000 [bus 00-ff])
[   10.232027] acpi PNP0A03:00: _OSC: OS supports [ASPM ClockPM Segments MSI]
[   10.296830] acpi PNP0A03:00: _OSC: not requesting OS control; OS requires [ExtendedConfig ASPM ClockPM MSI]
[   10.357750] acpi PNP0A03:00: fail to add MMCONFIG information, can't access extended PCI configuration space under this bridge.
[   10.455456] PCI host bridge to bus 0000:00
[   10.474629] pci_bus 0000:00: root bus resource [io  0x0000-0x0cf7 window]
[   10.493361] pci_bus 0000:00: root bus resource [io  0x0d00-0xffff window]
[   10.550701] pci_bus 0000:00: root bus resource [mem 0x000a0000-0x000bffff window]
[   10.602250] pci_bus 0000:00: root bus resource [mem 0x40000000-0xffdfffff window]
[   10.665384] pci_bus 0000:00: root bus resource [bus 00-ff]
[   10.716043] pci 0000:00:01.1: legacy IDE quirk: reg 0x10: [io  0x01f0-0x01f7]
[   10.717219] pci 0000:00:01.1: legacy IDE quirk: reg 0x14: [io  0x03f6]
[   10.767200] pci 0000:00:01.1: legacy IDE quirk: reg 0x18: [io  0x0170-0x0177]
[   10.784306] pci 0000:00:01.1: legacy IDE quirk: reg 0x1c: [io  0x0376]
[   10.823955] pci 0000:00:07.0: quirk: [io  0x4000-0x403f] claimed by PIIX4 ACPI
[   10.889380] pci 0000:00:07.0: quirk: [io  0x4100-0x410f] claimed by PIIX4 SMB
[   10.942640] ACPI: PCI Interrupt Link [LNKA] (IRQs 5 9 10 *11)
[   11.005918] ACPI: PCI Interrupt Link [LNKB] (IRQs 5 9 10 *11)
[   11.057532] ACPI: PCI Interrupt Link [LNKC] (IRQs 5 9 *10 11)
[   11.101316] ACPI: PCI Interrupt Link [LNKD] (IRQs 5 *9 10 11)
[   11.149960] ACPI: Enabled 2 GPEs in block 00 to 07
[   11.202757] vgaarb: setting as boot device: PCI:0000:00:02.0
[   11.228311] vgaarb: device added: PCI:0000:00:02.0,decodes=io+mem,owns=io+mem,locks=none
[   11.271293] vgaarb: loaded
[   11.299436] vgaarb: bridge control possible 0000:00:02.0
[   11.339248] SCSI subsystem initialized
[   11.367563] ACPI: bus type USB registered
[   11.409760] usbcore: registered new interface driver usbfs
[   11.421344] usbcore: registered new interface driver hub
[   11.452291] usbcore: registered new device driver usb
[   11.482876] PCI: Using ACPI for IRQ routing
[   11.505905] NetLabel: Initializing
[   11.547643] NetLabel:  domain hash size = 128
[   11.548454] NetLabel:  protocols = UNLABELED CIPSOv4
[   11.549355] NetLabel:  unlabeled traffic allowed by default
[   11.550412] amd_nb: Cannot enumerate AMD northbridges
[   11.593350] clocksource: Switched to clocksource kvm-clock
[   11.670144] AppArmor: AppArmor Filesystem Enabled
[   11.776680] pnp: PnP ACPI init
[   11.835681] pnp: PnP ACPI: found 3 devices
[   11.901475] clocksource: acpi_pm: mask: 0xffffff max_cycles: 0xffffff, max_idle_ns: 2085701024 ns
[   12.070986] NET: Registered protocol family 2
[   12.071961] TCP established hash table entries: 8192 (order: 4, 65536 bytes)
[   12.119083] TCP bind hash table entries: 8192 (order: 5, 131072 bytes)
[   12.188278] TCP: Hash tables configured (established 8192 bind 8192)
[   12.270213] UDP hash table entries: 512 (order: 2, 16384 bytes)
[   12.393875] UDP-Lite hash table entries: 512 (order: 2, 16384 bytes)
[   12.415706] NET: Registered protocol family 1
[   12.459138] pci 0000:00:00.0: Limiting direct PCI/PCI transfers
[   12.535741] pci 0000:00:01.0: Activating ISA DMA hang workarounds
[   12.662396] Unpacking initramfs...
[   12.920733] Freeing initrd memory: 15236K
[   13.028301] platform rtc_cmos: registered platform RTC device (no PNP device found)
[   13.104910] Scanning for low memory corruption every 60 seconds
[   13.154736] audit: initializing netlink subsys (disabled)
[   13.282552] audit: type=2000 audit(1510649695.740:1): initialized
[   13.408582] Initialise system trusted keyring
[   13.492217] HugeTLB registered 2 MB page size, pre-allocated 0 pages
[   13.591892] zbud: loaded
[   13.642959] VFS: Disk quotas dquot_6.6.0
[   13.732438] VFS: Dquot-cache hash table entries: 512 (order 0, 4096 bytes)
[   13.844436] squashfs: version 4.0 (2009/01/31) Phillip Lougher
[   13.970065] fuse init (API version 7.23)
[   13.997787] Key type big_key registered
[   14.062937] tsc: Refined TSC clocksource calibration: 2304.797 MHz
[   14.115155] clocksource: tsc: mask: 0xffffffffffffffff max_cycles: 0x2138e8ad1e6, max_idle_ns: 440795275682 ns
[   14.115208] Allocating IMA MOK and blacklist keyrings.
ÿ[   14.115418] Key type asymmetric registered
[   14.115423] Asymmetric key parser 'x509' registered
[   14.115467] Block layer SCSI generic (bsg) driver version 0.4 loaded (major 249)
[   14.115489] io scheduler noop registered
[   14.115491] io scheduler deadline registered (default)
[   14.115513] io scheduler cfq registered
[   14.115583] pci_hotplug: PCI Hot Plug PCI Core version: 0.5
[   14.115587] pciehp: PCI Express Hot Plug Controller Driver version: 0.4
[   14.115746] ACPI: AC Adapter [AC] (on-line)
[   14.115785] input: Power Button as /devices/LNXSYSTM:00/LNXPWRBN:00/input/input0
[   14.115787] ACPI: Power Button [PWRF]
[   14.115837] input: Sleep Button as /devices/LNXSYSTM:00/LNXSLPBN:00/input/input1
[   14.115838] ACPI: Sleep Button [SLPF]
[   14.115939] GHES: HEST is not enabled!
[   14.190111] Serial: 8250/16550 driver, 32 ports, IRQ sharing enabled
[   14.329073] 00:02: ttyS0 at I/O 0x3f8 (irq = 4, base_baud = 115200) is a 16550A
[   14.412684] Linux agpgart interface v0.103
[   14.456190] loop: module loaded
[   14.456742] scsi host0: ata_piix
[   14.456786] scsi host1: ata_piix
[   14.456815] ata1: PATA max UDMA/33 cmd 0x1f0 ctl 0x3f6 bmdma 0xd000 irq 14
[   14.456816] ata2: PATA max UDMA/33 cmd 0x170 ctl 0x376 bmdma 0xd008 irq 15
[   14.456882] libphy: Fixed MDIO Bus: probed
[   14.456884] tun: Universal TUN/TAP device driver, 1.6
[   14.456884] tun: (C) 1999-2004 Max Krasnyansky <maxk@qualcomm.com>
[   14.457169] PPP generic driver version 2.4.2
[   14.457217] ehci_hcd: USB 2.0 'Enhanced' Host Controller (EHCI) Driver
[   14.457221] ehci-pci: EHCI PCI platform driver
[   14.457234] ehci-platform: EHCI generic platform driver
[   14.457240] ohci_hcd: USB 1.1 'Open' Host Controller (OHCI) Driver
[   14.457243] ohci-pci: OHCI PCI platform driver
[   14.457250] ohci-platform: OHCI generic platform driver
[   14.457256] uhci_hcd: USB Universal Host Controller Interface driver
[   14.457299] i8042: PNP: PS/2 Controller [PNP0303:PS2K,PNP0f03:PS2M] at 0x60,0x64 irq 1,12
[   14.489124] serio: i8042 KBD port at 0x60,0x64 irq 1
[   14.489131] serio: i8042 AUX port at 0x60,0x64 irq 12
[   14.489514] mousedev: PS/2 mouse device common for all mice
[   14.490162] rtc_cmos rtc_cmos: rtc core: registered rtc_cmos as rtc0
[   14.490231] rtc_cmos rtc_cmos: alarms up to one day, 114 bytes nvram
[   14.490241] i2c /dev entries driver
[   14.490382] device-mapper: uevent: version 1.0.3
[   14.490520] device-mapper: ioctl: 4.34.0-ioctl (2015-10-28) initialised: dm-devel@redhat.com
[   14.490538] ledtrig-cpu: registered to indicate activity on CPUs
[   14.490871] NET: Registered protocol family 10
[   14.491024] NET: Registered protocol family 17
[   14.491033] Key type dns_resolver registered
[   14.556203] microcode: CPU0 sig=0x806e9, pf=0x8, revision=0x0
[   14.556232] microcode: CPU1 sig=0x806e9, pf=0x8, revision=0x0
[   14.556313] microcode: Microcode Update Driver: v2.01 <tigran@aivazian.fsnet.co.uk>, Peter Oruba
[   14.556411] registered taskstats version 1
[   14.556425] Loading compiled-in X.509 certificates
[   14.556881] Loaded X.509 cert 'Build time autogenerated kernel key: 7431eaeda5a51458aeb00f8de0f18f89e178d882'
[   14.556899] zswap: loaded using pool lzo/zbud
[   14.558230] Key type trusted registered
[   14.560068] Key type encrypted registered
[   14.560073] AppArmor: AppArmor sha1 policy hashing enabled
[   14.560075] ima: No TPM chip found, activating TPM-bypass!
[   14.560090] evm: HMAC attrs: 0x1
[   14.560333]   Magic number: 9:819:927
[   14.634893] rtc_cmos rtc_cmos: setting system clock to 2017-11-14 08:55:02 UTC (1510649702)
[   14.635059] BIOS EDD facility v0.16 2004-Jun-25, 0 devices found
[   14.635059] EDD information not available.
[   14.872484] input: AT Translated Set 2 keyboard as /devices/platform/i8042/serio0/input/input2
[   17.687090] Freeing unused kernel memory: 1492K
[   17.734312] Write protecting the kernel read-only data: 14336k
[   17.793228] Freeing unused kernel memory: 1744K
[   17.819926] Freeing unused kernel memory: 108K
Loading, please wait...
starting version[   17.846518] random: systemd-udevd: uninitialized urandom read (16 bytes read, 7 bits of entropy available)
 229
[   17.847225] random: udevadm: uninitialized urandom read (16 bytes read, 7 bits of entropy available)
[   17.847260] random: udevadm: uninitialized urandom read (16 bytes read, 7 bits of entropy available)
[   17.847366] random: udevadm: uninitialized urandom read (16 bytes read, 7 bits of entropy available)
[   17.847403] random: udevadm: uninitialized urandom read (16 bytes read, 7 bits of entropy available)
[   17.847449] random: udevadm: uninitialized urandom read (16 bytes read, 7 bits of entropy available)
[   17.847488] random: udevadm: uninitialized urandom read (16 bytes read, 7 bits of entropy available)
[   17.847523] random: udevadm: uninitialized urandom read (16 bytes read, 7 bits of entropy available)
[   17.847556] random: udevadm: uninitialized urandom read (16 bytes read, 7 bits of entropy available)
[   17.847589] random: udevadm: uninitialized urandom read (16 bytes read, 7 bits of entropy available)
[   18.808693] e1000: Intel(R) PRO/1000 Network Driver - version 7.3.21-k8-NAPI
[   18.816399] e1000: Copyright (c) 1999-2006 Intel Corporation.
[   18.821830] Fusion MPT base driver 3.04.20
[   18.861579] Copyright (c) 1999-2008 LSI Corporation
[   18.868730] Fusion MPT SPI Host driver 3.04.20
[   18.965105] AVX version of gcm_enc/dec engaged.
[   18.983182] AES CTR mode by8 optimization enabled
[   19.064790] input: ImExPS/2 Generic Explorer Mouse as /devices/platform/i8042/serio1/input/input4
[   19.297432] e1000 0000:00:03.0 eth0: (PCI:33MHz:32-bit) 02:14:68:3e:84:47
[   19.361089] e1000 0000:00:03.0 eth0: Intel(R) PRO/1000 Network Connection
[   19.445714] mptbase: ioc0: Initiating bringup
[   19.561937] ioc0: LSI53C1030 A0: Capabilities={Initiator}
[   19.850834] scsi host2: ioc0: LSI53C1030 A0, FwRev=00000000h, Ports=1, MaxQ=256, IRQ=20
[   20.053708] scsi 2:0:0:0: Direct-Access     VBOX     HARDDISK         1.0  PQ: 0 ANSI: 5
[   20.070029] scsi target2:0:0: Beginning Domain Validation
[   20.072536] scsi target2:0:0: Domain Validation skipping write tests
[   20.102520] scsi target2:0:0: Ending Domain Validation
[   20.157629] scsi target2:0:0: asynchronous
[   20.177526] scsi 2:0:1:0: Direct-Access     VBOX     HARDDISK         1.0  PQ: 0 ANSI: 5
[   20.184351] scsi target2:0:1: Beginning Domain Validation
[   20.186040] scsi target2:0:1: Domain Validation skipping write tests
[   20.213773] scsi target2:0:1: Ending Domain Validation
[   20.243621] scsi target2:0:1: asynchronous
[   20.257884] sd 2:0:0:0: Attached scsi generic sg0 type 0
[   20.264294] sd 2:0:0:0: [sda] 20971520 512-byte logical blocks: (10.7 GB/10.0 GiB)
[   20.292236] sd 2:0:1:0: [sdb] 20480 512-byte logical blocks: (10.5 MB/10.0 MiB)
[   20.299091] sd 2:0:1:0: Attached scsi generic sg1 type 0
[   20.300281] sd 2:0:1:0: [sdb] Write Protect is off
[   20.313150] sd 2:0:0:0: [sda] Write Protect is off
[   20.314173] sd 2:0:0:0: [sda] Incomplete mode parameter data
[   20.315196] sd 2:0:0:0: [sda] Assuming drive cache: write through
[   20.316277] sd 2:0:1:0: [sdb] Incomplete mode parameter data
[   20.317325] sd 2:0:1:0: [sdb] Assuming drive cache: write through
[   20.323183]  sda: sda1
[   20.343777] sd 2:0:0:0: [sda] Attached SCSI disk
[   20.344903] sd 2:0:1:0: [sdb] Attached SCSI disk
[   20.477064] e1000 0000:00:08.0 eth1: (PCI:33MHz:32-bit) 08:00:27:a5:bc:f2
[   20.613075] e1000 0000:00:08.0 eth1: Intel(R) PRO/1000 Network Connection
[   20.735239] e1000 0000:00:03.0 enp0s3: renamed from eth0
[   20.757852] e1000 0000:00:08.0 enp0s8: renamed from eth1
[   22.018120] floppy0: no floppy controllers found
Begin: Loading e[   23.421183] md: linear personality registered for level -1
ssential drivers[   23.543765] md: multipath personality registered for level -4
 ... [   23.686409] md: raid0 personality registered for level 0
[   23.763557] md: raid1 personality registered for level 1
[   23.893949] raid6: sse2x1   gen()  9938 MB/s
[   24.037556] raid6: sse2x1   xor()  6254 MB/s
[   24.185772] raid6: sse2x2   gen() 11753 MB/s
[   24.322047] raid6: sse2x2   xor()  8406 MB/s
[   24.409893] raid6: sse2x4   gen()  9319 MB/s
[   24.497488] raid6: sse2x4   xor()  9155 MB/s
[   24.516935] raid6: using algorithm sse2x2 gen() 11753 MB/s
[   24.551856] raid6: .... xor() 8406 MB/s, rmw enabled
[   24.600550] raid6: using ssse3x2 recovery algorithm
[   24.652789] xor: automatically using best checksumming function:
[   24.737628]    avx       : 22952.000 MB/sec
[   24.776683] async_tx: api initialized (async)
[   24.859216] md: raid6 personality registered for level 6
[   24.907627] md: raid5 personality registered for level 5
[   25.011749] md: raid4 personality registered for level 4
[   25.016981] md: raid10 personality registered for level 10
done.
Begin: Running /scripts/init-p[   25.109056] Btrfs loaded
remount ... done.
Begin: Mounting root file system ... Begin: Running /scripts/local-top ... done.
Begin: Running /scripts/local-premount ... Scanning for Btrfs filesystems
done.
Warning: fsck not present, so skipping root file system
[   25.224489] EXT4-fs (sda1): mounted filesystem with ordered data mode. Opts: (null)
done.
Begin: Running /scripts/local-bottom ... done.
Begin: Running /scripts/init-bottom ... done.
[   25.883312] random: nonblocking pool is initialized
[   25.949064] systemd[1]: systemd 229 running in system mode. (+PAM +AUDIT +SELINUX +IMA +APPARMOR +SMACK +SYSVINIT +UTMP +LIBCRYPTSETUP +GCRYPT +GNUTLS +ACL +XZ -LZ4 +SECCOMP +BLKID +ELFUTILS +KMOD -IDN)
[   26.197425] systemd[1]: Detected virtualization oracle.
[   26.268430] systemd[1]: Detected architecture x86-64.

Welcome to [1mUbuntu 16.04.3 LTS[0m!

[   26.389147] systemd[1]: Set hostname to <ubuntu-xenial>.
[   27.538444] systemd[1]: Started Forward Password Requests to Wall Directory Watch.
[[0;32m  OK  [0m] Started Forward Password Requests to Wall Directory Watch.
[   27.655505] systemd[1]: Listening on udev Control Socket.
[[0;32m  OK  [0m] Listening on udev Control Socket.
[   27.657284] systemd[1]: Listening on Device-mapper event daemon FIFOs.
[[0;32m  OK  [0m] Listening on Device-mapper event daemon FIFOs.
[   27.685783] systemd[1]: Reached target Encrypted Volumes.
[[0;32m  OK  [0m] Reached target Encrypted Volumes.
[   27.741937] systemd[1]: Reached target Swap.
[[0;32m  OK  [0m] Reached target Swap.
[   27.834285] systemd[1]: Listening on Journal Socket (/dev/log).
[[0;32m  OK  [0m] Listening on Journal Socket (/dev/log).
[   27.986631] systemd[1]: Listening on /dev/initctl Compatibility Named Pipe.
[[0;32m  OK  [0m] Listening on /dev/initctl Compatibility Named Pipe.
[   28.222308] systemd[1]: Created slice System Slice.
[[0;32m  OK  [0m] Created slice System Slice.
[   28.389763] systemd[1]: Listening on Syslog Socket.
[[0;32m  OK  [0m] Listening on Syslog Socket.
[   28.522438] systemd[1]: Created slice User and Session Slice.
[[0;32m  OK  [0m] Created slice User and Session Slice.
[   28.678174] systemd[1]: Reached target Slices.
[[0;32m  OK  [0m] Reached target Slices.
[   28.797874] systemd[1]: Started Trigger resolvconf update for networkd DNS.
[[0;32m  OK  [0m] Started Trigger resolvconf update for networkd DNS.
[   29.013714] systemd[1]: Reached target User and Group Name Lookups.
[[0;32m  OK  [0m] Reached target User and Group Name Lookups.
[   29.221844] systemd[1]: Listening on LVM2 poll daemon socket.
[[0;32m  OK  [0m] Listening on LVM2 poll daemon socket.
[   29.322048] systemd[1]: Set up automount Arbitrary Executable File Formats File System Automount Point.
[[0;32m  OK  [0m] Set up automount Arbitrary Executab...ats File System Automount Point.
[   29.578232] systemd[1]: Listening on Journal Socket.
[[0;32m  OK  [0m] Listening on Journal Socket.
[   29.630042] systemd[1]: Starting Load Kernel Modules...
         Starting Load Kernel Modules...
[   29.773672] systemd[1]: Starting Set console keymap...
[   29.862181] Loading iSCSI transport class v2.0-870.
         Starting Set console keymap...
[   29.982345] systemd[1]: Starting Nameserver information manager...
         [   30.065020] iscsi: registered transport (tcp)
Starting Nameserver information manager...
[   30.183217] systemd[1]: Mounting Huge Pages File System...
         Mounting Huge Pages File System...
[   30.286358] systemd[1]: Mounting Debug File System...
         Mounting Debug File System...
[   30.362129] iscsi: registered transport (iser)
[   30.413907] systemd[1]: Starting Remount Root and Kernel File Systems...
         [   30.487636] EXT4-fs (sda1): re-mounted. Opts: (null)
Starting Remount Root and Kernel File Systems...
[   30.601533] systemd[1]: Mounting POSIX Message Queue File System...
         Mounting POSIX Message Queue File System...
[   30.681621] systemd[1]: Listening on udev Kernel Socket.
[[0;32m  OK  [0m] Listening on udev Kernel Socket.
[   30.841864] systemd[1]: Starting Create list of required static device nodes for the current kernel...
         Starting Create list of required st... nodes for the current kernel...
[   30.998084] systemd[1]: Listening on Journal Audit Socket.
[[0;32m  OK  [0m] Listening on Journal Audit Socket.
[   31.162000] systemd[1]: Starting Journal Service...
         Starting Journal Service...
[   31.238157] systemd[1]: Created slice system-serial\x2dgetty.slice.
[[0;32m  OK  [0m] Created slice system-serial\x2dgetty.slice.
[   31.320744] systemd[1]: Listening on LVM2 metadata daemon socket.
[[0;32m  OK  [0m] Listening on LVM2 metadata daemon socket.
[   31.389990] systemd[1]: Starting Monitoring of LVM2 mirrors, snapshots etc. using dmeventd or progress polling...
         Starting Monitoring of LVM2 mirrors... dmeventd or progress polling...
[   31.490195] systemd[1]: Starting Uncomplicated firewall...
         Starting Uncomplicated firewall...
[   31.622339] systemd[1]: Mounted Debug File System.
[[0;32m  OK  [0m] Mounted Debug File System.
[   31.765872] systemd[1]: Mounted Huge Pages File System.
[[0;32m  OK  [0m] Mounted Huge Pages File System.
[   31.854084] systemd[1]: Mounted POSIX Message Queue File System.
[[0;32m  OK  [0m] Mounted POSIX Message Queue File System.
[   31.951856] systemd[1]: Started Journal Service.
[[0;32m  OK  [0m] Started Journal Service.
[[0;32m  OK  [0m] Started Load Kernel Modules.
[[0;32m  OK  [0m] Started Set console keymap.
[[0;32m  OK  [0m] Started Remount Root and Kernel File Systems.
[[0;32m  OK  [0m] Started Create list of required sta...ce nodes for the current kernel.
[[0;32m  OK  [0m] Started Uncomplicated firewall.
[[0;32m  OK  [0m] Started Nameserver information manager.
[[0;32m  OK  [0m] Started LVM2 metadata daemon.
         Starting Create Static Device Nodes in /dev...
         Starting udev Coldplug all Devices...
         Starting Initial cloud-init job (pre-networking)...
         Starting Load/Save Random Seed...
         Starting Apply Kernel Variables...
         Mounting FUSE Control File System...
         Starting Flush Journal to Persistent Storage...
[[0;32m  OK  [0m] Mounted FUSE Control File System.
[[0;32m  OK  [0m] Started Load/Save Random Seed.
[[0;32m  OK  [0m] Started udev Coldplug all Devices.
[   32.936966] systemd-journald[409]: Received request to flush runtime journal from PID 1
[[0;32m  OK  [0m] Started Flush Journal to Persistent Storage.
[[0;32m  OK  [0m] Started Create Static Device Nodes in /dev.
[[0;32m  OK  [0m] Started Apply Kernel Variables.
         Starting udev Kernel Device Manager...
[[0;32m  OK  [0m] Started Monitoring of LVM2 mirrors,...ng dmeventd or progress polling.
[[0;32m  OK  [0m] Started udev Kernel Device Manager.
[[0;32m  OK  [0m] Reached target Local File Systems (Pre).
[[0;32m  OK  [0m] Reached target Local File Systems.
         Starting LSB: AppArmor initialization...
         Starting Tell Plymouth To Write Out Runtime Data...
         Starting Create Volatile Files and Directories...
         Starting Set console font and keymap...
[[0;32m  OK  [0m] Started Dispatch Password Requests to Console Directory Watch.
[[0;32m  OK  [0m] Found device /dev/ttyS0.
[[0;32m  OK  [0m] Started Tell Plymouth To Write Out Runtime Data.
[[0;32m  OK  [0m] Started Create Volatile Files and Directories.
         Starting Update UTMP about System Boot/Shutdown...
[[0;32m  OK  [0m] Reached target System Time Synchronized.
[[0;32m  OK  [0m] Started Update UTMP about System Boot/Shutdown.
[[0;32m  OK  [0m] Found device 82540EM Gigabit Ethern...r (PRO/1000 MT Desktop Adapter).
[[0;32m  OK  [0m] Found device 82540EM Gigabit Ethern...r (PRO/1000 MT Desktop Adapter).
[[0;32m  OK  [0m] Started Set console font and keymap.
[[0;32m  OK  [0m] Created slice system-getty.slice.
[[0;32m  OK  [0m] Listening on Load/Save RF Kill Switch Status /dev/rfkill Watch.
[[0;32m  OK  [0m] Started LSB: AppArmor initialization.
[   27.688449] cloud-init[438]: Cloud-init v. 0.7.9 running 'init-local' at Tue, 14 Nov 2017 08:55:26 +0000. Up 27.05 seconds.
[[0;32m  OK  [0m] Started Initial cloud-init job (pre-networking).
[[0;32m  OK  [0m] Reached target Network (Pre).
[[0;32m  OK  [0m] Started ifup for enp0s3.
[[0;32m  OK  [0m] Started ifup for enp0s8.
         Starting Raise network interfaces...
[[0;32m  OK  [0m] Started Raise network interfaces.
         Starting Initial cloud-init job (metadata service crawler)...
[[0;32m  OK  [0m] Reached target Network.
[   29.208937] cloud-init[1049]: Cloud-init v. 0.7.9 running 'init' at Tue, 14 Nov 2017 08:55:27 +0000. Up 28.39 seconds.
[   29.233697] cloud-init[1049]: ci-info: ++++++++++++++++++++++++++++++++++++++Net device info++++++++++++++++++++++++++++++++++++++
[[0;32m  OK  [0m] Started Initial cloud-init job (metadata service crawler).
[   29.335489] cloud-init[1049]: ci-info: +--------+------+-----------------------------+---------------+-------+-------------------+
[   29.344235] cloud-init[1049]: ci-info: | Device |  Up  |           Address           |      Mask     | Scope |     Hw-Address    |
[   29.344415] cloud-init[1049]: ci-info: +--------+------+-----------------------------+---------------+-------+-------------------+
[   29.344567] cloud-init[1049]: ci-info: |   lo   | True |          127.0.0.1          |   255.0.0.0   |   .   |         .         |
[   29.344722] cloud-init[1049]: ci-info: |   lo   | True |           ::1/128           |       .       |  host |         .         |
[   29.344877] cloud-init[1049]: ci-info: | enp0s8 | True |        192.168.33.60        | 255.255.255.0 |   .   | 08:00:27:a5:bc:f2 |
[   29.345034] cloud-init[1049]: ci-info: | enp0s8 | True | fe80::a00:27ff:fea5:bcf2/64 |       .       |  link | 08:00:27:a5:bc:f2 |
[   29.345191] cloud-init[1049]: ci-info: | enp0s3 | True |          10.0.2.15          | 255.255.255.0 |   .   | 02:14:68:3e:84:47 |
[   29.345345] cloud-init[1049]: ci-info: | enp0s3 | True |  fe80::14:68ff:fe3e:8447/64 |       .       |  link | 02:14:68:3e:84:47 |
[   29.345506] cloud-init[1049]: ci-info: +--------+------+-----------------------------+---------------+-------+-------------------+
[   29.345654] cloud-init[1049]: ci-info: ++++++++++++++++++++++++++++Route IPv4 info++++++++++++++++++++++++++++
[   29.345809] cloud-init[1049]: ci-info: +-------+--------------+----------+---------------+-----------+-------+
[   29.345965] cloud-init[1049]: ci-info: | Route | Destination  | Gateway  |    Genmask    | Interface | Flags |
[   29.346118] cloud-init[1049]: ci-info: +-------+--------------+----------+---------------+-----------+-------+
[   29.346273] cloud-init[1049]: ci-info: |   0   |   0.0.0.0    | 10.0.2.2 |    0.0.0.0    |   enp0s3  |   UG  |
[[0;32m  OK  [0m] Reached target Cloud-config availability.
[   29.346457] cloud-init[1049]: ci-info: |   1   |   10.0.2.0   | 0.0.0.0  | 255.255.255.0 |   enp0s3  |   U   |
[   29.373129] cloud-init[1049]: ci-info: |   2   | 192.168.33.0 | 0.0.0.0  | 255.255.255.0 |   enp0s8  |   U   |
[   29.373244] cloud-init[1049]: ci-info: +-------+--------------+----------+---------------+-----------+-------+
[[0;32m  OK  [0m] Reached target Network is Online.
         Starting iSCSI initiator daemon (iscsid)...
[[0;32m  OK  [0m] Reached target System Initialization.
[[0;32m  OK  [0m] Started ACPI Events Check.
[[0;32m  OK  [0m] Reached target Paths.
[[0;32m  OK  [0m] Started Timer to automatically refresh installed snaps.
[[0;32m  OK  [0m] Started Timer to automatically fetch and run repair assertions.
         Starting Socket activation for snappy daemon.
[[0;32m  OK  [0m] Listening on ACPID Listen Socket.
[[0;32m  OK  [0m] Listening on D-Bus System Message Bus Socket.
[[0;32m  OK  [0m] Listening on UUID daemon activation socket.
[[0;32m  OK  [0m] Started Daily apt download activities.
         Starting LXD - unix socket.
[[0;32m  OK  [0m] Started Daily Cleanup of Temporary Directories.
[[0;32m  OK  [0m] Started Daily apt upgrade and clean activities.
[[0;32m  OK  [0m] Reached target Timers.
[[0;32m  OK  [0m] Listening on Socket activation for snappy daemon.
[[0;32m  OK  [0m] Listening on LXD - unix socket.
[[0;32m  OK  [0m] Started iSCSI initiator daemon (iscsid).
         Starting Login to default iSCSI targets...
[[0;32m  OK  [0m] Reached target Sockets.
[[0;32m  OK  [0m] Reached target Basic System.
         Starting Accounts Service...
         Starting LSB: Record successful boot for GRUB...
[[0;32m  OK  [0m] Started Regular background program processing daemon.
[[0;32m  OK  [0m] Started FUSE filesystem for LXC.
         Starting Apply the settings specified in cloud-config...
[[0;32m  OK  [0m] Started Unattended Upgrades Shutdown.
         Starting Login Service...
[[0;32m  OK  [0m] Started ACPI event daemon.
         Starting LSB: MD monitoring daemon...
         Starting System Logging Service...
         Starting /etc/rc.local Compatibility...
         Starting OpenBSD Secure Shell server...
[[0;32m  OK  [0m] Started D-Bus System Message Bus.
[   30.832056] cloud-init[1120]: Cloud-init v. 0.7.9 running 'modules:config' at Tue, 14 Nov 2017 08:55:29 +0000. Up 30.41 seconds.
[[0;32m  OK  [0m] Started Deferred execution scheduler.
         Starting LXD - container startup/shutdown...
         Starting MySQL Community Server...
         Starting Automatically fetch and run repair assertions...
         Starting Snappy daemon...
[[0;32m  OK  [0m] Started System Logging Service.
[[0;32m  OK  [0m] Started OpenBSD Secure Shell server.
[[0;32m  OK  [0m] Started Apply the settings specified in cloud-config.
[[0;32m  OK  [0m] Started /etc/rc.local Compatibility.
[[0;32m  OK  [0m] Started Login Service.
         Starting Authenticate and Authorize Users to Run Privileged Tasks...
[[0;32m  OK  [0m] Started LSB: Record successful boot for GRUB.
[[0;32m  OK  [0m] Started Login to default iSCSI targets.
[[0;32m  OK  [0m] Reached target Remote File Systems (Pre).
[[0;32m  OK  [0m] Reached target Remote File Systems.
         Starting Permit User Sessions...
         Starting LSB: automatic crash report generation...
         Starting LSB: Apache2 web server...
         Starting LSB: Set the CPU Frequency Scaling governor to "ondemand"...
         Starting LSB: daemon to balance interrupts for SMP systems...
         Starting LSB: VirtualBox Linux Additions...
[[0;32m  OK  [0m] Started LSB: MD monitoring daemon.
[[0;32m  OK  [0m] Started Permit User Sessions.
[[0;32m  OK  [0m] Started LSB: Set the CPU Frequency Scaling governor to "ondemand".
         Starting Terminate Plymouth Boot Screen...
         Starting Hold until boot process finishes up...
[[0;32m  OK  [0m] Started Terminate Plymouth Boot Screen.
[[0;32m  OK  [0m] Started Hold until boot process finishes up.
         Starting Set console scheme...
[[0;32m  OK  [0m] Started Getty on tty1.
[[0;32m  OK  [0m] Started Serial Getty on ttyS0.
[[0;32m  OK  [0m] Reached target Login Prompts.
[[0;32m  OK  [0m] Started Set console scheme.
[[0;32m  OK  [0m] Started Automatically fetch and run repair assertions.
[[0;32m  OK  [0m] Started LSB: automatic crash report generation.
[[0;32m  OK  [0m] Started LSB: daemon to balance interrupts for SMP systems.
[[0;32m  OK  [0m] Started Authenticate and Authorize Users to Run Privileged Tasks.
[[0;32m  OK  [0m] Started Accounts Service.
[[0;32m  OK  [0m] Created slice User Slice of ubuntu.
         Starting User Manager for UID 1000...
[[0;32m  OK  [0m] Started Session 1 of user ubuntu.
[[0;32m  OK  [0m] Started LSB: VirtualBox Linux Additions.
[[0;32m  OK  [0m] Started User Manager for UID 1000.

Ubuntu 16.04.3 LTS ubuntu-xenial ttyS0

ubuntu-xenial login: [   47.848662] cloud-init[1781]: Cloud-init v. 0.7.9 running 'modules:final' at Tue, 14 Nov 2017 08:55:46 +0000. Up 47.69 seconds.
[   47.848854] cloud-init[1781]: Cloud-init v. 0.7.9 finished at Tue, 14 Nov 2017 08:55:46 +0000. Datasource DataSourceNoCloud [seed=/dev/sdb][dsmode=net].  Up 47.84 seconds
