[    0.000000] Initializing cgroup subsys cpuset
[    0.000000] Initializing cgroup subsys cpu
[    0.000000] Initializing cgroup subsys cpuacct
[    0.000000] Linux version 4.4.0-97-generic (buildd@lcy01-33) (gcc version 5.4.0 20160609 (Ubuntu 5.4.0-6ubuntu1~16.04.4) ) #120-Ubuntu SMP Tue Sep 19 17:28:18 UTC 2017 (Ubuntu 4.4.0-97.120-generic 4.4.87)
[    0.000000] Command line: BOOT_IMAGE=/boot/vmlinuz-4.4.0-97-generic root=LABEL=cloudimg-rootfs ro console=tty1 console=ttyS0
[    0.000000] KERNEL supported cpus:
[    0.000000]   Intel GenuineIntel
[    0.000000]   AMD AuthenticAMD
[    0.000000]   Centaur CentaurHauls
[    0.000000] x86/fpu: xstate_offset[2]:  576, xstate_sizes[2]:  256
[    0.000000] x86/fpu: Supporting XSAVE feature 0x01: 'x87 floating point registers'
[    0.000000] x86/fpu: Supporting XSAVE feature 0x02: 'SSE registers'
[    0.000000] x86/fpu: Supporting XSAVE feature 0x04: 'AVX registers'
[    0.000000] x86/fpu: Enabled xstate features 0x7, context size is 832 bytes, using 'standard' format.
[    0.000000] x86/fpu: Using 'lazy' FPU context switches.
[    0.000000] e820: BIOS-provided physical RAM map:
[    0.000000] BIOS-e820: [mem 0x0000000000000000-0x000000000009fbff] usable
[    0.000000] BIOS-e820: [mem 0x000000000009fc00-0x000000000009ffff] reserved
[    0.000000] BIOS-e820: [mem 0x00000000000f0000-0x00000000000fffff] reserved
[    0.000000] BIOS-e820: [mem 0x0000000000100000-0x000000003ffeffff] usable
[    0.000000] BIOS-e820: [mem 0x000000003fff0000-0x000000003fffffff] ACPI data
[    0.000000] BIOS-e820: [mem 0x00000000fec00000-0x00000000fec00fff] reserved
[    0.000000] BIOS-e820: [mem 0x00000000fee00000-0x00000000fee00fff] reserved
[    0.000000] BIOS-e820: [mem 0x00000000fffc0000-0x00000000ffffffff] reserved
[    0.000000] NX (Execute Disable) protection: active
[    0.000000] SMBIOS 2.5 present.
[    0.000000] Hypervisor detected: KVM
[    0.000000] e820: last_pfn = 0x3fff0 max_arch_pfn = 0x400000000
[    0.000000] MTRR: Disabled
[    0.000000] x86/PAT: MTRRs disabled, skipping PAT initialization too.
[    0.000000] CPU MTRRs all blank - virtualized system.
[    0.000000] x86/PAT: Configuration [0-7]: WB  WT  UC- UC  WB  WT  UC- UC  
[    0.000000] found SMP MP-table at [mem 0x0009fff0-0x0009ffff] mapped at [ffff88000009fff0]
[    0.000000] Scanning 1 areas for low memory corruption
[    0.000000] RAMDISK: [mem 0x36adc000-0x37565fff]
[    0.000000] ACPI: Early table checksum verification disabled
[    0.000000] ACPI: RSDP 0x00000000000E0000 000024 (v02 VBOX  )
[    0.000000] ACPI: XSDT 0x000000003FFF0030 00003C (v01 VBOX   VBOXXSDT 00000001 ASL  00000061)
[    0.000000] ACPI: FACP 0x000000003FFF00F0 0000F4 (v04 VBOX   VBOXFACP 00000001 ASL  00000061)
[    0.000000] ACPI: DSDT 0x000000003FFF0470 0021FF (v02 VBOX   VBOXBIOS 00000002 INTL 20100528)
[    0.000000] ACPI: FACS 0x000000003FFF0200 000040
[    0.000000] ACPI: FACS 0x000000003FFF0200 000040
[    0.000000] ACPI: APIC 0x000000003FFF0240 00005C (v02 VBOX   VBOXAPIC 00000001 ASL  00000061)
[    0.000000] ACPI: SSDT 0x000000003FFF02A0 0001CC (v01 VBOX   VBOXCPUT 00000002 INTL 20100528)
[    0.000000] No NUMA configuration found
[    0.000000] Faking a node at [mem 0x0000000000000000-0x000000003ffeffff]
[    0.000000] NODE_DATA(0) allocated [mem 0x3ffeb000-0x3ffeffff]
[    0.000000] kvm-clock: Using msrs 4b564d01 and 4b564d00
[    0.000000] kvm-clock: cpu 0, msr 0:3ffe3001, primary cpu clock
[    0.000000] kvm-clock: using sched offset of 2981054873 cycles
[    0.000000] clocksource: kvm-clock: mask: 0xffffffffffffffff max_cycles: 0x1cd42e4dffb, max_idle_ns: 881590591483 ns
[    0.000000] Zone ranges:
[    0.000000]   DMA      [mem 0x0000000000001000-0x0000000000ffffff]
[    0.000000]   DMA32    [mem 0x0000000001000000-0x000000003ffeffff]
[    0.000000]   Normal   empty
[    0.000000]   Device   empty
[    0.000000] Movable zone start for each node
[    0.000000] Early memory node ranges
[    0.000000]   node   0: [mem 0x0000000000001000-0x000000000009efff]
[    0.000000]   node   0: [mem 0x0000000000100000-0x000000003ffeffff]
[    0.000000] Initmem setup node 0 [mem 0x0000000000001000-0x000000003ffeffff]
[    0.000000] ACPI: PM-Timer IO Port: 0x4008
[    0.000000] IOAPIC[0]: apic_id 2, version 32, address 0xfec00000, GSI 0-23
[    0.000000] ACPI: INT_SRC_OVR (bus 0 bus_irq 0 global_irq 2 dfl dfl)
[    0.000000] ACPI: INT_SRC_OVR (bus 0 bus_irq 9 global_irq 9 high level)
[    0.000000] Using ACPI (MADT) for SMP configuration information
[    0.000000] smpboot: Allowing 2 CPUs, 0 hotplug CPUs
[    0.000000] PM: Registered nosave memory: [mem 0x00000000-0x00000fff]
[    0.000000] PM: Registered nosave memory: [mem 0x0009f000-0x0009ffff]
[    0.000000] PM: Registered nosave memory: [mem 0x000a0000-0x000effff]
[    0.000000] PM: Registered nosave memory: [mem 0x000f0000-0x000fffff]
[    0.000000] e820: [mem 0x40000000-0xfebfffff] available for PCI devices
[    0.000000] Booting paravirtualized kernel on KVM
[    0.000000] clocksource: refined-jiffies: mask: 0xffffffff max_cycles: 0xffffffff, max_idle_ns: 7645519600211568 ns
[    0.000000] setup_percpu: NR_CPUS:512 nr_cpumask_bits:512 nr_cpu_ids:2 nr_node_ids:1
[    0.000000] PERCPU: Embedded 34 pages/cpu @ffff88003fc00000 s98328 r8192 d32744 u1048576
[    0.000000] PV qspinlock hash table entries: 256 (order: 0, 4096 bytes)
[    0.000000] Built 1 zonelists in Node order, mobility grouping on.  Total pages: 257913
[    0.000000] Policy zone: DMA32
[    0.000000] Kernel command line: BOOT_IMAGE=/boot/vmlinuz-4.4.0-97-generic root=LABEL=cloudimg-rootfs ro console=tty1 console=ttyS0
[    0.000000] PID hash table entries: 4096 (order: 3, 32768 bytes)
[    0.000000] Memory: 1001772K/1048120K available (8480K kernel code, 1294K rwdata, 3984K rodata, 1492K init, 1316K bss, 46348K reserved, 0K cma-reserved)
[    0.000000] SLUB: HWalign=64, Order=0-3, MinObjects=0, CPUs=2, Nodes=1
[    0.000000] Hierarchical RCU implementation.
[    0.000000] 	Build-time adjustment of leaf fanout to 64.
[    0.000000] 	RCU restricting CPUs from NR_CPUS=512 to nr_cpu_ids=2.
[    0.000000] RCU: Adjusting geometry for rcu_fanout_leaf=64, nr_cpu_ids=2
[    0.000000] NR_IRQS:33024 nr_irqs:440 16
[    0.000000] Console: colour VGA+ 80x25
[    0.000000] console [tty1] enabled
[    0.000000] console [ttyS0] enabled
[    0.000000] tsc: Detected 2303.998 MHz processor
[    7.234987] Calibrating delay loop (skipped) preset value.. 4607.99 BogoMIPS (lpj=9215992)
[    7.355330] pid_max: default: 32768 minimum: 301
[    7.417417] ACPI: Core revision 20150930
[    7.462710] ACPI: 2 ACPI AML tables successfully acquired and loaded
[    7.558634] Security Framework initialized
[    7.587913] Yama: becoming mindful.
[    7.636076] AppArmor: AppArmor initialized
[    7.690277] Dentry cache hash table entries: 131072 (order: 8, 1048576 bytes)
[    7.760526] Inode-cache hash table entries: 65536 (order: 7, 524288 bytes)
[    7.844796] Mount-cache hash table entries: 2048 (order: 2, 16384 bytes)
[    7.918705] Mountpoint-cache hash table entries: 2048 (order: 2, 16384 bytes)
[    8.006699] Initializing cgroup subsys io
[    8.031365] Initializing cgroup subsys memory
[    8.091288] Initializing cgroup subsys devices
[    8.156075] Initializing cgroup subsys freezer
[    8.200610] Initializing cgroup subsys net_cls
[    8.262609] Initializing cgroup subsys perf_event
[    8.333036] Initializing cgroup subsys net_prio
[    8.383786] Initializing cgroup subsys hugetlb
[    8.422034] Initializing cgroup subsys pids
[    8.486609] CPU: Physical Processor ID: 0
[    8.534489] CPU: Processor Core ID: 0
[    8.589678] mce: CPU supports 0 MCE banks
[    8.633683] Last level iTLB entries: 4KB 64, 2MB 8, 4MB 8
[    8.708523] Last level dTLB entries: 4KB 64, 2MB 0, 4MB 0, 1GB 4
[    8.733889] Freeing SMP alternatives memory: 32K
[    8.741301] ftrace: allocating 32148 entries in 126 pages
[    8.835591] smpboot: APIC(0) Converting physical 0 to logical package 0
[    8.911315] smpboot: Max logical packages: 1
[    8.971826] x2apic enabled
[    9.005735] Switched APIC routing to physical x2apic.
[    9.065012] ..TIMER: vector=0x30 apic1=0 pin1=2 apic2=-1 pin2=-1
[    9.203601] smpboot: CPU0: Intel(R) Core(TM) i5-7360U CPU @ 2.30GHz (family: 0x6, model: 0x8e, stepping: 0x9)
[    9.329069] Performance Events: unsupported p6 CPU model 142 no PMU driver, software events only.
[    9.446725] KVM setup paravirtual spinlock
[    9.496917] x86: Booting SMP configuration:
[    9.552316] .... node  #0, CPUs:      #1
[    9.603573] kvm-clock: cpu 1, msr 0:3ffe3041, secondary cpu clock
[    9.621212] mce: CPU supports 0 MCE banks
[    9.633207] x86: Booted up 1 node, 2 CPUs
[    9.665712] smpboot: Total of 2 processors activated (9215.99 BogoMIPS)
[    9.712100] devtmpfs: initialized
[    9.742782] evm: security.selinux
[    9.769551] evm: security.SMACK64
[    9.793981] evm: security.SMACK64EXEC
[    9.825655] evm: security.SMACK64TRANSMUTE
[    9.861565] evm: security.SMACK64MMAP
[    9.893216] evm: security.ima
[    9.918924] evm: security.capability
[    9.949806] clocksource: jiffies: mask: 0xffffffff max_cycles: 0xffffffff, max_idle_ns: 7645041785100000 ns
[   10.003457] futex hash table entries: 512 (order: 3, 32768 bytes)
[   10.061779] pinctrl core: initialized pinctrl subsystem
[   10.073716] RTC time:  9:53:19, date: 10/23/17
[   10.117721] NET: Registered protocol family 16
[   10.163511] cpuidle: using governor ladder
[   10.196177] cpuidle: using governor menu
[   10.224408] PCCT header not found.
[   10.225160] ACPI: bus type PCI registered
[   10.233970] acpiphp: ACPI Hot Plug PCI Controller Driver version: 0.5
[   10.265789] PCI: Using configuration type 1 for base access
[   10.325711] ACPI: Added _OSI(Module Device)
[   10.364073] ACPI: Added _OSI(Processor Device)
[   10.398773] ACPI: Added _OSI(3.0 _SCP Extensions)
[   10.439915] ACPI: Added _OSI(Processor Aggregator Device)
[   10.489225] ACPI: Executed 1 blocks of module-level executable AML code
[   10.549923] ACPI: Interpreter enabled
[   10.582781] ACPI: (supports S0 S5)
[   10.588320] ACPI: Using IOAPIC for interrupt routing
[   10.612243] PCI: Using host bridge windows from ACPI; if necessary, use "pci=nocrs" and report a bug
[   10.652640] ACPI: PCI Root Bridge [PCI0] (domain 0000 [bus 00-ff])
[   10.703033] acpi PNP0A03:00: _OSC: OS supports [ASPM ClockPM Segments MSI]
[   10.761690] acpi PNP0A03:00: _OSC: not requesting OS control; OS requires [ExtendedConfig ASPM ClockPM MSI]
[   10.855039] acpi PNP0A03:00: fail to add MMCONFIG information, can't access extended PCI configuration space under this bridge.
[   10.964951] PCI host bridge to bus 0000:00
[   10.998689] pci_bus 0000:00: root bus resource [io  0x0000-0x0cf7 window]
[   11.065613] pci_bus 0000:00: root bus resource [io  0x0d00-0xffff window]
[   11.128443] pci_bus 0000:00: root bus resource [mem 0x000a0000-0x000bffff window]
[   11.192228] pci_bus 0000:00: root bus resource [mem 0x40000000-0xffdfffff window]
[   11.241901] pci_bus 0000:00: root bus resource [bus 00-ff]
[   11.253501] pci 0000:00:01.1: legacy IDE quirk: reg 0x10: [io  0x01f0-0x01f7]
[   11.258901] pci 0000:00:01.1: legacy IDE quirk: reg 0x14: [io  0x03f6]
[   11.262788] pci 0000:00:01.1: legacy IDE quirk: reg 0x18: [io  0x0170-0x0177]
[   11.267898] pci 0000:00:01.1: legacy IDE quirk: reg 0x1c: [io  0x0376]
[   11.292100] pci 0000:00:07.0: quirk: [io  0x4000-0x403f] claimed by PIIX4 ACPI
[   11.304347] pci 0000:00:07.0: quirk: [io  0x4100-0x410f] claimed by PIIX4 SMB
[   11.312987] ACPI: PCI Interrupt Link [LNKA] (IRQs 5 9 10 *11)
[   11.341196] ACPI: PCI Interrupt Link [LNKB] (IRQs 5 9 10 *11)
[   11.362935] ACPI: PCI Interrupt Link [LNKC] (IRQs 5 9 *10 11)
[   11.372609] ACPI: PCI Interrupt Link [LNKD] (IRQs 5 *9 10 11)
[   11.409129] ACPI: Enabled 2 GPEs in block 00 to 07
[   11.429354] vgaarb: setting as boot device: PCI:0000:00:02.0
[   11.512302] vgaarb: device added: PCI:0000:00:02.0,decodes=io+mem,owns=io+mem,locks=none
[   11.519144] vgaarb: loaded
[   11.519724] vgaarb: bridge control possible 0000:00:02.0
[   11.574092] SCSI subsystem initialized
[   11.595624] ACPI: bus type USB registered
[   11.620799] usbcore: registered new interface driver usbfs
[   11.621774] usbcore: registered new interface driver hub
[   11.628618] usbcore: registered new device driver usb
[   11.666488] PCI: Using ACPI for IRQ routing
[   11.674265] NetLabel: Initializing
[   11.674967] NetLabel:  domain hash size = 128
[   11.675758] NetLabel:  protocols = UNLABELED CIPSOv4
[   11.676685] NetLabel:  unlabeled traffic allowed by default
[   11.740832] amd_nb: Cannot enumerate AMD northbridges
[   11.773185] clocksource: Switched to clocksource kvm-clock
[   11.780658] AppArmor: AppArmor Filesystem Enabled
[   11.808371] pnp: PnP ACPI init
[   11.809695] pnp: PnP ACPI: found 3 devices
[   11.891416] clocksource: acpi_pm: mask: 0xffffff max_cycles: 0xffffff, max_idle_ns: 2085701024 ns
[   11.918411] NET: Registered protocol family 2
[   11.919317] TCP established hash table entries: 8192 (order: 4, 65536 bytes)
[   11.927956] TCP bind hash table entries: 8192 (order: 5, 131072 bytes)
[   11.929061] TCP: Hash tables configured (established 8192 bind 8192)
[   11.930156] UDP hash table entries: 512 (order: 2, 16384 bytes)
[   11.931166] UDP-Lite hash table entries: 512 (order: 2, 16384 bytes)
[   11.932275] NET: Registered protocol family 1
[   11.933080] pci 0000:00:00.0: Limiting direct PCI/PCI transfers
[   11.951766] pci 0000:00:01.0: Activating ISA DMA hang workarounds
[   11.987628] Unpacking initramfs...
[   13.588595] Freeing initrd memory: 10792K
[   13.626232] platform rtc_cmos: registered platform RTC device (no PNP device found)
[   13.697068] Scanning for low memory corruption every 60 seconds
[   13.766196] audit: initializing netlink subsys (disabled)
[   13.817826] audit: type=2000 audit(1508752395.652:1): initialized
[   13.890940] Initialise system trusted keyring
[   13.947620] HugeTLB registered 2 MB page size, pre-allocated 0 pages
[   13.998787] zbud: loaded
[   14.014905] VFS: Disk quotas dquot_6.6.0
[   14.098431] VFS: Dquot-cache hash table entries: 512 (order 0, 4096 bytes)
[   14.180860] squashfs: version 4.0 (2009/01/31) Phillip Lougher
[   14.274194] fuse init (API version 7.23)
[   14.341992] Key type big_key registered
[   14.414060] Allocating IMA MOK and blacklist keyrings.
[   14.508141] Key type asymmetric registered
[   14.547934] Asymmetric key parser 'x509' registered
[   14.599105] Block layer SCSI generic (bsg) driver version 0.4 loaded (major 249)
[   14.679094] tsc: Refined TSC clocksource calibration: 2303.567 MHz
[   14.743025] clocksource: tsc: mask: 0xffffffffffffffff max_cycles: 0x21345e902c4, max_idle_ns: 440795222956 ns
[   14.745459] io scheduler noop registered
[   14.745461] io scheduler deadline registered (default)
[   14.745501] io scheduler cfq registered
[   14.745587] pci_hotplug: PCI Hot Plug PCI Core version: 0.5
[   14.745590] pciehp: PCI Express Hot Plug Controller Driver version: 0.4
[   14.745757] ACPI: AC Adapter [AC] (on-line)
[   14.745797] input: Power Button as /devices/LNXSYSTM:00/LNXPWRBN:00/input/input0
[   14.745800] ACPI: Power Button [PWRF]
[   14.745849] input: Sleep Button as /devices/LNXSYSTM:00/LNXSLPBN:00/input/input1
[   14.745850] ACPI: Sleep Button [SLPF]
[   14.745954] GHES: HEST is not enabled!
[   14.746037] Serial: 8250/16550 driver, 32 ports, IRQ sharing enabled
[   14.972635] 00:02: ttyS0 at I/O 0x3f8 (irq = 4, base_baud = 115200) is a 16550A
[   15.039801] Linux agpgart interface v0.103
[   15.042830] loop: module loaded
[   15.043229] scsi host0: ata_piix
[   15.043268] scsi host1: ata_piix
[   15.043291] ata1: PATA max UDMA/33 cmd 0x1f0 ctl 0x3f6 bmdma 0xd000 irq 14
[   15.043291] ata2: PATA max UDMA/33 cmd 0x170 ctl 0x376 bmdma 0xd008 irq 15
[   15.043345] libphy: Fixed MDIO Bus: probed
[   15.043347] tun: Universal TUN/TAP device driver, 1.6
[   15.043348] tun: (C) 1999-2004 Max Krasnyansky <maxk@qualcomm.com>
[   15.043591] PPP generic driver version 2.4.2
[   15.043631] ehci_hcd: USB 2.0 'Enhanced' Host Controller (EHCI) Driver
[   15.043634] ehci-pci: EHCI PCI platform driver
[   15.043647] ehci-platform: EHCI generic platform driver
[   15.043653] ohci_hcd: USB 1.1 'Open' Host Controller (OHCI) Driver
[   15.043656] ohci-pci: OHCI PCI platform driver
[   15.043662] ohci-platform: OHCI generic platform driver
[   15.043668] uhci_hcd: USB Universal Host Controller Interface driver
[   15.043709] i8042: PNP: PS/2 Controller [PNP0303:PS2K,PNP0f03:PS2M] at 0x60,0x64 irq 1,12
[   15.046365] serio: i8042 KBD port at 0x60,0x64 irq 1
[   15.046369] serio: i8042 AUX port at 0x60,0x64 irq 12
[   15.046474] mousedev: PS/2 mouse device common for all mice
[   15.046706] rtc_cmos rtc_cmos: rtc core: registered rtc_cmos as rtc0
[   15.046748] rtc_cmos rtc_cmos: alarms up to one day, 114 bytes nvram
[   15.046752] i2c /dev entries driver
[   15.046791] device-mapper: uevent: version 1.0.3
[   15.046828] device-mapper: ioctl: 4.34.0-ioctl (2015-10-28) initialised: dm-devel@redhat.com
[   15.046839] ledtrig-cpu: registered to indicate activity on CPUs
[   15.047033] NET: Registered protocol family 10
[   15.047151] NET: Registered protocol family 17
[   15.047166] Key type dns_resolver registered
[   15.054322] microcode: CPU0 sig=0x806e9, pf=0x8, revision=0x0
[   15.054344] microcode: CPU1 sig=0x806e9, pf=0x8, revision=0x0
[   15.054389] microcode: Microcode Update Driver: v2.01 <tigran@aivazian.fsnet.co.uk>, Peter Oruba
[   15.054481] registered taskstats version 1
[   15.054494] Loading compiled-in X.509 certificates
[   15.054948] Loaded X.509 cert 'Build time autogenerated kernel key: d1010f9627fd9242df4b03365d2931dfd1ad3d42'
[   15.054959] zswap: loaded using pool lzo/zbud
[   15.055908] Key type trusted registered
[   15.057528] Key type encrypted registered
[   15.057531] AppArmor: AppArmor sha1 policy hashing enabled
[   15.057534] ima: No TPM chip found, activating TPM-bypass!
[   15.057547] evm: HMAC attrs: 0x1
[   15.057776]   Magic number: 5:47:880
[   15.070403] rtc_cmos rtc_cmos: setting system clock to 2017-10-23 09:53:24 UTC (1508752404)
[   15.070500] BIOS EDD facility v0.16 2004-Jun-25, 0 devices found
[   15.070500] EDD information not available.
[   15.273807] input: AT Translated Set 2 keyboard as /devices/platform/i8042/serio0/input/input2
[   17.725540] Freeing unused kernel memory: 1492K
[   17.793708] Write protecting the kernel read-only data: 14336k
[   17.802356] Freeing unused kernel memory: 1748K
[   17.824456] Freeing unused kernel memory: 112K
Loading, please [   17.870822] random: systemd-udevd: uninitialized urandom read (16 bytes read, 7 bits of entropy available)
wait...
starting version 229
[   17.871266] random: udevadm: uninitialized urandom read (16 bytes read, 7 bits of entropy available)
[   17.871292] random: udevadm: uninitialized urandom read (16 bytes read, 7 bits of entropy available)
[   17.871371] random: udevadm: uninitialized urandom read (16 bytes read, 7 bits of entropy available)
[   17.871399] random: udevadm: uninitialized urandom read (16 bytes read, 7 bits of entropy available)
[   17.871428] random: udevadm: uninitialized urandom read (16 bytes read, 7 bits of entropy available)
[   17.871456] random: udevadm: uninitialized urandom read (16 bytes read, 7 bits of entropy available)
[   17.871492] random: udevadm: uninitialized urandom read (16 bytes read, 7 bits of entropy available)
[   17.871519] random: udevadm: uninitialized urandom read (16 bytes read, 7 bits of entropy available)
[   17.871553] random: udevadm: uninitialized urandom read (16 bytes read, 7 bits of entropy available)
[   18.964193] e1000: Intel(R) PRO/1000 Network Driver - version 7.3.21-k8-NAPI
[   18.999357] e1000: Copyright (c) 1999-2006 Intel Corporation.
[   19.032114] AVX version of gcm_enc/dec engaged.
[   19.036678] Fusion MPT base driver 3.04.20
[   19.036678] Copyright (c) 1999-2008 LSI Corporation
[   19.044054] AES CTR mode by8 optimization enabled
[   19.050002] Fusion MPT SPI Host driver 3.04.20
[   19.231913] input: ImExPS/2 Generic Explorer Mouse as /devices/platform/i8042/serio1/input/input4
[   19.372934] e1000 0000:00:03.0 eth0: (PCI:33MHz:32-bit) 02:14:68:3e:84:47
[   19.429769] e1000 0000:00:03.0 eth0: Intel(R) PRO/1000 Network Connection
[   19.844849] e1000 0000:00:08.0 eth1: (PCI:33MHz:32-bit) 08:00:27:df:1a:4c
[   19.959165] e1000 0000:00:08.0 eth1: Intel(R) PRO/1000 Network Connection
[   19.986200] mptbase: ioc0: Initiating bringup
[   19.987019] e1000 0000:00:03.0 enp0s3: renamed from eth0
[   20.086091] e1000 0000:00:08.0 enp0s8: renamed from eth1
[   20.197398] ioc0: LSI53C1030 A0: Capabilities={Initiator}
[   20.483138] scsi host2: ioc0: LSI53C1030 A0, FwRev=00000000h, Ports=1, MaxQ=256, IRQ=20
[   20.772575] scsi 2:0:0:0: Direct-Access     VBOX     HARDDISK         1.0  PQ: 0 ANSI: 5
[   20.971464] scsi target2:0:0: Beginning Domain Validation
[   21.045337] scsi target2:0:0: Domain Validation skipping write tests
[   21.075842] scsi target2:0:0: Ending Domain Validation
[   21.112142] scsi target2:0:0: asynchronous
[   21.142228] scsi 2:0:1:0: Direct-Access     VBOX     HARDDISK         1.0  PQ: 0 ANSI: 5
[   21.262452] scsi target2:0:1: Beginning Domain Validation
[   21.318732] scsi target2:0:1: Domain Validation skipping write tests
[   21.454314] scsi target2:0:1: Ending Domain Validation
[   21.564747] scsi target2:0:1: asynchronous
[   21.631961] sd 2:0:0:0: [sda] 20971520 512-byte logical blocks: (10.7 GB/10.0 GiB)
[   21.634657] sd 2:0:0:0: Attached scsi generic sg0 type 0
[   21.635528] sd 2:0:0:0: [sda] Write Protect is off
[   21.636389] sd 2:0:0:0: [sda] Incomplete mode parameter data
[   21.720480] sd 2:0:0:0: [sda] Assuming drive cache: write through
[   21.910846] sd 2:0:1:0: [sdb] 20480 512-byte logical blocks: (10.5 MB/10.0 MiB)
[   21.917678] sd 2:0:1:0: Attached scsi generic sg1 type 0
[   22.025391] floppy0: no floppy controllers found
[   22.025426] work still pending
[   22.111050] sd 2:0:1:0: [sdb] Write Protect is off
[   22.112138] sd 2:0:1:0: [sdb] Incomplete mode parameter data
[   22.117161] sd 2:0:1:0: [sdb] Assuming drive cache: write through
[   22.117261]  sda: sda1
[   22.141867] sd 2:0:0:0: [sda] Attached SCSI disk
[   22.165868] sd 2:0:1:0: [sdb] Attached SCSI disk
Begin: Loading e[   23.492575] md: linear personality registered for level -1
ssential drivers ... [   23.700631] md: multipath personality registered for level -4
[   23.769190] md: raid0 personality registered for level 0
[   23.824315] md: raid1 personality registered for level 1
[   23.953198] raid6: sse2x1   gen() 10404 MB/s
[   24.073403] raid6: sse2x1   xor()  6570 MB/s
[   24.193200] raid6: sse2x2   gen() 12624 MB/s
[   24.293252] raid6: sse2x2   xor()  8522 MB/s
[   24.401266] raid6: sse2x4   gen() 12348 MB/s
[   24.521219] raid6: sse2x4   xor()  9680 MB/s
[   24.574108] raid6: using algorithm sse2x2 gen() 12624 MB/s
[   24.645859] raid6: .... xor() 8522 MB/s, rmw enabled
[   24.705860] raid6: using ssse3x2 recovery algorithm
[   24.755937] xor: automatically using best checksumming function:
[   24.881357]    avx       : 32971.000 MB/sec
[   24.992730] async_tx: api initialized (async)
[   25.044265] md: raid6 personality registered for level 6
[   25.098078] md: raid5 personality registered for level 5
[   25.161884] md: raid4 personality registered for level 4
[   25.191704] md: raid10 personality registered for level 10
done.
Begin: Running /scripts/init-premount ... done.
Begin: Mounting root file system ... Begin: Running /scri[   25.422898] Btrfs loaded
pts/local-top ... done.
Begin: Running /scripts/local-premount ... Scanning for Btrfs filesystems
done.
Warning: fsck no[   25.493053] EXT4-fs (sda1): mounted filesystem with ordered data mode. Opts: (null)
t present, so skipping root file system
done.
Begin: Running /scripts/local-bottom ... done.
Begin: Running /scripts/init-bottom ... done.
[   25.704479] systemd[1]: systemd 229 running in system mode. (+PAM +AUDIT +SELINUX +IMA +APPARMOR +SMACK +SYSVINIT +UTMP +LIBCRYPTSETUP +GCRYPT +GNUTLS +ACL +XZ -LZ4 +SECCOMP +BLKID +ELFUTILS +KMOD -IDN)
[   26.242305] systemd[1]: Detected virtualization oracle.
[   26.384531] systemd[1]: Detected architecture x86-64.

Welcome to [1mUbuntu 16.04.3 LTS[0m!

[   26.590086] systemd[1]: Set hostname to <ubuntu-xenial>.
[   26.731129] random: nonblocking pool is initialized
[   26.882064] systemd[1]: Created slice System Slice.
[[0;32m  OK  [0m] Created slice System Slice.
[   27.070507] systemd[1]: Reached target Encrypted Volumes.
[[0;32m  OK  [0m] Reached target Encrypted Volumes.
[   27.337420] systemd[1]: Listening on udev Control Socket.
[[0;32m  OK  [0m] Listening on udev Control Socket.
[   27.545698] systemd[1]: Started Trigger resolvconf update for networkd DNS.
[[0;32m  OK  [0m] Started Trigger resolvconf update for networkd DNS.
[   27.613596] systemd[1]: Listening on LVM2 poll daemon socket.
[[0;32m  OK  [0m] Listening on LVM2 poll daemon socket.
[   27.676947] systemd[1]: Listening on Journal Socket.
[[0;32m  OK  [0m] Listening on Journal Socket.
[   27.721367] systemd[1]: Mounting POSIX Message Queue File System...
         Mounting POSIX Message Queue File System...
[   27.759492] systemd[1]: Starting Remount Root and Kernel File Systems...
[   27.761793] EXT4-fs (sda1): re-mounted. Opts: (null)
         Starting Remount Root and Kernel File Systems...
[   27.989669] systemd[1]: Starting Load Kernel Modules...
         Startin[   28.002906] Loading iSCSI transport class v2.0-870.
g Load Kernel Modules...
[   28.058699] iscsi: registered transport (tcp)
[   28.133378] systemd[1]: Starting Set console keymap...
         Starting Set console keymap...
[   28.215240] iscsi: registered transport (iser)
[   28.274219] systemd[1]: Mounting Huge Pages File System...
         Mounting Huge Pages File System...
[   28.545651] systemd[1]: Starting Uncomplicated firewall...
         Starting Uncomplicated firewall...
[   28.629777] systemd[1]: Created slice system-serial\x2dgetty.slice.
[[0;32m  OK  [0m] Created slice system-serial\x2dgetty.slice.
[   28.651413] systemd[1]: Listening on udev Kernel Socket.
[[0;32m  OK  [0m] Listening on udev Kernel Socket.
[   28.693603] systemd[1]: Listening on /dev/initctl Compatibility Named Pipe.
[[0;32m  OK  [0m] Listening on /dev/initctl Compatibility Named Pipe.
[   28.773635] systemd[1]: Listening on Journal Socket (/dev/log).
[[0;32m  OK  [0m] Listening on Journal Socket (/dev/log).
[   28.901827] systemd[1]: Set up automount Arbitrary Executable File Formats File System Automount Point.
[[0;32m  OK  [0m] Set up automount Arbitrary Executab...ats File System Automount Point.
[   29.038649] systemd[1]: Listening on Syslog Socket.
[[0;32m  OK  [0m] Listening on Syslog Socket.
[   29.145595] systemd[1]: Started Forward Password Requests to Wall Directory Watch.
[[0;32m  OK  [0m] Started Forward Password Requests to Wall Directory Watch.
[   29.262002] systemd[1]: Reached target Swap.
[[0;32m  OK  [0m] Reached target Swap.
[   29.329457] systemd[1]: Reached target User and Group Name Lookups.
[[0;32m  OK  [0m] Reached target User and Group Name Lookups.
[   29.529847] systemd[1]: Starting Create list of required static device nodes for the current kernel...
         Starting Create list of required st... nodes for the current kernel...
[   29.739034] systemd[1]: Listening on Journal Audit Socket.
[[0;32m  OK  [0m] Listening on Journal Audit Socket.
[   29.789785] systemd[1]: Starting Journal Service...
         Starting Journal Service...
[   29.889589] systemd[1]: Listening on Device-mapper event daemon FIFOs.
[[0;32m  OK  [0m] Listening on Device-mapper event daemon FIFOs.
[   30.057838] systemd[1]: Listening on LVM2 metadata daemon socket.
[[0;32m  OK  [0m] Listening on LVM2 metadata daemon socket.
[   30.301745] systemd[1]: Starting Monitoring of LVM2 mirrors, snapshots etc. using dmeventd or progress polling...
         Starting Monitoring of LVM2 mirrors... dmeventd or progress polling...
[   30.710059] systemd[1]: Created sliceUUser and Session Slice.
[[0;32m  OK  [0m] Created slice User and Session Slice.
[   30.829430] systemd[1]: Reached target Slices.
[[0;32m  OK  [0m] Reached target Slices.
[   30.869786] systemd[1]: Mounting Debug File System...
         Mounting Debug File System...
[   30.982063] systemd[1]: Starting Nameserver information manager...
         Starting Nameserver information manager...
[   31.266193] systemd[1]: Mounted Debug File System.
[[0;32m  OK  [0m] Mounted Debug File System.
[   31.373664] systemd[1]: Mounted Huge Pages File System.
[[0;32m  OK  [0m] Mounted Huge Pages File System.
[   31.493935] systemd[1]: Mounted POSIX Message Queue File System.
[[0;32m  OK  [0m] Mounted POSIX Message Queue File System.
[   31.673885] systemd[1]: Started Journal Service.
[[0;32m  OK  [0m] Started Journal Service.
[[0;32m  OK  [0m] Started Remount Root and Kernel File Systems.
[[0;32m  OK  [0m] Started Load Kernel Modules.
[[0;32m  OK  [0m] Started Set console keymap.
[[0;32m  OK  [0m] Started Uncomplicated firewall.
[[0;32m  OK  [0m] Started Create list of required sta...ce nodes for the current kernel.
[[0;32m  OK  [0m] Started Nameserver information manager.
[[0;32m  OK  [0m] Started LVM2 metadata daemon.
         Starting Create Static Device Nodes in /dev...
         Starting Apply Kernel Variables...
         Mounting FUSE Control File System...
         Starting udev Coldplug all Devices...
         Starting Load/Save Random Seed...
         Starting Initial cloud-init job (pre-networking)...
         Starting Flush Journal to Persistent Storage...
[[0;32m  OK  [0m] Mounted FUSE Control File System.
[[0;32m  OK  [0m] Started Monitoring of LVM2 mirrors,...ng dmeventd or progress polling.
[[0;32m  OK  [0m] Started Create Static Device Nodes in /dev.
[[0;32m  OK  [0m] Started Apply Kernel Variables.
[[0;32m  OK  [0m] Started Load/Save Random Seed.
[[0;32m  OK  [0m] Started udev Coldplug all Devices.
[[0;32m  OK  [0m] Started Flush Journal to Persistent Storage.
         Starting udev Kernel Device Manager...
[[0;32m  OK  [0m] Started udev Kernel Device Manager.
[[0;32m  OK  [0m] Started Dispatch Password Requests to Console Directory Watch.
[[0;32m  OK  [0m] Reached target Local File Systems (Pre).
[[0;32m  OK  [0m] Reached target Local File Systems.
         Starting Set console font and keymap...
         Starting Tell Plymouth To Write Out Runtime Data...
         Starting Create Volatile Files and Directories...
[   21.716548] cloud-init[462]: Cloud-init v. 0.7.9 running 'init-local' at Mon, 23 Oct 2017 09:53:42 +0000. Up 21.43 seconds.
         Starting LSB: AppArmor initialization...
[[0;32m  OK  [0m] Started Tell Plymouth To Write Out Runtime Data.
[[0;32m  OK  [0m] Started Create Volatile Files and Directories.
[[0;32m  OK  [0m] Started Initial cloud-init job (pre-networking).
[[0;32m  OK  [0m] Found device /dev/ttyS0.
[[0;32m  OK  [0m] Listening on Load/Save RF Kill Switch Status /dev/rfkill Watch.
[[0;32m  OK  [0m] Reached target Network (Pre).
[[0;32m  OK  [0m] Reached target System Time Synchronized.
         Starting Update UTMP about System Boot/Shutdown...
[[0;32m  OK  [0m] Started Set console font and keymap.
[[0;32m  OK  [0m] Started LSB: AppArmor initialization.
         Starting Raise network interfaces...
[[0;32m  OK  [0m] Started ifup for enp0s3.
[[0;32m  OK  [0m] Started ifup for enp0s8.
[[0;32m  OK  [0m] Created slice system-getty.slice.
[[0;32m  OK  [0m] Started Update UTMP about System Boot/Shutdown.
[[0;32m  OK  [0m] Started Raise network interfaces.
         Starting Initial cloud-init job (metadata service crawler)...
[[0;32m  OK  [0m] Reached target Network.
[   25.263871] cloud-init[1054]: Cloud-init v. 0.7.9 running 'init' at Mon, 23 Oct 2017 09:53:45 +0000. Up 25.01 seconds.
[[0;32m  OK  [0m] Started Initial cloud-init job (metadata service crawler).
[[0;32m  OK  [0m] Reached target Network is Online.
[   25.406894] cloud-init[1054]: ci-info: ++++++++++++++++++++++++++++++++++++++Net device info++++++++++++++++++++++++++++++++++++++
[   25.628805] cloud-init[1054]: ci-info: +--------+------+-----------------------------+---------------+-------+-------------------+
[   25.761143] cloud-init[1054]: ci-info: | Device |  Up  |           Address           |      Mask     | Scope |     Hw-Address    |
         Starting iSCSI initiator daemon (iscsid)...
[[0;32m  OK  [0m] Reached target System Initialization.
[[0;32m  OK  [0m] Started Daily Cleanup of Temporary Directories.
[   25.899220] cloud-init[1054]: ci-info: +--------+------+-----------------------------+---------------+-------+-------------------+
[   26.152375] cloud-init[1054]: ci-info: |   lo   | True |          127.0.0.1          |   255.0.0.0   |   .   |         .         |
[   26.189010] cloud-init[1054]: ci-info: |   lo   | True |           ::1/128           |       .       |  host |         .         |
[   26.256729] cloud-init[1054]: ci-info: | enp0s8 | True |        192.168.33.10        | 255.255.255.0 |   .   | 08:00:27:df:1a:4c |
[   26.384528] cloud-init[1054]: ci-info: | enp0s8 | True | fe80::a00:27ff:fedf:1a4c/64 |       .       |  link | 08:00:27:df:1a:4c |
[   26.516730] cloud-init[1054]: ci-info: | enp0s3 | True |          10.0.2.15          | 255.255.255.0 |   .   | 02:14:68:3e:84:47 |
[   26.644435] cloud-init[1054]: ci-info: | enp0s3 | True |  fe80::14:68ff:fe3e:8447/64 |       .       |  link | 02:14:68:3e:84:47 |
[[0;32m  OK  [0m] Started Timer to automatically refresh installed snaps.
[   26.767355]          cloud-initStarting Socket activation for snappy daemon.[1054]: 
ci-info: +--------+------+-----------------------------+---------------+-------+-------------------+
[   27.016496] [cloud-init[0;32m  OK  [0m[1054]: ] ci-info: ++++++++++++++++++++++++++++Route IPv4 info++++++++++++++++++++++++++++Started Timer to automatically fetch and run repair assertions.

[[0;32m  OK  [0m] Listening on UUID daemon activation socket.
[[0;32m  OK  [0m] Listening on D-Bus System Message Bus Socket.
[   27.016967] cloud-init[1054]: ci-info: +-------+--------------+----------+---------------+-----------+-------+
[   27.264411] [cloud-init[0;32m  OK  [0m[1054]: ] ci-info: | Route | Destination  | Gateway  |    Genmask    | Interface | Flags |Started Daily apt download activities.

[[0;32m  OK  [0m] Started Daily apt upgrade and clean activities.
[[0;32m  OK  [0m] Reached target Timers.
[   27.264828] cloud-init[1054]: ci-info: +-------+--------------+----------+---------------+-----------+-------+
[   27.649038] [cloud-init[0;32m  OK  [0m[1054]: ] ci-info: |   0   |   0.0.0.0    | 10.0.2.2 |    0.0.0.0    |   enp0s3  |   UG  |Listening on ACPID Listen Socket.

[   27.784759]          cloud-initStarting LXD - unix socket.[1054]: 
ci-info: |   1   |   10.0.2.0   | 0.0.0.0  | 255.255.255.0 |   enp0s3  |   U   |
[   27.936771] [cloud-init[0;32m  OK  [0m[1054]: ] ci-info: |   2   | 192.168.33.0 | 0.0.0.0  | 255.255.255.0 |   enp0s8  |   U   |Started ACPI Events Check.

[   28.096522] [cloud-init[0;32m  OK  [0m[1054]: ] ci-info: +-------+--------------+----------+---------------+-----------+-------+Reached target Paths.

[[0;32m  OK  [0m] Reached target Cloud-config availability.
[[0;32m  OK  [0m] Listening on Socket activation for snappy daemon.
[[0;32m  OK  [0m] Listening on LXD - unix socket.
[[0;32m  OK  [0m] Started iSCSI initiator daemon (iscsid).
         Starting Login to default iSCSI targets...
[[0;32m  OK  [0m] Reached target Sockets.
[[0;32m  OK  [0m] Reached target Basic System.
         Starting Accounts Service...
         Starting LSB: Record successful boot for GRUB...
[[0;32m  OK  [0m] Started FUSE filesystem for LXC.
[[0;32m  OK  [0m] Started Deferred execution scheduler.
[[0;32m  OK  [0m] Started Unattended Upgrades Shutdown.
         Starting Login Service...
         Starting LXD - container startup/shutdown...
[[0;32m  OK  [0m] Started Regular background program processing daemon.
         Starting System Logging Service...
         Starting Snappy daemon...
         Starting Apply the settings specified in cloud-config...
         Starting /etc/rc.local Compatibility...
         Starting OpenBSD Secure Shell server...
[[0;32m  OK  [0m] Started D-Bus System Message Bus.
[[0;32m  OK  [0m] Started ACPI event daemon.
[   29.318649] cloud-init[1150]: Cloud-init v. 0.7.9 running 'modules:config' at Mon, 23 Oct 2017 09:53:49 +0000. Up 29.23 seconds.
         Starting LSB: MD monitoring daemon...
[[0;32m  OK  [0m] Started System Logging Service.
[[0;32m  OK  [0m] Started Snappy daemon.
[[0;32m  OK  [0m] Started OpenBSD Secure Shell server.
[[0;32m  OK  [0m] Started LXD - container startup/shutdown.
[[0;32m  OK  [0m] Started Apply the settings specified in cloud-config.
[[0;32m  OK  [0m] Started /etc/rc.local Compatibility.
[[0;32m  OK  [0m] Started Login to default iSCSI targets.
[[0;32m  OK  [0m] Started LSB: Record successful boot for GRUB.
[[0;32m  OK  [0m] Started LSB: MD monitoring daemon.
[[0;32m  OK  [0m] Started Login Service.
         Starting Authenticate and Authorize Users to Run Privileged Tasks...
[[0;32m  OK  [0m] Reached target Remote File Systems (Pre).
[[0;32m  OK  [0m] Reached target Remote File Systems.
         Starting LSB: daemon to balance interrupts for SMP systems...
         Starting LSB: Apache2 web server...
         Starting Permit User Sessions...
         Starting LSB: VirtualBox Linux Additions...
         Starting LSB: automatic crash report generation...
         Starting LSB: Set the CPU Frequency Scaling governor to "ondemand"...
         Starting Auto import assertions from block devices...
[[0;32m  OK  [0m] Started Permit User Sessions.
[[0;32m  OK  [0m] Started Auto import assertions from block devices.
[[0;32m  OK  [0m] Started Authenticate and Authorize Users to Run Privileged Tasks.
[[0;32m  OK  [0m] Started Accounts Service.
[[0;32m  OK  [0m] Started LSB: Set the CPU Frequency Scaling governor to "ondemand".
[[0;32m  OK  [0m] Started LSB: daemon to balance interrupts for SMP systems.
[[0;32m  OK  [0m] Started LSB: automatic crash report generation.
         Starting Terminate Plymouth Boot Screen...
         Starting Hold until boot process finishes up...
[[0;32m  OK  [0m] Started LSB: VirtualBox Linux Additions.
[[0;32m  OK  [0m] Started Terminate Plymouth Boot Screen.
[[0;32m  OK  [0m] Started Hold until boot process finishes up.
         Starting Set console scheme...
[[0;32m  OK  [0m] Started Serial Getty on ttyS0.
[[0;32m  OK  [0m] Started Getty on tty1.
[[0;32m  OK  [0m] Reached target Login Prompts.
[[0;32m  OK  [0m] Started Set console scheme.
[[0;32m  OK  [0m] Created slice User Slice of ubuntu.
[[0;32m  OK  [0m] Started LSB: Apache2 web server.
         Starting User Manager for UID 1000...
[[0;32m  OK  [0m] Reached target Multi-User System.
         Starting Execute cloud user/final scripts...
[[0;32m  OK  [0m] Reached target Graphical Interface.
         Starting Update UTMP about System Runlevel Changes...
[[0;32m  OK  [0m] Started User Manager for UID 1000.
[[0;32m  OK  [0m] Started Session 1 of user ubuntu.
[[0;32m  OK  [0m] Started Update UTMP about System Runlevel Changes.
[   32.332732] cloud-init[1377]: Cloud-init v. 0.7.9 running 'modules:final' at Mon, 23 Oct 2017 09:53:52 +0000. Up 32.19 seconds.
[   32.412508] cloud-init[1377]: Cloud-init v. 0.7.9 finished at Mon, 23 Oct 2017 09:53:52 +0000. Datasource DataSourceNoCloud [seed=/dev/sdb][dsmode=net].  Up 32.32 seconds
[[0;32m  OK  [0m] Started Execute cloud user/final scripts.
[[0;32m  OK  [0m] Reached target Cloud-init target.

Ubuntu 16.04.3 LTS ubuntu-xenial ttyS0

ubuntu-xenial login:          Stopping Authenticate and Authorize Users to Run Privileged Tasks...
         Stopping ACPI eve         Stopping LSB: automatic crash report generation...
         Stopping User Manager for UID 1000...
[[0;32m  OK  [0m] Closed Load/Save RF Kill Switch Status /dev/rfkill Watch.
         Stopping Unattended Upgrades Shutdown...
         Stopping FUSE filesystem for LXC...
         Stopping LSB: MD monitoring daemon...
[[0;32m  OK  [0m] Unmounted /var/lib/lxcfs.
[[0;32m  OK  [0m] Stopped Accounts Service.
[[0;32m  OK  [0m] Stopped Deferred execution scheduler.
[[0;32m  OK  [0m] Stopped Regular background program processing daemon.
[[0;32m  OK  [0m] Stopped System Logging Service.
[[0;32m  OK  [0m] Stopped Snappy daemon.
[[0;32m  OK  [0m] Stopped OpenBSD Secure Shell server.
[[0;32m  OK  [0m] Stopped ACPI event daemon.
[[0;32m  OK  [0m] Stopped Authenticate and Authorize Users to Run Privileged Tasks.
[[0;32m  OK  [0m] Stopped Serial Getty on ttyS0.
[[0;32m  OK  [0m] Stopped Getty on tty1.
[[0;32m  OK  [0m] Stopped User Manager for UID 1000.
[[0;32m  OK  [0m] Stopped Session 4 of user ubuntu.
[[0;32m  OK  [0m] Stopped D-Bus System Message Bus.
[[0;32m  OK  [0m] Stopped Unattended Upgrades Shutdown.
[[0;32m  OK  [0m] Stopped FUSE filesystem for LXC.
[[0;32m  OK  [0m] Stopped LSB: Set the CPU Frequency Scaling governor to "ondemand".
[[0;32m  OK  [0m] Stopped LSB: VirtualBox Linux Additions.
[[0;32m  OK  [0m] Stopped LSB: daemon to balance interrupts for SMP systems.
[[0;32m  OK  [0m] Stopped LSB: Record successful boot for GRUB.
[[0;32m  OK  [0m] Stopped LSB: automatic crash report generation.
[[0;32m  OK  [0m] Stopped LXD - container startup/shutdown.
[[0;32m  OK  [0m] Stopped LSB: MD monitoring daemon.
[[0;32m  OK  [0m] Removed slice User Slice of ubuntu.
         Stopping Login Service...
[[0;32m  OK  [0m] Removed slice system-getty.slice.
[[0;32m  OK  [0m] Stopped /etc/rc.local Compatibility.
[[0;32m  OK  [0m] Removed slice system-serial\x2dgetty.slice.
         Stopping Permit User Sessions...
[[0;32m  OK  [0m] Stopped Login Service.
[[0;32m  OK  [0m] Stopped Permit User Sessions.
[[0;32m  OK  [0m] Stopped target User and Group Name Lookups.
[[0;32m  OK  [0m] Stopped LSB: Apache2 web server.
[[0;32m  OK  [0m] Stopped target Remote File Systems.
[[0;32m  OK  [0m] Stopped target Remote File Systems (Pre).
         Stopping Login to default iSCSI targets...
[[0;32m  OK  [0m] Stopped target Basic System.
[[0;32m  OK  [0m] Stopped target Slices.
[[0;32m  OK  [0m] Removed slice User and Session Slice.
[[0;32m  OK  [0m] Stopped target Paths.
[[0;32m  OK  [0m] Stopped Forward Password Requests to Wall Directory Watch.
[[0;32m  OK  [0m] Stopped Dispatch Password Requests to Console Directory Watch.
[[0;32m  OK  [0m] Stopped ACPI Events Check.
[[0;32m  OK  [0m] Stopped target Sockets.
[[0;32m  OK  [0m] Closed LXD - unix socket.
[[0;32m  OK  [0m] Closed UUID daemon activation socket.
[[0;32m  OK  [0m] Closed Syslog Socket.
[[0;32m  OK  [0m] Closed Socket activation for snappy daemon.
[[0;32m  OK  [0m] Closed ACPID Listen Socket.
[[0;32m  OK  [0m] Closed D-Bus System Message Bus Socket.
[[0;32m  OK  [0m] Stopped target System Initialization.
[[0;32m  OK  [0m] Stopped target Encrypted Volumes.
[[0;32m  OK  [0m] Stopped target Swap.
[[0;32m  OK  [0m] Stopped Create Volatile Files and Directories.
         Stopping Load/Save Random Seed...
[[0;32m  OK  [0m] Stopped Load/Save Random Seed.
[[0;32m  OK  [0m] Stopped Login to default iSCSI targets.
         Stopping iSCSI initiator daemon (iscsid)...
[[0;32m  OK  [0m] Stopped iSCSI initiator daemon (iscsid).
[[0;32m  OK  [0m] Stopped target Network is Online.
[[0;32m  OK  [0m] Stopped Initial cloud-init job (metadata service crawler).
[[0;32m  OK  [0m] Stopped target Network.
         Stopping Raise network interfaces...
[[0;32m  OK  [0m] Stopped Raise network interfaces.
[[0;32m  OK  [0m] Stopped Apply Kernel Variables.
[[0;32m  OK  [0m] Stopped Load Kernel Modules.
[[0;32m  OK  [0m] Stopped target Local File Systems.
         Unmounting /vagrant...
         Unmounting /run/user/1000...
[[0;32m  OK  [0m] Stopped target Network (Pre).
[[0;32m  OK  [0m] Stopped Initial cloud-init job (pre-networking).
[[0;32m  OK  [0m] Unmounted /vagrant.
[[0;32m  OK  [0m] Unmounted /run/user/1000.
[[0;32m  OK  [0m] Reached target Unmount All Filesystems.
[[0;32m  OK  [0m] Stopped target Local File Systems (Pre).
[[0;32m  OK  [0m] Stopped Remount Root and Kernel File Systems.
         Stopping Monitoring of LVM2 mirrors... dmeventd or progress polling...
[[0;32m  OK  [0m] Stopped Create Static Device Nodes in /dev.
[[0;32m  OK  [0m] Reached target Shutdown.
[  391.815210] reboot: Power down